16:30:22 - Split Summary (Trip-Based):
16:30:22 -   Dev Set (70%): 9 trips, 3110 samples
16:30:22 -   Test Set (30%): 7 trips, 1573 samples
16:30:22 - Using device: cpu
16:30:22 - === Fold 1 ===
16:30:22 - Saved fold scaler parameters to D:\VSCode Data\Road Detection - Project Skripsi\ml_pipelines\evaluation\models\cnn_1d\scaler_params.json
16:30:57 -   [Epoch 01/50] Train Loss: 0.2434 | Val Loss: 0.1746
16:31:28 -   [Epoch 02/50] Train Loss: 0.1682 | Val Loss: 0.1204
16:32:02 -   [Epoch 03/50] Train Loss: 0.1497 | Val Loss: 0.0918
16:32:39 -   [Epoch 04/50] Train Loss: 0.1271 | Val Loss: 0.1030
16:33:16 -   [Epoch 05/50] Train Loss: 0.1183 | Val Loss: 0.1191
16:33:57 -   [Epoch 06/50] Train Loss: 0.1120 | Val Loss: 0.0953
16:34:40 -   [Epoch 07/50] Train Loss: 0.1024 | Val Loss: 0.0909
16:35:20 -   [Epoch 08/50] Train Loss: 0.1071 | Val Loss: 0.0870
16:35:58 -   [Epoch 09/50] Train Loss: 0.1146 | Val Loss: 0.1199
16:36:29 -   [Epoch 10/50] Train Loss: 0.1044 | Val Loss: 0.0816
16:37:03 -   [Epoch 11/50] Train Loss: 0.1022 | Val Loss: 0.1083
16:37:43 -   [Epoch 12/50] Train Loss: 0.1022 | Val Loss: 0.1073
16:38:21 -   [Epoch 13/50] Train Loss: 0.0942 | Val Loss: 0.0790
16:38:54 -   [Epoch 14/50] Train Loss: 0.0919 | Val Loss: 0.0834
16:39:29 -   [Epoch 15/50] Train Loss: 0.0951 | Val Loss: 0.0812
16:40:06 -   [Epoch 16/50] Train Loss: 0.0941 | Val Loss: 0.0871
16:40:41 -   [Epoch 17/50] Train Loss: 0.0853 | Val Loss: 0.0734
16:41:20 -   [Epoch 18/50] Train Loss: 0.0899 | Val Loss: 0.0855
16:41:58 -   [Epoch 19/50] Train Loss: 0.0815 | Val Loss: 0.0841
16:42:29 -   [Epoch 20/50] Train Loss: 0.0813 | Val Loss: 0.0632
16:43:03 -   [Epoch 21/50] Train Loss: 0.0836 | Val Loss: 0.1090
16:43:35 -   [Epoch 22/50] Train Loss: 0.0851 | Val Loss: 0.1085
16:44:07 -   [Epoch 23/50] Train Loss: 0.0780 | Val Loss: 0.0819
16:44:39 -   [Epoch 24/50] Train Loss: 0.0739 | Val Loss: 0.0658
16:45:17 -   [Epoch 25/50] Train Loss: 0.0732 | Val Loss: 0.1216
16:45:50 -   [Epoch 26/50] Train Loss: 0.0685 | Val Loss: 0.1097
16:46:25 -   [Epoch 27/50] Train Loss: 0.0725 | Val Loss: 0.0785
16:46:59 -   [Epoch 28/50] Train Loss: 0.0744 | Val Loss: 0.0742
16:47:33 -   [Epoch 29/50] Train Loss: 0.0653 | Val Loss: 0.0950
16:48:08 -   [Epoch 30/50] Train Loss: 0.0680 | Val Loss: 0.0753
16:48:45 -   [Epoch 31/50] Train Loss: 0.0661 | Val Loss: 0.0702
16:49:23 -   [Epoch 32/50] Train Loss: 0.0570 | Val Loss: 0.0795
16:49:59 -   [Epoch 33/50] Train Loss: 0.0569 | Val Loss: 0.0838
16:50:35 -   [Epoch 34/50] Train Loss: 0.0604 | Val Loss: 0.0813
16:51:13 -   [Epoch 35/50] Train Loss: 0.0550 | Val Loss: 0.0757
16:51:51 -   [Epoch 36/50] Train Loss: 0.0492 | Val Loss: 0.0756
16:52:26 -   [Epoch 37/50] Train Loss: 0.0569 | Val Loss: 0.0795
16:53:00 -   [Epoch 38/50] Train Loss: 0.0542 | Val Loss: 0.0938
16:53:35 -   [Epoch 39/50] Train Loss: 0.0525 | Val Loss: 0.0865
16:54:11 -   [Epoch 40/50] Train Loss: 0.0474 | Val Loss: 0.0719
16:54:44 -   [Epoch 41/50] Train Loss: 0.0486 | Val Loss: 0.0868
16:55:23 -   [Epoch 42/50] Train Loss: 0.0504 | Val Loss: 0.0749
16:56:04 -   [Epoch 43/50] Train Loss: 0.0485 | Val Loss: 0.0789
16:56:41 -   [Epoch 44/50] Train Loss: 0.0445 | Val Loss: 0.0780
16:57:15 -   [Epoch 45/50] Train Loss: 0.0473 | Val Loss: 0.0810
16:57:48 -   [Epoch 46/50] Train Loss: 0.0455 | Val Loss: 0.0782
16:58:24 -   [Epoch 47/50] Train Loss: 0.0440 | Val Loss: 0.0830
16:58:54 -   [Epoch 48/50] Train Loss: 0.0470 | Val Loss: 0.0787
16:59:24 -   [Epoch 49/50] Train Loss: 0.0408 | Val Loss: 0.0807
16:59:55 -   [Epoch 50/50] Train Loss: 0.0446 | Val Loss: 0.0817
17:00:01 - Fold 1 Best Val Loss: 0.0719 @ Epoch 40 | Val Pothole F1: 0.5167 | Val PR-AUC: 0.6207
17:00:01 - === Fold 2 ===
17:00:41 -   [Epoch 01/50] Train Loss: 0.2087 | Val Loss: 0.1490
17:01:31 -   [Epoch 02/50] Train Loss: 0.1556 | Val Loss: 0.1287
17:02:26 -   [Epoch 03/50] Train Loss: 0.1341 | Val Loss: 0.1281
17:03:03 -   [Epoch 04/50] Train Loss: 0.1186 | Val Loss: 0.1231
17:03:38 -   [Epoch 05/50] Train Loss: 0.1170 | Val Loss: 0.1028
17:04:13 -   [Epoch 06/50] Train Loss: 0.1071 | Val Loss: 0.1149
17:04:46 -   [Epoch 07/50] Train Loss: 0.1149 | Val Loss: 0.1176
17:05:20 -   [Epoch 08/50] Train Loss: 0.1076 | Val Loss: 0.1978
17:05:56 -   [Epoch 09/50] Train Loss: 0.1084 | Val Loss: 0.1175
17:06:38 -   [Epoch 10/50] Train Loss: 0.0973 | Val Loss: 0.1050
17:07:21 -   [Epoch 11/50] Train Loss: 0.1064 | Val Loss: 0.1040
17:08:02 -   [Epoch 12/50] Train Loss: 0.0912 | Val Loss: 0.0977
17:08:41 -   [Epoch 13/50] Train Loss: 0.0949 | Val Loss: 0.0970
17:09:23 -   [Epoch 14/50] Train Loss: 0.0870 | Val Loss: 0.1208
17:10:07 -   [Epoch 15/50] Train Loss: 0.0894 | Val Loss: 0.0985
17:10:42 -   [Epoch 16/50] Train Loss: 0.0862 | Val Loss: 0.0856
17:11:21 -   [Epoch 17/50] Train Loss: 0.0809 | Val Loss: 0.1172
17:12:16 -   [Epoch 18/50] Train Loss: 0.0854 | Val Loss: 0.0962
17:12:53 -   [Epoch 19/50] Train Loss: 0.0797 | Val Loss: 0.0881
17:13:34 -   [Epoch 20/50] Train Loss: 0.0803 | Val Loss: 0.1118
17:14:11 -   [Epoch 21/50] Train Loss: 0.0824 | Val Loss: 0.0928
17:14:46 -   [Epoch 22/50] Train Loss: 0.0803 | Val Loss: 0.1097
17:15:35 -   [Epoch 23/50] Train Loss: 0.0692 | Val Loss: 0.0889
17:16:12 -   [Epoch 24/50] Train Loss: 0.0725 | Val Loss: 0.0862
17:16:47 -   [Epoch 25/50] Train Loss: 0.0730 | Val Loss: 0.0861
17:17:24 -   [Epoch 26/50] Train Loss: 0.0744 | Val Loss: 0.0926
17:18:04 -   [Epoch 27/50] Train Loss: 0.0659 | Val Loss: 0.0947
17:18:39 -   [Epoch 28/50] Train Loss: 0.0692 | Val Loss: 0.0826
17:19:14 -   [Epoch 29/50] Train Loss: 0.0625 | Val Loss: 0.0822
17:19:51 -   [Epoch 30/50] Train Loss: 0.0675 | Val Loss: 0.1045
17:20:29 -   [Epoch 31/50] Train Loss: 0.0667 | Val Loss: 0.0838
17:21:02 -   [Epoch 32/50] Train Loss: 0.0604 | Val Loss: 0.1078
17:21:37 -   [Epoch 33/50] Train Loss: 0.0611 | Val Loss: 0.0845
17:22:15 -   [Epoch 34/50] Train Loss: 0.0554 | Val Loss: 0.0916
17:22:47 -   [Epoch 35/50] Train Loss: 0.0539 | Val Loss: 0.0986
17:23:21 -   [Epoch 36/50] Train Loss: 0.0535 | Val Loss: 0.0804
17:23:55 -   [Epoch 37/50] Train Loss: 0.0595 | Val Loss: 0.0919
17:24:30 -   [Epoch 38/50] Train Loss: 0.0545 | Val Loss: 0.0918
17:25:05 -   [Epoch 39/50] Train Loss: 0.0500 | Val Loss: 0.0840
17:25:40 -   [Epoch 40/50] Train Loss: 0.0498 | Val Loss: 0.0833
17:26:19 -   [Epoch 41/50] Train Loss: 0.0501 | Val Loss: 0.0982
17:26:59 -   [Epoch 42/50] Train Loss: 0.0503 | Val Loss: 0.0825
17:27:34 -   [Epoch 43/50] Train Loss: 0.0465 | Val Loss: 0.0855
17:28:08 -   [Epoch 44/50] Train Loss: 0.0419 | Val Loss: 0.0790
17:28:41 -   [Epoch 45/50] Train Loss: 0.0469 | Val Loss: 0.0821
17:29:13 -   [Epoch 46/50] Train Loss: 0.0433 | Val Loss: 0.0878
17:29:43 -   [Epoch 47/50] Train Loss: 0.0427 | Val Loss: 0.0875
17:30:12 -   [Epoch 48/50] Train Loss: 0.0397 | Val Loss: 0.0825
17:30:42 -   [Epoch 49/50] Train Loss: 0.0431 | Val Loss: 0.0872
17:31:10 -   [Epoch 50/50] Train Loss: 0.0430 | Val Loss: 0.0877
17:31:13 - Fold 2 Best Val Loss: 0.0825 @ Epoch 42 | Val Pothole F1: 0.7358 | Val PR-AUC: 0.7542
17:31:13 - === Fold 3 ===
17:31:43 -   [Epoch 01/50] Train Loss: 0.1904 | Val Loss: 0.1953
17:32:19 -   [Epoch 02/50] Train Loss: 0.1478 | Val Loss: 0.1796
17:32:54 -   [Epoch 03/50] Train Loss: 0.1342 | Val Loss: 0.1872
17:33:31 -   [Epoch 04/50] Train Loss: 0.1195 | Val Loss: 0.2512
17:34:11 -   [Epoch 05/50] Train Loss: 0.1024 | Val Loss: 0.1728
17:34:46 -   [Epoch 06/50] Train Loss: 0.1049 | Val Loss: 0.1877
17:35:22 -   [Epoch 07/50] Train Loss: 0.0973 | Val Loss: 0.1838
17:35:57 -   [Epoch 08/50] Train Loss: 0.0980 | Val Loss: 0.1574
17:36:30 -   [Epoch 09/50] Train Loss: 0.1013 | Val Loss: 0.1658
17:37:06 -   [Epoch 10/50] Train Loss: 0.0991 | Val Loss: 0.2094
17:37:34 -   [Epoch 11/50] Train Loss: 0.0964 | Val Loss: 0.1427
17:38:15 -   [Epoch 12/50] Train Loss: 0.0882 | Val Loss: 0.1686
17:39:02 -   [Epoch 13/50] Train Loss: 0.0965 | Val Loss: 0.1410
17:40:12 -   [Epoch 14/50] Train Loss: 0.0857 | Val Loss: 0.1761
17:41:22 -   [Epoch 15/50] Train Loss: 0.0866 | Val Loss: 0.1481
17:42:25 -   [Epoch 16/50] Train Loss: 0.0805 | Val Loss: 0.1503
17:43:34 -   [Epoch 17/50] Train Loss: 0.0857 | Val Loss: 0.2075
17:44:46 -   [Epoch 18/50] Train Loss: 0.0849 | Val Loss: 0.1470
17:45:59 -   [Epoch 19/50] Train Loss: 0.0874 | Val Loss: 0.1391
17:47:09 -   [Epoch 20/50] Train Loss: 0.0774 | Val Loss: 0.1454
17:48:13 -   [Epoch 21/50] Train Loss: 0.0763 | Val Loss: 0.1398
17:49:16 -   [Epoch 22/50] Train Loss: 0.0812 | Val Loss: 0.1251
17:50:19 -   [Epoch 23/50] Train Loss: 0.0758 | Val Loss: 0.1378
17:51:27 -   [Epoch 24/50] Train Loss: 0.0677 | Val Loss: 0.1203
17:52:35 -   [Epoch 25/50] Train Loss: 0.0693 | Val Loss: 0.1342
17:53:34 -   [Epoch 26/50] Train Loss: 0.0699 | Val Loss: 0.1297
17:54:34 -   [Epoch 27/50] Train Loss: 0.0665 | Val Loss: 0.1490
17:55:37 -   [Epoch 28/50] Train Loss: 0.0703 | Val Loss: 0.1160
17:56:48 -   [Epoch 29/50] Train Loss: 0.0575 | Val Loss: 0.1236
17:58:08 -   [Epoch 30/50] Train Loss: 0.0720 | Val Loss: 0.1326
17:59:27 -   [Epoch 31/50] Train Loss: 0.0672 | Val Loss: 0.1367
18:00:43 -   [Epoch 32/50] Train Loss: 0.0579 | Val Loss: 0.1370
18:02:02 -   [Epoch 33/50] Train Loss: 0.0578 | Val Loss: 0.1208
18:03:19 -   [Epoch 34/50] Train Loss: 0.0511 | Val Loss: 0.1216
18:04:37 -   [Epoch 35/50] Train Loss: 0.0519 | Val Loss: 0.1115
18:05:55 -   [Epoch 36/50] Train Loss: 0.0471 | Val Loss: 0.1331
18:07:10 -   [Epoch 37/50] Train Loss: 0.0498 | Val Loss: 0.1348
18:08:10 -   [Epoch 38/50] Train Loss: 0.0513 | Val Loss: 0.1298
18:09:09 -   [Epoch 39/50] Train Loss: 0.0503 | Val Loss: 0.1251
18:10:08 -   [Epoch 40/50] Train Loss: 0.0410 | Val Loss: 0.1240
18:11:06 -   [Epoch 41/50] Train Loss: 0.0458 | Val Loss: 0.1221
18:12:05 -   [Epoch 42/50] Train Loss: 0.0415 | Val Loss: 0.1096
18:13:04 -   [Epoch 43/50] Train Loss: 0.0419 | Val Loss: 0.1172
18:14:01 -   [Epoch 44/50] Train Loss: 0.0397 | Val Loss: 0.1194
18:15:00 -   [Epoch 45/50] Train Loss: 0.0405 | Val Loss: 0.1180
18:15:58 -   [Epoch 46/50] Train Loss: 0.0391 | Val Loss: 0.1176
18:17:10 -   [Epoch 47/50] Train Loss: 0.0380 | Val Loss: 0.1198
18:18:10 -   [Epoch 48/50] Train Loss: 0.0420 | Val Loss: 0.1223
18:19:01 -   [Epoch 49/50] Train Loss: 0.0362 | Val Loss: 0.1193
18:19:40 -   [Epoch 50/50] Train Loss: 0.0363 | Val Loss: 0.1198
18:19:45 - Fold 3 Best Val Loss: 0.1216 @ Epoch 34 | Val Pothole F1: 0.5793 | Val PR-AUC: 0.6984
18:19:45 - Average Pothole F1: 0.6106 | Average PR-AUC: 0.6911
18:19:45 - Best epochs per fold: [40, 42, 34] | Optimal Epoch Average: 39
18:19:45 - Confusion matrix disimpan di D:\VSCode Data\Road Detection - Project Skripsi\ml_pipelines\evaluation\reports\cnn_1d\cnn_1d_confusion_matrix_oof.png
18:19:45 - OOF predictions disimpan untuk analisis ulang.
18:19:45 - Saved final global scaler parameters to D:\VSCode Data\Road Detection - Project Skripsi\ml_pipelines\evaluation\models\cnn_1d\cnn_1d_scaler_params.json
18:19:45 - Melatih final model dengan seluruh dataset sebanyak 39 epoch...
18:50:07 - Model final PyTorch disimpan di D:\VSCode Data\Road Detection - Project Skripsi\ml_pipelines\evaluation\models\cnn_1d\cnn_1d_model.pth
18:50:07 - Mengevaluasi model final pada Holdout Test Set (30%)...
18:50:13 - Holdout Test confusion matrix disimpan di D:\VSCode Data\Road Detection - Project Skripsi\ml_pipelines\evaluation\reports\cnn_1d\cnn_1d_confusion_matrix_holdout.png
18:50:13 - ONNX export is now handled exclusively by export_onnx.py to ensure MobileInferenceWrapper is applied.
18:50:13 - Please run `python src/cnn_model/export_onnx.py` manually after training.
------------------------------------------------------------

============================================================
      OOF REPORT      
============================================================
              precision    recall  f1-score   support

   Non-Event       0.94      0.98      0.96      2674
     Pothole       0.70      0.57      0.63       252
  Speed Bump       0.90      0.69      0.78       184

    accuracy                           0.93      3110
   macro avg       0.85      0.75      0.79      3110
weighted avg       0.92      0.93      0.92      3110

------------------------------------------------------------
        CONFUSION MATRIX (Out-of-Fold)
------------------------------------------------------------
               Non-Event     Pothole  Speed Bump
------------------------------------------------
   Non-Event        2610          51          13
     Pothole         107         144           1
  Speed Bump          46          11         127
============================================================

============================================================
     HOLDOUT TEST     
============================================================
              precision    recall  f1-score   support

   Non-Event       0.97      0.99      0.98      1423
     Pothole       0.76      0.60      0.67        91
  Speed Bump       0.84      0.71      0.77        59

    accuracy                           0.96      1573
   macro avg       0.86      0.77      0.81      1573
weighted avg       0.95      0.96      0.95      1573

============================================================

