------------------------------------------------------------

============================================================
      OOF REPORT      
============================================================
              precision    recall  f1-score   support

   Non-Event       0.96      0.95      0.96      2761
     Pothole       0.59      0.70      0.64       254
  Speed Bump       0.76      0.78      0.77       186

    accuracy                           0.92      3201
   macro avg       0.77      0.81      0.79      3201
weighted avg       0.92      0.92      0.92      3201

------------------------------------------------------------
        CONFUSION MATRIX (Out-of-Fold)
------------------------------------------------------------
               Non-Event     Pothole  Speed Bump
------------------------------------------------
   Non-Event        2611         117          33
     Pothole          63         179          12
  Speed Bump          32           8         146
============================================================

============================================================
     HOLDOUT TEST     
============================================================
              precision    recall  f1-score   support

   Non-Event       0.97      0.99      0.98      1333
     Pothole       0.78      0.55      0.65        93
  Speed Bump       0.77      0.78      0.77        59

    accuracy                           0.95      1485
   macro avg       0.84      0.77      0.80      1485
weighted avg       0.95      0.95      0.95      1485

============================================================

