06:08:29 - Split Summary (Trip-Based):
06:08:29 -   Dev Set (70%): 9 trips, 3110 samples
06:08:29 -   Test Set (30%): 7 trips, 1573 samples
06:08:29 - Using device: cpu
06:08:29 - === Fold 1 ===
06:08:30 - Saved fold scaler parameters to D:\VSCode Data\Road Detection - Project Skripsi\ml_pipelines\evaluation\models\cnn_1d\scaler_params.json
06:08:55 -   [Epoch 01/40] Train Loss: 0.0890 | Val Loss: 0.0619
06:09:23 -   [Epoch 02/40] Train Loss: 0.0660 | Val Loss: 0.0586
06:09:46 -   [Epoch 03/40] Train Loss: 0.0708 | Val Loss: 0.0551
06:10:02 -   [Epoch 04/40] Train Loss: 0.0611 | Val Loss: 0.0582
06:10:18 -   [Epoch 05/40] Train Loss: 0.0586 | Val Loss: 0.0655
06:10:34 -   [Epoch 06/40] Train Loss: 0.0567 | Val Loss: 0.0535
06:10:50 -   [Epoch 07/40] Train Loss: 0.0522 | Val Loss: 0.0566
06:11:05 -   [Epoch 08/40] Train Loss: 0.0495 | Val Loss: 0.0577
06:11:21 -   [Epoch 09/40] Train Loss: 0.0487 | Val Loss: 0.0520
06:11:37 -   [Epoch 10/40] Train Loss: 0.0447 | Val Loss: 0.0519
06:11:53 -   [Epoch 11/40] Train Loss: 0.0447 | Val Loss: 0.0731
06:12:09 -   [Epoch 12/40] Train Loss: 0.0437 | Val Loss: 0.0544
06:12:25 -   [Epoch 13/40] Train Loss: 0.0422 | Val Loss: 0.0533
06:12:41 -   [Epoch 14/40] Train Loss: 0.0350 | Val Loss: 0.0554
06:12:57 -   [Epoch 15/40] Train Loss: 0.0306 | Val Loss: 0.0564
06:13:13 -   [Epoch 16/40] Train Loss: 0.0270 | Val Loss: 0.0549
06:13:29 -   [Epoch 17/40] Train Loss: 0.0267 | Val Loss: 0.0609
06:13:45 -   [Epoch 18/40] Train Loss: 0.0236 | Val Loss: 0.0608
06:14:01 -   [Epoch 19/40] Train Loss: 0.0231 | Val Loss: 0.0506
06:14:17 -   [Epoch 20/40] Train Loss: 0.0252 | Val Loss: 0.0730
06:14:33 -   [Epoch 21/40] Train Loss: 0.0256 | Val Loss: 0.0494
06:14:49 -   [Epoch 22/40] Train Loss: 0.0214 | Val Loss: 0.0945
06:15:05 -   [Epoch 23/40] Train Loss: 0.0165 | Val Loss: 0.0537
06:15:21 -   [Epoch 24/40] Train Loss: 0.0236 | Val Loss: 0.0574
06:15:37 -   [Epoch 25/40] Train Loss: 0.0131 | Val Loss: 0.0463
06:15:52 -   [Epoch 26/40] Train Loss: 0.0150 | Val Loss: 0.0781
06:16:08 -   [Epoch 27/40] Train Loss: 0.0165 | Val Loss: 0.0624
06:16:24 -   [Epoch 28/40] Train Loss: 0.0171 | Val Loss: 0.0490
06:16:40 -   [Epoch 29/40] Train Loss: 0.0100 | Val Loss: 0.0557
06:16:56 -   [Epoch 30/40] Train Loss: 0.0140 | Val Loss: 0.0658
06:17:12 -   [Epoch 31/40] Train Loss: 0.0150 | Val Loss: 0.0500
06:17:28 -   [Epoch 32/40] Train Loss: 0.0138 | Val Loss: 0.0553
06:17:44 -   [Epoch 33/40] Train Loss: 0.0094 | Val Loss: 0.0551
06:18:00 -   [Epoch 34/40] Train Loss: 0.0117 | Val Loss: 0.0532
06:18:17 -   [Epoch 35/40] Train Loss: 0.0126 | Val Loss: 0.0573
06:18:33 -   [Epoch 36/40] Train Loss: 0.0105 | Val Loss: 0.0499
06:18:51 -   [Epoch 37/40] Train Loss: 0.0112 | Val Loss: 0.0511
06:19:08 -   [Epoch 38/40] Train Loss: 0.0120 | Val Loss: 0.0513
06:19:23 -   [Epoch 39/40] Train Loss: 0.0127 | Val Loss: 0.0478
06:19:39 -   [Epoch 40/40] Train Loss: 0.0094 | Val Loss: 0.0473
06:19:41 - Fold 1 Best Val Loss: 0.0551 @ Epoch 33 | Val Pothole F1: 0.3077 | Val PR-AUC: 0.5399
06:19:41 - === Fold 2 ===
06:19:59 -   [Epoch 01/40] Train Loss: 0.0865 | Val Loss: 0.0673
06:20:24 -   [Epoch 02/40] Train Loss: 0.0715 | Val Loss: 0.0759
06:20:40 -   [Epoch 03/40] Train Loss: 0.0707 | Val Loss: 0.0815
06:20:57 -   [Epoch 04/40] Train Loss: 0.0595 | Val Loss: 0.0847
06:21:13 -   [Epoch 05/40] Train Loss: 0.0556 | Val Loss: 0.0632
06:21:30 -   [Epoch 06/40] Train Loss: 0.0533 | Val Loss: 0.0591
06:21:46 -   [Epoch 07/40] Train Loss: 0.0593 | Val Loss: 0.0981
06:22:03 -   [Epoch 08/40] Train Loss: 0.0472 | Val Loss: 0.0651
06:22:19 -   [Epoch 09/40] Train Loss: 0.0551 | Val Loss: 0.0789
06:22:36 -   [Epoch 10/40] Train Loss: 0.0473 | Val Loss: 0.0602
06:22:52 -   [Epoch 11/40] Train Loss: 0.0453 | Val Loss: 0.0771
06:23:09 -   [Epoch 12/40] Train Loss: 0.0389 | Val Loss: 0.0727
06:23:25 -   [Epoch 13/40] Train Loss: 0.0393 | Val Loss: 0.0487
06:23:41 -   [Epoch 14/40] Train Loss: 0.0268 | Val Loss: 0.1032
06:23:58 -   [Epoch 15/40] Train Loss: 0.0368 | Val Loss: 0.0565
06:24:15 -   [Epoch 16/40] Train Loss: 0.0318 | Val Loss: 0.0636
06:24:31 -   [Epoch 17/40] Train Loss: 0.0348 | Val Loss: 0.0500
06:24:48 -   [Epoch 18/40] Train Loss: 0.0296 | Val Loss: 0.0701
06:25:04 -   [Epoch 19/40] Train Loss: 0.0240 | Val Loss: 0.0731
06:25:20 -   [Epoch 20/40] Train Loss: 0.0211 | Val Loss: 0.0659
06:25:37 -   [Epoch 21/40] Train Loss: 0.0219 | Val Loss: 0.0553
06:25:53 -   [Epoch 22/40] Train Loss: 0.0261 | Val Loss: 0.0491
06:26:10 -   [Epoch 23/40] Train Loss: 0.0235 | Val Loss: 0.0578
06:26:26 -   [Epoch 24/40] Train Loss: 0.0199 | Val Loss: 0.0639
06:26:43 -   [Epoch 25/40] Train Loss: 0.0170 | Val Loss: 0.0546
06:26:59 -   [Epoch 26/40] Train Loss: 0.0174 | Val Loss: 0.0632
06:27:15 -   [Epoch 27/40] Train Loss: 0.0135 | Val Loss: 0.0621
06:27:33 -   [Epoch 28/40] Train Loss: 0.0173 | Val Loss: 0.0546
06:27:49 -   [Epoch 29/40] Train Loss: 0.0155 | Val Loss: 0.0544
06:28:06 -   [Epoch 30/40] Train Loss: 0.0163 | Val Loss: 0.0513
06:28:22 -   [Epoch 31/40] Train Loss: 0.0126 | Val Loss: 0.0611
06:28:38 -   [Epoch 32/40] Train Loss: 0.0120 | Val Loss: 0.0559
06:28:55 -   [Epoch 33/40] Train Loss: 0.0142 | Val Loss: 0.0647
06:29:12 -   [Epoch 34/40] Train Loss: 0.0141 | Val Loss: 0.0511
06:29:29 -   [Epoch 35/40] Train Loss: 0.0107 | Val Loss: 0.0508
06:29:45 -   [Epoch 36/40] Train Loss: 0.0119 | Val Loss: 0.0544
06:30:02 -   [Epoch 37/40] Train Loss: 0.0116 | Val Loss: 0.0581
06:30:19 -   [Epoch 38/40] Train Loss: 0.0128 | Val Loss: 0.0522
06:30:35 -   [Epoch 39/40] Train Loss: 0.0145 | Val Loss: 0.0568
06:30:55 -   [Epoch 40/40] Train Loss: 0.0104 | Val Loss: 0.0508
06:30:57 - Fold 2 Best Val Loss: 0.0522 @ Epoch 38 | Val Pothole F1: 0.3206 | Val PR-AUC: 0.7312
06:30:57 - === Fold 3 ===
06:31:14 -   [Epoch 01/40] Train Loss: 0.0687 | Val Loss: 0.0901
06:31:30 -   [Epoch 02/40] Train Loss: 0.0530 | Val Loss: 0.0723
06:31:46 -   [Epoch 03/40] Train Loss: 0.0512 | Val Loss: 0.0771
06:32:03 -   [Epoch 04/40] Train Loss: 0.0500 | Val Loss: 0.0692
06:32:19 -   [Epoch 05/40] Train Loss: 0.0440 | Val Loss: 0.0632
06:32:35 -   [Epoch 06/40] Train Loss: 0.0474 | Val Loss: 0.0705
06:32:52 -   [Epoch 07/40] Train Loss: 0.0424 | Val Loss: 0.0514
06:33:08 -   [Epoch 08/40] Train Loss: 0.0426 | Val Loss: 0.0575
06:33:25 -   [Epoch 09/40] Train Loss: 0.0420 | Val Loss: 0.0520
06:33:41 -   [Epoch 10/40] Train Loss: 0.0403 | Val Loss: 0.0491
06:33:57 -   [Epoch 11/40] Train Loss: 0.0404 | Val Loss: 0.0616
06:34:14 -   [Epoch 12/40] Train Loss: 0.0407 | Val Loss: 0.0479
06:34:30 -   [Epoch 13/40] Train Loss: 0.0333 | Val Loss: 0.0449
06:34:46 -   [Epoch 14/40] Train Loss: 0.0325 | Val Loss: 0.0364
06:35:02 -   [Epoch 15/40] Train Loss: 0.0263 | Val Loss: 0.0431
06:35:19 -   [Epoch 16/40] Train Loss: 0.0239 | Val Loss: 0.0515
06:35:36 -   [Epoch 17/40] Train Loss: 0.0242 | Val Loss: 0.0455
06:35:52 -   [Epoch 18/40] Train Loss: 0.0211 | Val Loss: 0.0412
06:36:09 -   [Epoch 19/40] Train Loss: 0.0175 | Val Loss: 0.0476
06:36:25 -   [Epoch 20/40] Train Loss: 0.0195 | Val Loss: 0.0527
06:36:42 -   [Epoch 21/40] Train Loss: 0.0186 | Val Loss: 0.0670
06:36:58 -   [Epoch 22/40] Train Loss: 0.0219 | Val Loss: 0.0486
06:37:15 -   [Epoch 23/40] Train Loss: 0.0177 | Val Loss: 0.0530
06:37:31 -   [Epoch 24/40] Train Loss: 0.0153 | Val Loss: 0.0382
06:37:47 -   [Epoch 25/40] Train Loss: 0.0196 | Val Loss: 0.0417
06:38:04 -   [Epoch 26/40] Train Loss: 0.0150 | Val Loss: 0.0332
06:38:21 -   [Epoch 27/40] Train Loss: 0.0143 | Val Loss: 0.0415
06:38:37 -   [Epoch 28/40] Train Loss: 0.0158 | Val Loss: 0.0358
06:38:54 -   [Epoch 29/40] Train Loss: 0.0122 | Val Loss: 0.0378
06:39:10 -   [Epoch 30/40] Train Loss: 0.0158 | Val Loss: 0.0489
06:39:26 -   [Epoch 31/40] Train Loss: 0.0146 | Val Loss: 0.0342
06:39:43 -   [Epoch 32/40] Train Loss: 0.0105 | Val Loss: 0.0412
06:39:59 -   [Epoch 33/40] Train Loss: 0.0117 | Val Loss: 0.0378
06:40:16 -   [Epoch 34/40] Train Loss: 0.0093 | Val Loss: 0.0359
06:40:32 -   [Epoch 35/40] Train Loss: 0.0072 | Val Loss: 0.0401
06:40:48 -   [Epoch 36/40] Train Loss: 0.0110 | Val Loss: 0.0378
06:41:04 -   [Epoch 37/40] Train Loss: 0.0065 | Val Loss: 0.0412
06:41:20 -   [Epoch 38/40] Train Loss: 0.0087 | Val Loss: 0.0405
06:41:37 -   [Epoch 39/40] Train Loss: 0.0089 | Val Loss: 0.0406
06:41:53 -   [Epoch 40/40] Train Loss: 0.0083 | Val Loss: 0.0448
06:41:55 - Fold 3 Best Val Loss: 0.0406 @ Epoch 39 | Val Pothole F1: 0.3788 | Val PR-AUC: 0.5046
06:41:55 - Average Pothole F1: 0.3357 | Average PR-AUC: 0.5919
06:41:55 - Best epochs per fold: [33, 38, 39] | Optimal Epoch Average: 37
06:41:56 - Confusion matrix disimpan di D:\VSCode Data\Road Detection - Project Skripsi\ml_pipelines\evaluation\reports\cnn_1d\cnn_1d_confusion_matrix_oof.png
06:41:56 - OOF predictions disimpan untuk analisis ulang.
06:41:56 - Saved final global scaler parameters to D:\VSCode Data\Road Detection - Project Skripsi\ml_pipelines\evaluation\models\cnn_1d\cnn_1d_scaler_params.json
06:41:56 - Melatih final model dengan seluruh dataset sebanyak 37 epoch...
06:55:22 - Model final PyTorch disimpan di D:\VSCode Data\Road Detection - Project Skripsi\ml_pipelines\evaluation\models\cnn_1d\cnn_1d_model.pth
06:55:22 - Mengevaluasi model final pada Holdout Test Set (30%)...
06:55:26 - Holdout Test confusion matrix disimpan di D:\VSCode Data\Road Detection - Project Skripsi\ml_pipelines\evaluation\reports\cnn_1d\cnn_1d_confusion_matrix_holdout.png
06:55:26 - ONNX export is now handled exclusively by export_onnx.py to ensure MobileInferenceWrapper is applied.
06:55:26 - Please run `python src/cnn_model/export_onnx.py` manually after training.
------------------------------------------------------------

============================================================
      OOF REPORT      
============================================================
              precision    recall  f1-score   support

   Non-Event       0.99      0.44      0.61      2674
     Pothole       0.21      0.88      0.33       252
  Speed Bump       0.19      0.85      0.31       184

    accuracy                           0.50      3110
   macro avg       0.46      0.73      0.42      3110
weighted avg       0.88      0.50      0.57      3110

------------------------------------------------------------
        CONFUSION MATRIX (Out-of-Fold)
------------------------------------------------------------
               Non-Event     Pothole  Speed Bump
------------------------------------------------
   Non-Event        1177         837         660
     Pothole           2         223          27
  Speed Bump           4          23         157
============================================================

============================================================
     HOLDOUT TEST     
============================================================
              precision    recall  f1-score   support

   Non-Event       1.00      0.48      0.65      1423
     Pothole       0.20      0.88      0.33        91
  Speed Bump       0.11      0.90      0.20        59

    accuracy                           0.52      1573
   macro avg       0.44      0.75      0.39      1573
weighted avg       0.92      0.52      0.62      1573

============================================================

