12:20:53 - Split Summary (Trip-Based):
12:20:53 -   Dev Set (70%): 9 trips, 3110 samples
12:20:53 -   Test Set (30%): 7 trips, 1573 samples
12:20:53 - Using device: cpu
12:20:53 - === Fold 1 ===
12:20:53 - Saved fold scaler parameters to D:\VSCode Data\Road Detection - Project Skripsi\ml_pipelines\evaluation\models\cnn_1d\scaler_params.json
12:21:23 -   [Epoch 01/40] Train Loss: 0.2169 | Val Loss: 0.1427
12:21:46 -   [Epoch 02/40] Train Loss: 0.1629 | Val Loss: 0.1112
12:22:11 -   [Epoch 03/40] Train Loss: 0.1492 | Val Loss: 0.1913
12:22:43 -   [Epoch 04/40] Train Loss: 0.1248 | Val Loss: 0.1098
12:23:11 -   [Epoch 05/40] Train Loss: 0.1168 | Val Loss: 0.0935
12:23:36 -   [Epoch 06/40] Train Loss: 0.1101 | Val Loss: 0.0937
12:24:01 -   [Epoch 07/40] Train Loss: 0.1021 | Val Loss: 0.0881
12:24:25 -   [Epoch 08/40] Train Loss: 0.0925 | Val Loss: 0.0854
12:24:50 -   [Epoch 09/40] Train Loss: 0.0995 | Val Loss: 0.0847
12:25:17 -   [Epoch 10/40] Train Loss: 0.0892 | Val Loss: 0.0922
12:25:44 -   [Epoch 11/40] Train Loss: 0.0898 | Val Loss: 0.1030
12:26:09 -   [Epoch 12/40] Train Loss: 0.0885 | Val Loss: 0.0814
12:26:32 -   [Epoch 13/40] Train Loss: 0.0808 | Val Loss: 0.0900
12:26:55 -   [Epoch 14/40] Train Loss: 0.0734 | Val Loss: 0.1058
12:27:19 -   [Epoch 15/40] Train Loss: 0.0747 | Val Loss: 0.0959
12:27:42 -   [Epoch 16/40] Train Loss: 0.0721 | Val Loss: 0.0991
12:28:06 -   [Epoch 17/40] Train Loss: 0.0654 | Val Loss: 0.0931
12:28:30 -   [Epoch 18/40] Train Loss: 0.0659 | Val Loss: 0.0899
12:28:53 -   [Epoch 19/40] Train Loss: 0.0600 | Val Loss: 0.0793
12:29:17 -   [Epoch 20/40] Train Loss: 0.0617 | Val Loss: 0.0958
12:29:40 -   [Epoch 21/40] Train Loss: 0.0585 | Val Loss: 0.0886
12:30:05 -   [Epoch 22/40] Train Loss: 0.0608 | Val Loss: 0.1202
12:30:28 -   [Epoch 23/40] Train Loss: 0.0589 | Val Loss: 0.1107
12:30:54 -   [Epoch 24/40] Train Loss: 0.0558 | Val Loss: 0.0896
12:31:18 -   [Epoch 25/40] Train Loss: 0.0494 | Val Loss: 0.1106
12:31:42 -   [Epoch 26/40] Train Loss: 0.0530 | Val Loss: 0.1143
12:32:06 -   [Epoch 27/40] Train Loss: 0.0508 | Val Loss: 0.1034
12:32:30 -   [Epoch 28/40] Train Loss: 0.0466 | Val Loss: 0.0954
12:32:55 -   [Epoch 29/40] Train Loss: 0.0419 | Val Loss: 0.0879
12:33:18 -   [Epoch 30/40] Train Loss: 0.0449 | Val Loss: 0.0991
12:33:42 -   [Epoch 31/40] Train Loss: 0.0478 | Val Loss: 0.0915
12:34:06 -   [Epoch 32/40] Train Loss: 0.0404 | Val Loss: 0.0931
12:34:29 -   [Epoch 33/40] Train Loss: 0.0383 | Val Loss: 0.0979
12:34:53 -   [Epoch 34/40] Train Loss: 0.0393 | Val Loss: 0.0985
12:35:16 -   [Epoch 35/40] Train Loss: 0.0398 | Val Loss: 0.1033
12:35:40 -   [Epoch 36/40] Train Loss: 0.0405 | Val Loss: 0.1017
12:36:04 -   [Epoch 37/40] Train Loss: 0.0424 | Val Loss: 0.0944
12:36:27 -   [Epoch 38/40] Train Loss: 0.0390 | Val Loss: 0.0972
12:36:52 -   [Epoch 39/40] Train Loss: 0.0375 | Val Loss: 0.0985
12:37:16 -   [Epoch 40/40] Train Loss: 0.0404 | Val Loss: 0.0963
12:37:19 - Fold 1 Best Val Loss: 0.0886 @ Epoch 21 | Val Pothole F1: 0.4808 | Val PR-AUC: 0.6096
12:37:19 - === Fold 2 ===
12:37:43 -   [Epoch 01/40] Train Loss: 0.2132 | Val Loss: 0.1520
12:38:07 -   [Epoch 02/40] Train Loss: 0.1594 | Val Loss: 0.1549
12:38:31 -   [Epoch 03/40] Train Loss: 0.1305 | Val Loss: 0.1507
12:38:55 -   [Epoch 04/40] Train Loss: 0.1155 | Val Loss: 0.1195
12:39:19 -   [Epoch 05/40] Train Loss: 0.1147 | Val Loss: 0.1040
12:39:43 -   [Epoch 06/40] Train Loss: 0.1028 | Val Loss: 0.0979
12:40:07 -   [Epoch 07/40] Train Loss: 0.1086 | Val Loss: 0.1585
12:40:31 -   [Epoch 08/40] Train Loss: 0.0943 | Val Loss: 0.0976
12:40:55 -   [Epoch 09/40] Train Loss: 0.0954 | Val Loss: 0.1111
12:41:18 -   [Epoch 10/40] Train Loss: 0.0884 | Val Loss: 0.0897
12:41:42 -   [Epoch 11/40] Train Loss: 0.0919 | Val Loss: 0.1187
12:42:06 -   [Epoch 12/40] Train Loss: 0.0816 | Val Loss: 0.0838
12:42:30 -   [Epoch 13/40] Train Loss: 0.0787 | Val Loss: 0.1004
12:42:54 -   [Epoch 14/40] Train Loss: 0.0693 | Val Loss: 0.1204
12:43:18 -   [Epoch 15/40] Train Loss: 0.0779 | Val Loss: 0.0908
12:43:42 -   [Epoch 16/40] Train Loss: 0.0752 | Val Loss: 0.0972
12:44:06 -   [Epoch 17/40] Train Loss: 0.0754 | Val Loss: 0.0930
12:44:31 -   [Epoch 18/40] Train Loss: 0.0705 | Val Loss: 0.0944
12:44:54 -   [Epoch 19/40] Train Loss: 0.0664 | Val Loss: 0.0859
12:45:19 -   [Epoch 20/40] Train Loss: 0.0613 | Val Loss: 0.0898
12:45:43 -   [Epoch 21/40] Train Loss: 0.0646 | Val Loss: 0.0844
12:46:08 -   [Epoch 22/40] Train Loss: 0.0631 | Val Loss: 0.0821
12:46:32 -   [Epoch 23/40] Train Loss: 0.0660 | Val Loss: 0.0817
12:46:56 -   [Epoch 24/40] Train Loss: 0.0597 | Val Loss: 0.0879
12:47:20 -   [Epoch 25/40] Train Loss: 0.0515 | Val Loss: 0.0854
12:47:44 -   [Epoch 26/40] Train Loss: 0.0558 | Val Loss: 0.0829
12:48:08 -   [Epoch 27/40] Train Loss: 0.0469 | Val Loss: 0.0967
12:48:33 -   [Epoch 28/40] Train Loss: 0.0506 | Val Loss: 0.0972
12:48:59 -   [Epoch 29/40] Train Loss: 0.0506 | Val Loss: 0.0823
12:49:25 -   [Epoch 30/40] Train Loss: 0.0503 | Val Loss: 0.0830
12:49:51 -   [Epoch 31/40] Train Loss: 0.0492 | Val Loss: 0.0871
12:50:17 -   [Epoch 32/40] Train Loss: 0.0424 | Val Loss: 0.0860
12:50:43 -   [Epoch 33/40] Train Loss: 0.0433 | Val Loss: 0.0890
12:51:10 -   [Epoch 34/40] Train Loss: 0.0448 | Val Loss: 0.0855
12:51:42 -   [Epoch 35/40] Train Loss: 0.0424 | Val Loss: 0.0848
12:52:17 -   [Epoch 36/40] Train Loss: 0.0429 | Val Loss: 0.0860
12:52:52 -   [Epoch 37/40] Train Loss: 0.0414 | Val Loss: 0.0870
12:53:31 -   [Epoch 38/40] Train Loss: 0.0413 | Val Loss: 0.0845
12:54:03 -   [Epoch 39/40] Train Loss: 0.0432 | Val Loss: 0.0865
12:54:35 -   [Epoch 40/40] Train Loss: 0.0410 | Val Loss: 0.0847
12:54:38 - Fold 2 Best Val Loss: 0.0830 @ Epoch 30 | Val Pothole F1: 0.7119 | Val PR-AUC: 0.7747
12:54:38 - === Fold 3 ===
12:55:09 -   [Epoch 01/40] Train Loss: 0.1821 | Val Loss: 0.2167
12:55:42 -   [Epoch 02/40] Train Loss: 0.1299 | Val Loss: 0.1819
12:56:13 -   [Epoch 03/40] Train Loss: 0.1140 | Val Loss: 0.1434
12:56:42 -   [Epoch 04/40] Train Loss: 0.1006 | Val Loss: 0.1547
12:57:12 -   [Epoch 05/40] Train Loss: 0.0991 | Val Loss: 0.1413
12:57:41 -   [Epoch 06/40] Train Loss: 0.0988 | Val Loss: 0.1418
12:58:17 -   [Epoch 07/40] Train Loss: 0.0892 | Val Loss: 0.1440
12:58:49 -   [Epoch 08/40] Train Loss: 0.0914 | Val Loss: 0.1305
12:59:21 -   [Epoch 09/40] Train Loss: 0.0870 | Val Loss: 0.1277
12:59:50 -   [Epoch 10/40] Train Loss: 0.0830 | Val Loss: 0.1233
13:00:17 -   [Epoch 11/40] Train Loss: 0.0813 | Val Loss: 0.1638
13:00:45 -   [Epoch 12/40] Train Loss: 0.0794 | Val Loss: 0.1656
13:01:15 -   [Epoch 13/40] Train Loss: 0.0767 | Val Loss: 0.1117
13:01:43 -   [Epoch 14/40] Train Loss: 0.0723 | Val Loss: 0.1237
13:02:12 -   [Epoch 15/40] Train Loss: 0.0737 | Val Loss: 0.1177
13:02:47 -   [Epoch 16/40] Train Loss: 0.0629 | Val Loss: 0.1565
13:03:18 -   [Epoch 17/40] Train Loss: 0.0609 | Val Loss: 0.1300
13:03:49 -   [Epoch 18/40] Train Loss: 0.0664 | Val Loss: 0.1293
13:04:20 -   [Epoch 19/40] Train Loss: 0.0545 | Val Loss: 0.1538
13:04:51 -   [Epoch 20/40] Train Loss: 0.0574 | Val Loss: 0.1738
13:05:22 -   [Epoch 21/40] Train Loss: 0.0537 | Val Loss: 0.1455
13:05:52 -   [Epoch 22/40] Train Loss: 0.0584 | Val Loss: 0.1272
13:06:23 -   [Epoch 23/40] Train Loss: 0.0504 | Val Loss: 0.1166
13:06:54 -   [Epoch 24/40] Train Loss: 0.0446 | Val Loss: 0.1277
13:07:26 -   [Epoch 25/40] Train Loss: 0.0571 | Val Loss: 0.1369
13:07:57 -   [Epoch 26/40] Train Loss: 0.0530 | Val Loss: 0.1524
13:08:30 -   [Epoch 27/40] Train Loss: 0.0477 | Val Loss: 0.1257
13:09:00 -   [Epoch 28/40] Train Loss: 0.0438 | Val Loss: 0.1411
13:09:31 -   [Epoch 29/40] Train Loss: 0.0412 | Val Loss: 0.1303
13:10:02 -   [Epoch 30/40] Train Loss: 0.0424 | Val Loss: 0.1424
13:10:32 -   [Epoch 31/40] Train Loss: 0.0413 | Val Loss: 0.1238
13:11:05 -   [Epoch 32/40] Train Loss: 0.0359 | Val Loss: 0.1334
13:11:35 -   [Epoch 33/40] Train Loss: 0.0397 | Val Loss: 0.1252
13:12:08 -   [Epoch 34/40] Train Loss: 0.0378 | Val Loss: 0.1326
13:12:39 -   [Epoch 35/40] Train Loss: 0.0321 | Val Loss: 0.1399
13:13:10 -   [Epoch 36/40] Train Loss: 0.0326 | Val Loss: 0.1316
13:13:41 -   [Epoch 37/40] Train Loss: 0.0338 | Val Loss: 0.1420
13:14:10 -   [Epoch 38/40] Train Loss: 0.0347 | Val Loss: 0.1360
13:14:38 -   [Epoch 39/40] Train Loss: 0.0363 | Val Loss: 0.1378
13:15:07 -   [Epoch 40/40] Train Loss: 0.0295 | Val Loss: 0.1321
13:15:10 - Fold 3 Best Val Loss: 0.1257 @ Epoch 27 | Val Pothole F1: 0.5211 | Val PR-AUC: 0.6655
13:15:10 - Average Pothole F1: 0.5713 | Average PR-AUC: 0.6833
13:15:10 - Best epochs per fold: [21, 30, 27] | Optimal Epoch Average: 26
13:15:10 - Confusion matrix disimpan di D:\VSCode Data\Road Detection - Project Skripsi\ml_pipelines\evaluation\reports\cnn_1d\cnn_1d_confusion_matrix_oof.png
13:15:10 - OOF predictions disimpan untuk analisis ulang.
13:15:10 - Saved final global scaler parameters to D:\VSCode Data\Road Detection - Project Skripsi\ml_pipelines\evaluation\models\cnn_1d\cnn_1d_scaler_params.json
13:15:10 - Melatih final model dengan seluruh dataset sebanyak 26 epoch...
13:30:17 - Model final PyTorch disimpan di D:\VSCode Data\Road Detection - Project Skripsi\ml_pipelines\evaluation\models\cnn_1d\cnn_1d_model.pth
13:30:17 - Mengevaluasi model final pada Holdout Test Set (30%)...
13:30:21 - Holdout Test confusion matrix disimpan di D:\VSCode Data\Road Detection - Project Skripsi\ml_pipelines\evaluation\reports\cnn_1d\cnn_1d_confusion_matrix_holdout.png
13:30:21 - ONNX export is now handled exclusively by export_onnx.py to ensure MobileInferenceWrapper is applied.
13:30:21 - Please run `python src/cnn_model/export_onnx.py` manually after training.
------------------------------------------------------------

============================================================
      OOF REPORT      
============================================================
              precision    recall  f1-score   support

   Non-Event       0.94      0.98      0.96      2674
     Pothole       0.73      0.50      0.59       252
  Speed Bump       0.84      0.66      0.74       184

    accuracy                           0.92      3110
   macro avg       0.84      0.71      0.76      3110
weighted avg       0.92      0.92      0.92      3110

------------------------------------------------------------
        CONFUSION MATRIX (Out-of-Fold)
------------------------------------------------------------
               Non-Event     Pothole  Speed Bump
------------------------------------------------
   Non-Event        2622          36          16
     Pothole         120         125           7
  Speed Bump          52          10         122
============================================================

============================================================
     HOLDOUT TEST     
============================================================
              precision    recall  f1-score   support

   Non-Event       0.97      0.99      0.98      1423
     Pothole       0.84      0.59      0.70        91
  Speed Bump       0.78      0.66      0.72        59

    accuracy                           0.95      1573
   macro avg       0.86      0.75      0.80      1573
weighted avg       0.95      0.95      0.95      1573

============================================================

