21:27:14 - No best_params.json found at D:\VSCode Data\Road Detection - Project Skripsi\ml_pipelines\src\cnn_model\Xbest_optuna_params.json. Using default parameters.
21:27:14 - Split Summary (Trip-Based):
21:27:14 -   Dev Set (80%): 11 trips, 3742 samples
21:27:14 -   Test Set (20%): 5 trips, 941 samples
21:27:14 - Using device: cpu
21:27:14 - === Fold 1 ===
21:27:33 -   [Epoch 01/50] Train Loss: 0.1998 | Val Loss: 0.1354 | Val Macro F1: 0.3845
21:27:51 -   [Epoch 02/50] Train Loss: 0.1509 | Val Loss: 0.1082 | Val Macro F1: 0.5551
21:28:13 -   [Epoch 03/50] Train Loss: 0.1210 | Val Loss: 0.0901 | Val Macro F1: 0.6912
21:28:32 -   [Epoch 04/50] Train Loss: 0.1076 | Val Loss: 0.1105 | Val Macro F1: 0.6192
21:28:51 -   [Epoch 05/50] Train Loss: 0.0993 | Val Loss: 0.1051 | Val Macro F1: 0.5775
21:29:12 -   [Epoch 06/50] Train Loss: 0.0927 | Val Loss: 0.0940 | Val Macro F1: 0.6202
21:29:35 -   [Epoch 07/50] Train Loss: 0.0944 | Val Loss: 0.0865 | Val Macro F1: 0.6271
21:30:01 -   [Epoch 08/50] Train Loss: 0.0895 | Val Loss: 0.0935 | Val Macro F1: 0.6522
21:30:21 -   [Epoch 09/50] Train Loss: 0.0831 | Val Loss: 0.0738 | Val Macro F1: 0.7578
21:30:40 -   [Epoch 10/50] Train Loss: 0.0816 | Val Loss: 0.0826 | Val Macro F1: 0.7659
21:31:00 -   [Epoch 11/50] Train Loss: 0.0831 | Val Loss: 0.0777 | Val Macro F1: 0.7672
21:31:21 -   [Epoch 12/50] Train Loss: 0.0849 | Val Loss: 0.0819 | Val Macro F1: 0.6802
21:31:40 -   [Epoch 13/50] Train Loss: 0.0759 | Val Loss: 0.0777 | Val Macro F1: 0.7595
21:32:01 -   [Epoch 14/50] Train Loss: 0.0771 | Val Loss: 0.0618 | Val Macro F1: 0.8217
21:32:21 -   [Epoch 15/50] Train Loss: 0.0761 | Val Loss: 0.0711 | Val Macro F1: 0.8051
21:32:41 -   [Epoch 16/50] Train Loss: 0.0676 | Val Loss: 0.1037 | Val Macro F1: 0.6403
21:33:00 -   [Epoch 17/50] Train Loss: 0.0641 | Val Loss: 0.0901 | Val Macro F1: 0.7242
21:33:21 -   [Epoch 18/50] Train Loss: 0.0575 | Val Loss: 0.0759 | Val Macro F1: 0.7816
21:33:44 -   [Epoch 19/50] Train Loss: 0.0668 | Val Loss: 0.0860 | Val Macro F1: 0.6909
21:34:06 -   [Epoch 20/50] Train Loss: 0.0635 | Val Loss: 0.0682 | Val Macro F1: 0.8071
21:34:25 -   [Epoch 21/50] Train Loss: 0.0581 | Val Loss: 0.0602 | Val Macro F1: 0.7912
21:34:46 -   [Epoch 22/50] Train Loss: 0.0595 | Val Loss: 0.0669 | Val Macro F1: 0.7904
21:35:09 -   [Epoch 23/50] Train Loss: 0.0513 | Val Loss: 0.0886 | Val Macro F1: 0.7416
21:35:31 -   [Epoch 24/50] Train Loss: 0.0570 | Val Loss: 0.0570 | Val Macro F1: 0.8321
21:35:57 -   [Epoch 25/50] Train Loss: 0.0526 | Val Loss: 0.0620 | Val Macro F1: 0.8222
21:36:23 -   [Epoch 26/50] Train Loss: 0.0574 | Val Loss: 0.0589 | Val Macro F1: 0.8402
21:36:47 -   [Epoch 27/50] Train Loss: 0.0481 | Val Loss: 0.0656 | Val Macro F1: 0.8326
21:37:14 -   [Epoch 28/50] Train Loss: 0.0473 | Val Loss: 0.0727 | Val Macro F1: 0.7962
21:37:37 -   [Epoch 29/50] Train Loss: 0.0477 | Val Loss: 0.0694 | Val Macro F1: 0.7575
21:38:01 -   [Epoch 30/50] Train Loss: 0.0432 | Val Loss: 0.0794 | Val Macro F1: 0.7216
21:38:28 -   [Epoch 31/50] Train Loss: 0.0481 | Val Loss: 0.0649 | Val Macro F1: 0.8349
21:38:54 -   [Epoch 32/50] Train Loss: 0.0465 | Val Loss: 0.0626 | Val Macro F1: 0.7928
21:39:17 -   [Epoch 33/50] Train Loss: 0.0426 | Val Loss: 0.0607 | Val Macro F1: 0.8025
21:39:36 -   [Epoch 34/50] Train Loss: 0.0396 | Val Loss: 0.0595 | Val Macro F1: 0.7944
21:39:54 -   [Epoch 35/50] Train Loss: 0.0391 | Val Loss: 0.0715 | Val Macro F1: 0.7805
21:40:15 -   [Epoch 36/50] Train Loss: 0.0365 | Val Loss: 0.0722 | Val Macro F1: 0.8050
21:40:40 -   [Epoch 37/50] Train Loss: 0.0398 | Val Loss: 0.1013 | Val Macro F1: 0.7533
21:41:04 -   [Epoch 38/50] Train Loss: 0.0328 | Val Loss: 0.0738 | Val Macro F1: 0.8067
21:41:30 -   [Epoch 39/50] Train Loss: 0.0366 | Val Loss: 0.0723 | Val Macro F1: 0.7818
21:41:58 -   [Epoch 40/50] Train Loss: 0.0359 | Val Loss: 0.0760 | Val Macro F1: 0.7999
21:42:23 -   [Epoch 41/50] Train Loss: 0.0337 | Val Loss: 0.0692 | Val Macro F1: 0.8128
21:42:49 -   [Epoch 42/50] Train Loss: 0.0308 | Val Loss: 0.0697 | Val Macro F1: 0.8035
21:43:15 -   [Epoch 43/50] Train Loss: 0.0325 | Val Loss: 0.0707 | Val Macro F1: 0.7868
21:43:41 -   [Epoch 44/50] Train Loss: 0.0311 | Val Loss: 0.0692 | Val Macro F1: 0.8224
21:44:07 -   [Epoch 45/50] Train Loss: 0.0326 | Val Loss: 0.0724 | Val Macro F1: 0.7874
21:44:31 -   [Epoch 46/50] Train Loss: 0.0327 | Val Loss: 0.0710 | Val Macro F1: 0.8111
21:44:49 -   [Epoch 47/50] Train Loss: 0.0346 | Val Loss: 0.0709 | Val Macro F1: 0.7902
21:45:08 -   [Epoch 48/50] Train Loss: 0.0283 | Val Loss: 0.0735 | Val Macro F1: 0.7972
21:45:26 -   [Epoch 49/50] Train Loss: 0.0316 | Val Loss: 0.0733 | Val Macro F1: 0.7810
21:45:45 -   [Epoch 50/50] Train Loss: 0.0303 | Val Loss: 0.0711 | Val Macro F1: 0.8006
21:45:46 - Fold 1 Best Val Loss: 0.0715 @ Epoch 35 | Val Pothole F1: 0.6299 | Val PR-AUC: 0.6549
21:45:46 - === Fold 2 ===
21:46:09 -   [Epoch 01/50] Train Loss: 0.1860 | Val Loss: 0.1075 | Val Macro F1: 0.3849
21:46:35 -   [Epoch 02/50] Train Loss: 0.1410 | Val Loss: 0.0946 | Val Macro F1: 0.6360
21:46:57 -   [Epoch 03/50] Train Loss: 0.1225 | Val Loss: 0.0969 | Val Macro F1: 0.6560
21:47:18 -   [Epoch 04/50] Train Loss: 0.1076 | Val Loss: 0.0784 | Val Macro F1: 0.6661
21:47:40 -   [Epoch 05/50] Train Loss: 0.1056 | Val Loss: 0.0649 | Val Macro F1: 0.7418
21:48:01 -   [Epoch 06/50] Train Loss: 0.1027 | Val Loss: 0.0697 | Val Macro F1: 0.7441
21:48:22 -   [Epoch 07/50] Train Loss: 0.0886 | Val Loss: 0.0619 | Val Macro F1: 0.7756
21:48:42 -   [Epoch 08/50] Train Loss: 0.0870 | Val Loss: 0.0707 | Val Macro F1: 0.6349
21:49:04 -   [Epoch 09/50] Train Loss: 0.0876 | Val Loss: 0.0578 | Val Macro F1: 0.7778
21:49:23 -   [Epoch 10/50] Train Loss: 0.0856 | Val Loss: 0.0755 | Val Macro F1: 0.7258
21:49:42 -   [Epoch 11/50] Train Loss: 0.0840 | Val Loss: 0.0631 | Val Macro F1: 0.7601
21:50:02 -   [Epoch 12/50] Train Loss: 0.0755 | Val Loss: 0.0642 | Val Macro F1: 0.7579
21:50:23 -   [Epoch 13/50] Train Loss: 0.0773 | Val Loss: 0.1424 | Val Macro F1: 0.4948
21:50:41 -   [Epoch 14/50] Train Loss: 0.0742 | Val Loss: 0.0806 | Val Macro F1: 0.6891
21:51:05 -   [Epoch 15/50] Train Loss: 0.0721 | Val Loss: 0.0609 | Val Macro F1: 0.7606
21:51:28 -   [Epoch 16/50] Train Loss: 0.0682 | Val Loss: 0.0611 | Val Macro F1: 0.7961
21:51:50 -   [Epoch 17/50] Train Loss: 0.0668 | Val Loss: 0.0528 | Val Macro F1: 0.8091
21:52:22 -   [Epoch 18/50] Train Loss: 0.0603 | Val Loss: 0.0488 | Val Macro F1: 0.8249
21:52:56 -   [Epoch 19/50] Train Loss: 0.0672 | Val Loss: 0.0488 | Val Macro F1: 0.8149
21:53:28 -   [Epoch 20/50] Train Loss: 0.0646 | Val Loss: 0.0633 | Val Macro F1: 0.7929
21:53:59 -   [Epoch 21/50] Train Loss: 0.0584 | Val Loss: 0.0431 | Val Macro F1: 0.8492
21:54:35 -   [Epoch 22/50] Train Loss: 0.0567 | Val Loss: 0.0470 | Val Macro F1: 0.8026
21:55:07 -   [Epoch 23/50] Train Loss: 0.0593 | Val Loss: 0.0914 | Val Macro F1: 0.7249
21:55:40 -   [Epoch 24/50] Train Loss: 0.0558 | Val Loss: 0.0431 | Val Macro F1: 0.8036
21:56:14 -   [Epoch 25/50] Train Loss: 0.0540 | Val Loss: 0.0460 | Val Macro F1: 0.8327
21:56:47 -   [Epoch 26/50] Train Loss: 0.0530 | Val Loss: 0.0521 | Val Macro F1: 0.7837
21:57:21 -   [Epoch 27/50] Train Loss: 0.0502 | Val Loss: 0.0523 | Val Macro F1: 0.8032
21:57:52 -   [Epoch 28/50] Train Loss: 0.0526 | Val Loss: 0.0722 | Val Macro F1: 0.7844
21:58:24 -   [Epoch 29/50] Train Loss: 0.0465 | Val Loss: 0.0631 | Val Macro F1: 0.8005
21:58:55 -   [Epoch 30/50] Train Loss: 0.0484 | Val Loss: 0.0587 | Val Macro F1: 0.7956
21:59:31 -   [Epoch 31/50] Train Loss: 0.0432 | Val Loss: 0.0705 | Val Macro F1: 0.7843
22:00:02 -   [Epoch 32/50] Train Loss: 0.0406 | Val Loss: 0.0462 | Val Macro F1: 0.8474
22:00:34 -   [Epoch 33/50] Train Loss: 0.0362 | Val Loss: 0.0491 | Val Macro F1: 0.8336
22:01:10 -   [Epoch 34/50] Train Loss: 0.0426 | Val Loss: 0.0498 | Val Macro F1: 0.8191
22:01:42 -   [Epoch 35/50] Train Loss: 0.0420 | Val Loss: 0.0532 | Val Macro F1: 0.8309
22:02:14 -   [Epoch 36/50] Train Loss: 0.0402 | Val Loss: 0.0735 | Val Macro F1: 0.7723
22:02:51 -   [Epoch 37/50] Train Loss: 0.0394 | Val Loss: 0.0626 | Val Macro F1: 0.7820
22:03:26 -   [Epoch 38/50] Train Loss: 0.0366 | Val Loss: 0.0667 | Val Macro F1: 0.7945
22:03:59 -   [Epoch 39/50] Train Loss: 0.0362 | Val Loss: 0.0465 | Val Macro F1: 0.8475
22:04:34 -   [Epoch 40/50] Train Loss: 0.0358 | Val Loss: 0.0540 | Val Macro F1: 0.8220
22:05:09 -   [Epoch 41/50] Train Loss: 0.0381 | Val Loss: 0.0546 | Val Macro F1: 0.7968
22:05:41 -   [Epoch 42/50] Train Loss: 0.0319 | Val Loss: 0.0473 | Val Macro F1: 0.8298
22:06:16 -   [Epoch 43/50] Train Loss: 0.0321 | Val Loss: 0.0526 | Val Macro F1: 0.7963
22:06:48 -   [Epoch 44/50] Train Loss: 0.0292 | Val Loss: 0.0531 | Val Macro F1: 0.7985
22:07:20 -   [Epoch 45/50] Train Loss: 0.0321 | Val Loss: 0.0500 | Val Macro F1: 0.8135
22:08:01 -   [Epoch 46/50] Train Loss: 0.0318 | Val Loss: 0.0541 | Val Macro F1: 0.8013
22:08:41 -   [Epoch 47/50] Train Loss: 0.0300 | Val Loss: 0.0499 | Val Macro F1: 0.8035
22:09:11 -   [Epoch 48/50] Train Loss: 0.0303 | Val Loss: 0.0507 | Val Macro F1: 0.8082
22:09:43 -   [Epoch 49/50] Train Loss: 0.0270 | Val Loss: 0.0495 | Val Macro F1: 0.8247
22:10:14 -   [Epoch 50/50] Train Loss: 0.0293 | Val Loss: 0.0494 | Val Macro F1: 0.8247
22:10:17 - Fold 2 Best Val Loss: 0.0540 @ Epoch 40 | Val Pothole F1: 0.7253 | Val PR-AUC: 0.8268
22:10:17 - === Fold 3 ===
22:10:46 -   [Epoch 01/50] Train Loss: 0.1812 | Val Loss: 0.2171 | Val Macro F1: 0.3050
22:11:15 -   [Epoch 02/50] Train Loss: 0.1251 | Val Loss: 0.2060 | Val Macro F1: 0.3643
22:11:44 -   [Epoch 03/50] Train Loss: 0.1134 | Val Loss: 0.2120 | Val Macro F1: 0.4505
22:12:20 -   [Epoch 04/50] Train Loss: 0.1008 | Val Loss: 0.1059 | Val Macro F1: 0.6555
22:12:53 -   [Epoch 05/50] Train Loss: 0.0940 | Val Loss: 0.1343 | Val Macro F1: 0.5763
22:13:27 -   [Epoch 06/50] Train Loss: 0.0894 | Val Loss: 0.1628 | Val Macro F1: 0.5857
22:14:03 -   [Epoch 07/50] Train Loss: 0.0936 | Val Loss: 0.1135 | Val Macro F1: 0.6641
22:14:38 -   [Epoch 08/50] Train Loss: 0.0871 | Val Loss: 0.1198 | Val Macro F1: 0.6201
22:15:08 -   [Epoch 09/50] Train Loss: 0.0821 | Val Loss: 0.1173 | Val Macro F1: 0.6953
22:15:40 -   [Epoch 10/50] Train Loss: 0.0852 | Val Loss: 0.1329 | Val Macro F1: 0.6372
22:16:09 -   [Epoch 11/50] Train Loss: 0.0840 | Val Loss: 0.0981 | Val Macro F1: 0.6929
22:16:35 -   [Epoch 12/50] Train Loss: 0.0696 | Val Loss: 0.1083 | Val Macro F1: 0.7087
22:17:05 -   [Epoch 13/50] Train Loss: 0.0753 | Val Loss: 0.0994 | Val Macro F1: 0.6956
22:17:34 -   [Epoch 14/50] Train Loss: 0.0739 | Val Loss: 0.1154 | Val Macro F1: 0.6505
22:18:01 -   [Epoch 15/50] Train Loss: 0.0628 | Val Loss: 0.1384 | Val Macro F1: 0.6508
22:18:31 -   [Epoch 16/50] Train Loss: 0.0668 | Val Loss: 0.1265 | Val Macro F1: 0.7136
22:19:03 -   [Epoch 17/50] Train Loss: 0.0618 | Val Loss: 0.1012 | Val Macro F1: 0.7751
22:19:33 -   [Epoch 18/50] Train Loss: 0.0679 | Val Loss: 0.1016 | Val Macro F1: 0.7315
22:20:09 -   [Epoch 19/50] Train Loss: 0.0608 | Val Loss: 0.1022 | Val Macro F1: 0.7412
22:20:37 -   [Epoch 20/50] Train Loss: 0.0507 | Val Loss: 0.0960 | Val Macro F1: 0.7841
22:21:11 -   [Epoch 21/50] Train Loss: 0.0550 | Val Loss: 0.1174 | Val Macro F1: 0.7367
22:21:37 -   [Epoch 22/50] Train Loss: 0.0579 | Val Loss: 0.0874 | Val Macro F1: 0.7573
22:22:09 -   [Epoch 23/50] Train Loss: 0.0549 | Val Loss: 0.0958 | Val Macro F1: 0.8073
22:22:43 -   [Epoch 24/50] Train Loss: 0.0500 | Val Loss: 0.0968 | Val Macro F1: 0.7938
22:23:19 -   [Epoch 25/50] Train Loss: 0.0507 | Val Loss: 0.1110 | Val Macro F1: 0.7517
22:23:55 -   [Epoch 26/50] Train Loss: 0.0513 | Val Loss: 0.0937 | Val Macro F1: 0.7768
22:24:22 -   [Epoch 27/50] Train Loss: 0.0495 | Val Loss: 0.1010 | Val Macro F1: 0.7799
22:24:50 -   [Epoch 28/50] Train Loss: 0.0452 | Val Loss: 0.1024 | Val Macro F1: 0.7611
22:25:18 -   [Epoch 29/50] Train Loss: 0.0456 | Val Loss: 0.1103 | Val Macro F1: 0.7149
22:25:45 -   [Epoch 30/50] Train Loss: 0.0454 | Val Loss: 0.1171 | Val Macro F1: 0.7542
22:26:16 -   [Epoch 31/50] Train Loss: 0.0429 | Val Loss: 0.0934 | Val Macro F1: 0.8023
22:26:46 -   [Epoch 32/50] Train Loss: 0.0390 | Val Loss: 0.1365 | Val Macro F1: 0.6907
22:27:19 -   [Epoch 33/50] Train Loss: 0.0444 | Val Loss: 0.1321 | Val Macro F1: 0.7118
22:27:51 -   [Epoch 34/50] Train Loss: 0.0391 | Val Loss: 0.1135 | Val Macro F1: 0.7403
22:28:24 -   [Epoch 35/50] Train Loss: 0.0397 | Val Loss: 0.1054 | Val Macro F1: 0.7883
22:28:59 -   [Epoch 36/50] Train Loss: 0.0370 | Val Loss: 0.1160 | Val Macro F1: 0.7319
22:29:33 -   [Epoch 37/50] Train Loss: 0.0348 | Val Loss: 0.1121 | Val Macro F1: 0.7527
22:30:05 -   [Epoch 38/50] Train Loss: 0.0354 | Val Loss: 0.1126 | Val Macro F1: 0.7521
22:30:34 -   [Epoch 39/50] Train Loss: 0.0372 | Val Loss: 0.1092 | Val Macro F1: 0.7414
22:31:03 -   [Epoch 40/50] Train Loss: 0.0337 | Val Loss: 0.1138 | Val Macro F1: 0.7737
22:31:39 -   [Epoch 41/50] Train Loss: 0.0348 | Val Loss: 0.1088 | Val Macro F1: 0.7693
22:32:12 -   [Epoch 42/50] Train Loss: 0.0309 | Val Loss: 0.1053 | Val Macro F1: 0.7662
22:32:43 -   [Epoch 43/50] Train Loss: 0.0348 | Val Loss: 0.1166 | Val Macro F1: 0.7503
22:33:13 -   [Epoch 44/50] Train Loss: 0.0293 | Val Loss: 0.1302 | Val Macro F1: 0.7439
22:33:44 -   [Epoch 45/50] Train Loss: 0.0320 | Val Loss: 0.1103 | Val Macro F1: 0.7584
22:34:15 -   [Epoch 46/50] Train Loss: 0.0341 | Val Loss: 0.1108 | Val Macro F1: 0.7486
22:34:46 -   [Epoch 47/50] Train Loss: 0.0324 | Val Loss: 0.1143 | Val Macro F1: 0.7545
22:35:17 -   [Epoch 48/50] Train Loss: 0.0295 | Val Loss: 0.1162 | Val Macro F1: 0.7535
22:35:45 -   [Epoch 49/50] Train Loss: 0.0328 | Val Loss: 0.1108 | Val Macro F1: 0.7597
22:36:17 -   [Epoch 50/50] Train Loss: 0.0287 | Val Loss: 0.1157 | Val Macro F1: 0.7492
22:36:20 - Fold 3 Best Val Loss: 0.0937 @ Epoch 26 | Val Pothole F1: 0.5333 | Val PR-AUC: 0.7757
22:36:20 - === Fold 4 ===
22:36:56 -   [Epoch 01/50] Train Loss: 0.1930 | Val Loss: 0.1633 | Val Macro F1: 0.3838
22:37:30 -   [Epoch 02/50] Train Loss: 0.1263 | Val Loss: 0.1466 | Val Macro F1: 0.4593
22:38:00 -   [Epoch 03/50] Train Loss: 0.1137 | Val Loss: 0.1341 | Val Macro F1: 0.4746
22:38:31 -   [Epoch 04/50] Train Loss: 0.1015 | Val Loss: 0.1456 | Val Macro F1: 0.5010
22:39:02 -   [Epoch 05/50] Train Loss: 0.0931 | Val Loss: 0.1074 | Val Macro F1: 0.6665
22:39:33 -   [Epoch 06/50] Train Loss: 0.0907 | Val Loss: 0.1191 | Val Macro F1: 0.5584
22:40:03 -   [Epoch 07/50] Train Loss: 0.0850 | Val Loss: 0.1115 | Val Macro F1: 0.5544
22:40:36 -   [Epoch 08/50] Train Loss: 0.0828 | Val Loss: 0.1397 | Val Macro F1: 0.4748
22:41:10 -   [Epoch 09/50] Train Loss: 0.0771 | Val Loss: 0.1130 | Val Macro F1: 0.5794
22:41:44 -   [Epoch 10/50] Train Loss: 0.0725 | Val Loss: 0.0939 | Val Macro F1: 0.6995
22:42:18 -   [Epoch 11/50] Train Loss: 0.0744 | Val Loss: 0.1119 | Val Macro F1: 0.6367
22:42:52 -   [Epoch 12/50] Train Loss: 0.0697 | Val Loss: 0.1089 | Val Macro F1: 0.7224
22:43:26 -   [Epoch 13/50] Train Loss: 0.0673 | Val Loss: 0.1233 | Val Macro F1: 0.6636
22:44:01 -   [Epoch 14/50] Train Loss: 0.0684 | Val Loss: 0.0972 | Val Macro F1: 0.6834
22:44:35 -   [Epoch 15/50] Train Loss: 0.0623 | Val Loss: 0.0926 | Val Macro F1: 0.7084
22:45:11 -   [Epoch 16/50] Train Loss: 0.0563 | Val Loss: 0.0851 | Val Macro F1: 0.7529
22:45:43 -   [Epoch 17/50] Train Loss: 0.0585 | Val Loss: 0.1127 | Val Macro F1: 0.7085
22:46:15 -   [Epoch 18/50] Train Loss: 0.0630 | Val Loss: 0.1425 | Val Macro F1: 0.6703
22:46:47 -   [Epoch 19/50] Train Loss: 0.0568 | Val Loss: 0.1340 | Val Macro F1: 0.6068
22:47:20 -   [Epoch 20/50] Train Loss: 0.0498 | Val Loss: 0.1151 | Val Macro F1: 0.6907
22:47:52 -   [Epoch 21/50] Train Loss: 0.0511 | Val Loss: 0.1134 | Val Macro F1: 0.6992
22:48:23 -   [Epoch 22/50] Train Loss: 0.0553 | Val Loss: 0.1244 | Val Macro F1: 0.6928
22:48:58 -   [Epoch 23/50] Train Loss: 0.0569 | Val Loss: 0.1142 | Val Macro F1: 0.7513
22:49:26 -   [Epoch 24/50] Train Loss: 0.0479 | Val Loss: 0.0950 | Val Macro F1: 0.7583
22:49:55 -   [Epoch 25/50] Train Loss: 0.0448 | Val Loss: 0.1529 | Val Macro F1: 0.6491
22:50:26 -   [Epoch 26/50] Train Loss: 0.0430 | Val Loss: 0.0910 | Val Macro F1: 0.7709
22:50:54 -   [Epoch 27/50] Train Loss: 0.0417 | Val Loss: 0.1012 | Val Macro F1: 0.7581
22:51:25 -   [Epoch 28/50] Train Loss: 0.0386 | Val Loss: 0.1097 | Val Macro F1: 0.7690
22:51:54 -   [Epoch 29/50] Train Loss: 0.0412 | Val Loss: 0.1079 | Val Macro F1: 0.7845
22:52:24 -   [Epoch 30/50] Train Loss: 0.0381 | Val Loss: 0.1334 | Val Macro F1: 0.7516
22:52:57 -   [Epoch 31/50] Train Loss: 0.0389 | Val Loss: 0.0994 | Val Macro F1: 0.7565
22:53:32 -   [Epoch 32/50] Train Loss: 0.0365 | Val Loss: 0.1115 | Val Macro F1: 0.7453
22:54:07 -   [Epoch 33/50] Train Loss: 0.0364 | Val Loss: 0.1142 | Val Macro F1: 0.7449
22:54:44 -   [Epoch 34/50] Train Loss: 0.0333 | Val Loss: 0.1092 | Val Macro F1: 0.7368
22:55:17 -   [Epoch 35/50] Train Loss: 0.0376 | Val Loss: 0.1071 | Val Macro F1: 0.7758
22:55:48 -   [Epoch 36/50] Train Loss: 0.0321 | Val Loss: 0.1017 | Val Macro F1: 0.7701
22:56:16 -   [Epoch 37/50] Train Loss: 0.0339 | Val Loss: 0.0989 | Val Macro F1: 0.7641
22:56:47 -   [Epoch 38/50] Train Loss: 0.0273 | Val Loss: 0.1074 | Val Macro F1: 0.7963
22:57:21 -   [Epoch 39/50] Train Loss: 0.0301 | Val Loss: 0.1070 | Val Macro F1: 0.7809
22:58:21 -   [Epoch 40/50] Train Loss: 0.0330 | Val Loss: 0.1051 | Val Macro F1: 0.7840
22:58:55 -   [Epoch 41/50] Train Loss: 0.0318 | Val Loss: 0.1044 | Val Macro F1: 0.7824
22:59:29 -   [Epoch 42/50] Train Loss: 0.0297 | Val Loss: 0.1036 | Val Macro F1: 0.7743
23:00:01 -   [Epoch 43/50] Train Loss: 0.0273 | Val Loss: 0.1081 | Val Macro F1: 0.7758
23:00:30 -   [Epoch 44/50] Train Loss: 0.0306 | Val Loss: 0.1049 | Val Macro F1: 0.8023
23:00:58 -   [Epoch 45/50] Train Loss: 0.0263 | Val Loss: 0.1087 | Val Macro F1: 0.7977
23:01:32 -   [Epoch 46/50] Train Loss: 0.0298 | Val Loss: 0.1065 | Val Macro F1: 0.7840
23:02:13 -   [Epoch 47/50] Train Loss: 0.0253 | Val Loss: 0.1083 | Val Macro F1: 0.7757
23:02:40 -   [Epoch 48/50] Train Loss: 0.0270 | Val Loss: 0.1051 | Val Macro F1: 0.7944
23:03:08 -   [Epoch 49/50] Train Loss: 0.0283 | Val Loss: 0.1064 | Val Macro F1: 0.7798
23:03:40 -   [Epoch 50/50] Train Loss: 0.0277 | Val Loss: 0.1065 | Val Macro F1: 0.7891
23:03:43 - Fold 4 Best Val Loss: 0.0989 @ Epoch 37 | Val Pothole F1: 0.6559 | Val PR-AUC: 0.6539
23:03:43 - Average Pothole F1: 0.6361 | Average PR-AUC: 0.7278
23:03:43 - Best epochs per fold: [35, 40, 26, 37] | Optimal Epoch Average: 34
23:03:44 - Confusion matrix disimpan di D:\VSCode Data\Road Detection - Project Skripsi\ml_pipelines\evaluation\reports\cnn_1d\cnn_1d_confusion_matrix_oof.png
23:03:44 - OOF predictions disimpan untuk analisis ulang.
23:03:44 - Saved final global scaler parameters to D:\VSCode Data\Road Detection - Project Skripsi\ml_pipelines\evaluation\models\cnn_1d\cnn_1d_scaler_params.json
23:03:44 - Melatih final model dengan seluruh dataset sebanyak 34 epoch...
23:13:15 - Model final PyTorch disimpan di D:\VSCode Data\Road Detection - Project Skripsi\ml_pipelines\evaluation\models\cnn_1d\cnn_1d_model.pth
23:13:15 - Mengevaluasi model final pada Holdout Test Set (30%)...
23:13:16 - Holdout Test confusion matrix disimpan di D:\VSCode Data\Road Detection - Project Skripsi\ml_pipelines\evaluation\reports\cnn_1d\cnn_1d_confusion_matrix_holdout.png
23:13:16 - ONNX export is now handled exclusively by export_onnx.py to ensure MobileInferenceWrapper is applied.
23:13:16 - Please run `python src/cnn_model/export_onnx.py` manually after training.
------------------------------------------------------------

============================================================
      OOF REPORT      
============================================================
              precision    recall  f1-score   support

   Non-Event       0.95      0.98      0.96      3254
     Pothole       0.70      0.58      0.63       287
  Speed Bump       0.91      0.67      0.77       201

    accuracy                           0.93      3742
   macro avg       0.85      0.74      0.79      3742
weighted avg       0.93      0.93      0.93      3742

------------------------------------------------------------
        CONFUSION MATRIX (Out-of-Fold)
------------------------------------------------------------
               Non-Event     Pothole  Speed Bump
------------------------------------------------
   Non-Event        3183          62           9
     Pothole         116         166           5
  Speed Bump          57           9         135
============================================================

============================================================
     HOLDOUT TEST     
============================================================
              precision    recall  f1-score   support

   Non-Event       0.96      0.99      0.98       843
     Pothole       0.93      0.66      0.77        56
  Speed Bump       0.88      0.67      0.76        42

    accuracy                           0.96       941
   macro avg       0.92      0.77      0.84       941
weighted avg       0.96      0.96      0.96       941

============================================================

