17:39:39 - Split Summary (Trip-Based):
17:39:39 -   Dev Set (80%): 11 trips, 3742 samples
17:39:39 -   Test Set (20%): 5 trips, 941 samples
17:39:39 - Using device: cpu
17:39:39 - === Fold 1 ===
17:39:39 - Saved fold scaler parameters to D:\VSCode Data\Road Detection - Project Skripsi\ml_pipelines\evaluation\models\cnn_1d\scaler_params.json
17:41:17 -   [Epoch 01/50] Train Loss: 0.1987 | Val Loss: 0.1151
17:42:38 -   [Epoch 02/50] Train Loss: 0.1428 | Val Loss: 0.1110
17:44:09 -   [Epoch 03/50] Train Loss: 0.1301 | Val Loss: 0.0900
17:45:40 -   [Epoch 04/50] Train Loss: 0.1129 | Val Loss: 0.0825
17:47:11 -   [Epoch 05/50] Train Loss: 0.1075 | Val Loss: 0.1380
17:48:33 -   [Epoch 06/50] Train Loss: 0.1072 | Val Loss: 0.1246
17:49:53 -   [Epoch 07/50] Train Loss: 0.1061 | Val Loss: 0.0787
17:51:20 -   [Epoch 08/50] Train Loss: 0.1038 | Val Loss: 0.1086
17:52:45 -   [Epoch 09/50] Train Loss: 0.0966 | Val Loss: 0.1000
17:54:02 -   [Epoch 10/50] Train Loss: 0.0956 | Val Loss: 0.0901
17:55:21 -   [Epoch 11/50] Train Loss: 0.0978 | Val Loss: 0.0763
17:56:51 -   [Epoch 12/50] Train Loss: 0.0951 | Val Loss: 0.1101
17:58:33 -   [Epoch 13/50] Train Loss: 0.0925 | Val Loss: 0.0745
18:00:13 -   [Epoch 14/50] Train Loss: 0.0918 | Val Loss: 0.0808
18:01:53 -   [Epoch 15/50] Train Loss: 0.0951 | Val Loss: 0.0870
18:03:34 -   [Epoch 16/50] Train Loss: 0.0840 | Val Loss: 0.0763
18:05:14 -   [Epoch 17/50] Train Loss: 0.0813 | Val Loss: 0.0929
18:06:55 -   [Epoch 18/50] Train Loss: 0.0737 | Val Loss: 0.0736
18:08:11 -   [Epoch 19/50] Train Loss: 0.0788 | Val Loss: 0.0790
18:09:27 -   [Epoch 20/50] Train Loss: 0.0766 | Val Loss: 0.0912
18:10:42 -   [Epoch 21/50] Train Loss: 0.0821 | Val Loss: 0.0970
18:11:59 -   [Epoch 22/50] Train Loss: 0.0730 | Val Loss: 0.0913
18:13:13 -   [Epoch 23/50] Train Loss: 0.0706 | Val Loss: 0.0714
18:14:27 -   [Epoch 24/50] Train Loss: 0.0680 | Val Loss: 0.0735
18:15:42 -   [Epoch 25/50] Train Loss: 0.0685 | Val Loss: 0.0719
18:17:09 -   [Epoch 26/50] Train Loss: 0.0754 | Val Loss: 0.0727
18:18:22 -   [Epoch 27/50] Train Loss: 0.0659 | Val Loss: 0.0771
18:19:22 -   [Epoch 28/50] Train Loss: 0.0696 | Val Loss: 0.0621
18:20:11 -   [Epoch 29/50] Train Loss: 0.0608 | Val Loss: 0.0721
18:21:01 -   [Epoch 30/50] Train Loss: 0.0584 | Val Loss: 0.0721
18:21:52 -   [Epoch 31/50] Train Loss: 0.0655 | Val Loss: 0.0647
18:22:45 -   [Epoch 32/50] Train Loss: 0.0547 | Val Loss: 0.0666
18:23:36 -   [Epoch 33/50] Train Loss: 0.0568 | Val Loss: 0.0651
18:24:25 -   [Epoch 34/50] Train Loss: 0.0571 | Val Loss: 0.0705
18:25:17 -   [Epoch 35/50] Train Loss: 0.0552 | Val Loss: 0.0792
18:26:05 -   [Epoch 36/50] Train Loss: 0.0544 | Val Loss: 0.0588
18:26:55 -   [Epoch 37/50] Train Loss: 0.0529 | Val Loss: 0.0707
18:27:44 -   [Epoch 38/50] Train Loss: 0.0524 | Val Loss: 0.0751
18:28:31 -   [Epoch 39/50] Train Loss: 0.0467 | Val Loss: 0.0723
18:29:20 -   [Epoch 40/50] Train Loss: 0.0502 | Val Loss: 0.0738
18:30:13 -   [Epoch 41/50] Train Loss: 0.0478 | Val Loss: 0.0562
18:30:59 -   [Epoch 42/50] Train Loss: 0.0431 | Val Loss: 0.0644
18:31:47 -   [Epoch 43/50] Train Loss: 0.0431 | Val Loss: 0.0675
18:32:39 -   [Epoch 44/50] Train Loss: 0.0426 | Val Loss: 0.0638
18:33:29 -   [Epoch 45/50] Train Loss: 0.0397 | Val Loss: 0.0648
18:34:20 -   [Epoch 46/50] Train Loss: 0.0412 | Val Loss: 0.0659
18:35:13 -   [Epoch 47/50] Train Loss: 0.0411 | Val Loss: 0.0646
18:36:06 -   [Epoch 48/50] Train Loss: 0.0396 | Val Loss: 0.0659
18:36:51 -   [Epoch 49/50] Train Loss: 0.0403 | Val Loss: 0.0675
18:37:32 -   [Epoch 50/50] Train Loss: 0.0391 | Val Loss: 0.0641
18:37:36 - Fold 1 Best Val Loss: 0.0588 @ Epoch 36 | Val Pothole F1: 0.5690 | Val PR-AUC: 0.6942
18:37:36 - === Fold 2 ===
18:38:18 -   [Epoch 01/50] Train Loss: 0.1965 | Val Loss: 0.0991
18:38:59 -   [Epoch 02/50] Train Loss: 0.1421 | Val Loss: 0.1247
18:39:41 -   [Epoch 03/50] Train Loss: 0.1276 | Val Loss: 0.0798
18:40:23 -   [Epoch 04/50] Train Loss: 0.1173 | Val Loss: 0.0692
18:41:04 -   [Epoch 05/50] Train Loss: 0.1114 | Val Loss: 0.0815
18:41:45 -   [Epoch 06/50] Train Loss: 0.1129 | Val Loss: 0.0691
18:42:27 -   [Epoch 07/50] Train Loss: 0.0945 | Val Loss: 0.0905
18:43:09 -   [Epoch 08/50] Train Loss: 0.1010 | Val Loss: 0.0682
18:43:50 -   [Epoch 09/50] Train Loss: 0.1073 | Val Loss: 0.0632
18:44:33 -   [Epoch 10/50] Train Loss: 0.0981 | Val Loss: 0.0548
18:45:14 -   [Epoch 11/50] Train Loss: 0.0979 | Val Loss: 0.0634
18:45:57 -   [Epoch 12/50] Train Loss: 0.0980 | Val Loss: 0.0886
18:46:40 -   [Epoch 13/50] Train Loss: 0.0975 | Val Loss: 0.0868
18:47:22 -   [Epoch 14/50] Train Loss: 0.0919 | Val Loss: 0.0563
18:48:06 -   [Epoch 15/50] Train Loss: 0.0927 | Val Loss: 0.0776
18:48:48 -   [Epoch 16/50] Train Loss: 0.0878 | Val Loss: 0.0599
18:49:31 -   [Epoch 17/50] Train Loss: 0.0875 | Val Loss: 0.0523
18:50:13 -   [Epoch 18/50] Train Loss: 0.0773 | Val Loss: 0.0623
18:50:46 -   [Epoch 19/50] Train Loss: 0.0809 | Val Loss: 0.0775
18:51:16 -   [Epoch 20/50] Train Loss: 0.0851 | Val Loss: 0.0856
18:51:48 -   [Epoch 21/50] Train Loss: 0.0827 | Val Loss: 0.0512
18:52:21 -   [Epoch 22/50] Train Loss: 0.0787 | Val Loss: 0.0544
18:52:53 -   [Epoch 23/50] Train Loss: 0.0782 | Val Loss: 0.0820
18:53:25 -   [Epoch 24/50] Train Loss: 0.0767 | Val Loss: 0.0468
18:53:56 -   [Epoch 25/50] Train Loss: 0.0715 | Val Loss: 0.0447
18:54:28 -   [Epoch 26/50] Train Loss: 0.0714 | Val Loss: 0.0813
18:55:00 -   [Epoch 27/50] Train Loss: 0.0724 | Val Loss: 0.0448
18:55:31 -   [Epoch 28/50] Train Loss: 0.0731 | Val Loss: 0.0811
18:56:03 -   [Epoch 29/50] Train Loss: 0.0679 | Val Loss: 0.0518
18:56:35 -   [Epoch 30/50] Train Loss: 0.0683 | Val Loss: 0.0616
18:57:07 -   [Epoch 31/50] Train Loss: 0.0643 | Val Loss: 0.0592
18:57:39 -   [Epoch 32/50] Train Loss: 0.0579 | Val Loss: 0.0383
18:58:10 -   [Epoch 33/50] Train Loss: 0.0538 | Val Loss: 0.0511
18:58:43 -   [Epoch 34/50] Train Loss: 0.0580 | Val Loss: 0.0536
18:59:15 -   [Epoch 35/50] Train Loss: 0.0619 | Val Loss: 0.0598
18:59:45 -   [Epoch 36/50] Train Loss: 0.0616 | Val Loss: 0.0585
19:00:17 -   [Epoch 37/50] Train Loss: 0.0529 | Val Loss: 0.0625
19:00:48 -   [Epoch 38/50] Train Loss: 0.0523 | Val Loss: 0.0599
19:01:19 -   [Epoch 39/50] Train Loss: 0.0510 | Val Loss: 0.0455
19:01:50 -   [Epoch 40/50] Train Loss: 0.0497 | Val Loss: 0.0534
19:02:22 -   [Epoch 41/50] Train Loss: 0.0514 | Val Loss: 0.0578
19:02:53 -   [Epoch 42/50] Train Loss: 0.0480 | Val Loss: 0.0491
19:03:24 -   [Epoch 43/50] Train Loss: 0.0461 | Val Loss: 0.0552
19:03:55 -   [Epoch 44/50] Train Loss: 0.0427 | Val Loss: 0.0542
19:04:26 -   [Epoch 45/50] Train Loss: 0.0491 | Val Loss: 0.0501
19:04:58 -   [Epoch 46/50] Train Loss: 0.0454 | Val Loss: 0.0570
19:05:29 -   [Epoch 47/50] Train Loss: 0.0464 | Val Loss: 0.0529
19:06:02 -   [Epoch 48/50] Train Loss: 0.0432 | Val Loss: 0.0514
19:06:34 -   [Epoch 49/50] Train Loss: 0.0412 | Val Loss: 0.0485
19:07:08 -   [Epoch 50/50] Train Loss: 0.0419 | Val Loss: 0.0492
19:07:11 - Fold 2 Best Val Loss: 0.0492 @ Epoch 50 | Val Pothole F1: 0.6897 | Val PR-AUC: 0.8478
19:07:11 - === Fold 3 ===
19:07:43 -   [Epoch 01/50] Train Loss: 0.1819 | Val Loss: 0.2405
19:08:11 -   [Epoch 02/50] Train Loss: 0.1220 | Val Loss: 0.1791
19:08:39 -   [Epoch 03/50] Train Loss: 0.1203 | Val Loss: 0.2278
19:09:06 -   [Epoch 04/50] Train Loss: 0.1092 | Val Loss: 0.1328
19:09:34 -   [Epoch 05/50] Train Loss: 0.1024 | Val Loss: 0.1771
19:10:05 -   [Epoch 06/50] Train Loss: 0.0989 | Val Loss: 0.1720
19:10:36 -   [Epoch 07/50] Train Loss: 0.1040 | Val Loss: 0.1606
19:11:24 -   [Epoch 08/50] Train Loss: 0.0949 | Val Loss: 0.1269
19:11:57 -   [Epoch 09/50] Train Loss: 0.1012 | Val Loss: 0.1435
19:12:25 -   [Epoch 10/50] Train Loss: 0.0958 | Val Loss: 0.1599
19:12:57 -   [Epoch 11/50] Train Loss: 0.0953 | Val Loss: 0.1395
19:13:26 -   [Epoch 12/50] Train Loss: 0.0831 | Val Loss: 0.1122
19:13:56 -   [Epoch 13/50] Train Loss: 0.0925 | Val Loss: 0.1085
19:14:24 -   [Epoch 14/50] Train Loss: 0.0912 | Val Loss: 0.1354
19:14:59 -   [Epoch 15/50] Train Loss: 0.0858 | Val Loss: 0.1611
19:15:36 -   [Epoch 16/50] Train Loss: 0.0773 | Val Loss: 0.1465
19:16:06 -   [Epoch 17/50] Train Loss: 0.0790 | Val Loss: 0.1127
19:16:39 -   [Epoch 18/50] Train Loss: 0.0802 | Val Loss: 0.0958
19:17:22 -   [Epoch 19/50] Train Loss: 0.0754 | Val Loss: 0.0764
19:17:58 -   [Epoch 20/50] Train Loss: 0.0702 | Val Loss: 0.0979
19:18:36 -   [Epoch 21/50] Train Loss: 0.0740 | Val Loss: 0.1010
19:19:12 -   [Epoch 22/50] Train Loss: 0.0787 | Val Loss: 0.1064
19:19:47 -   [Epoch 23/50] Train Loss: 0.0763 | Val Loss: 0.0868
19:20:21 -   [Epoch 24/50] Train Loss: 0.0627 | Val Loss: 0.0899
19:20:58 -   [Epoch 25/50] Train Loss: 0.0747 | Val Loss: 0.1196
19:21:41 -   [Epoch 26/50] Train Loss: 0.0697 | Val Loss: 0.1064
19:22:16 -   [Epoch 27/50] Train Loss: 0.0642 | Val Loss: 0.1005
19:22:51 -   [Epoch 28/50] Train Loss: 0.0692 | Val Loss: 0.0795
19:23:23 -   [Epoch 29/50] Train Loss: 0.0608 | Val Loss: 0.0956
19:23:56 -   [Epoch 30/50] Train Loss: 0.0615 | Val Loss: 0.1096
19:24:40 -   [Epoch 31/50] Train Loss: 0.0590 | Val Loss: 0.1262
19:25:17 -   [Epoch 32/50] Train Loss: 0.0549 | Val Loss: 0.0877
19:25:50 -   [Epoch 33/50] Train Loss: 0.0602 | Val Loss: 0.1046
19:26:23 -   [Epoch 34/50] Train Loss: 0.0572 | Val Loss: 0.0926
19:26:55 -   [Epoch 35/50] Train Loss: 0.0540 | Val Loss: 0.1063
19:27:27 -   [Epoch 36/50] Train Loss: 0.0525 | Val Loss: 0.0855
19:27:59 -   [Epoch 37/50] Train Loss: 0.0513 | Val Loss: 0.0988
19:28:31 -   [Epoch 38/50] Train Loss: 0.0522 | Val Loss: 0.0950
19:29:01 -   [Epoch 39/50] Train Loss: 0.0511 | Val Loss: 0.0891
19:29:29 -   [Epoch 40/50] Train Loss: 0.0457 | Val Loss: 0.1095
19:29:58 -   [Epoch 41/50] Train Loss: 0.0489 | Val Loss: 0.0932
19:30:26 -   [Epoch 42/50] Train Loss: 0.0471 | Val Loss: 0.0830
19:30:54 -   [Epoch 43/50] Train Loss: 0.0476 | Val Loss: 0.0898
19:31:22 -   [Epoch 44/50] Train Loss: 0.0423 | Val Loss: 0.0946
19:32:10 -   [Epoch 45/50] Train Loss: 0.0444 | Val Loss: 0.0814
19:32:45 -   [Epoch 46/50] Train Loss: 0.0468 | Val Loss: 0.0859
19:33:30 -   [Epoch 47/50] Train Loss: 0.0463 | Val Loss: 0.0843
19:34:18 -   [Epoch 48/50] Train Loss: 0.0403 | Val Loss: 0.0873
19:35:03 -   [Epoch 49/50] Train Loss: 0.0482 | Val Loss: 0.0854
19:35:53 -   [Epoch 50/50] Train Loss: 0.0416 | Val Loss: 0.0859
19:35:56 - Fold 3 Best Val Loss: 0.0814 @ Epoch 45 | Val Pothole F1: 0.6519 | Val PR-AUC: 0.8567
19:35:56 - === Fold 4 ===
19:36:47 -   [Epoch 01/50] Train Loss: 0.1904 | Val Loss: 0.3161
19:37:39 -   [Epoch 02/50] Train Loss: 0.1363 | Val Loss: 0.1387
19:38:20 -   [Epoch 03/50] Train Loss: 0.1167 | Val Loss: 0.1400
19:39:07 -   [Epoch 04/50] Train Loss: 0.1097 | Val Loss: 0.1375
19:39:48 -   [Epoch 05/50] Train Loss: 0.1048 | Val Loss: 0.1192
19:40:35 -   [Epoch 06/50] Train Loss: 0.0997 | Val Loss: 0.1047
19:41:21 -   [Epoch 07/50] Train Loss: 0.0924 | Val Loss: 0.1114
19:42:17 -   [Epoch 08/50] Train Loss: 0.0985 | Val Loss: 0.1191
19:42:58 -   [Epoch 09/50] Train Loss: 0.0970 | Val Loss: 0.1195
19:43:41 -   [Epoch 10/50] Train Loss: 0.0864 | Val Loss: 0.1170
19:44:30 -   [Epoch 11/50] Train Loss: 0.0909 | Val Loss: 0.1321
19:45:20 -   [Epoch 12/50] Train Loss: 0.0902 | Val Loss: 0.1059
19:46:17 -   [Epoch 13/50] Train Loss: 0.0844 | Val Loss: 0.1200
19:47:08 -   [Epoch 14/50] Train Loss: 0.0821 | Val Loss: 0.1018
19:48:05 -   [Epoch 15/50] Train Loss: 0.0792 | Val Loss: 0.1068
19:48:58 -   [Epoch 16/50] Train Loss: 0.0757 | Val Loss: 0.0933
19:49:39 -   [Epoch 17/50] Train Loss: 0.0727 | Val Loss: 0.2058
19:50:26 -   [Epoch 18/50] Train Loss: 0.0773 | Val Loss: 0.1011
19:51:13 -   [Epoch 19/50] Train Loss: 0.0729 | Val Loss: 0.1169
19:51:56 -   [Epoch 20/50] Train Loss: 0.0665 | Val Loss: 0.1091
19:52:40 -   [Epoch 21/50] Train Loss: 0.0684 | Val Loss: 0.1124
19:53:21 -   [Epoch 22/50] Train Loss: 0.0737 | Val Loss: 0.1406
19:54:05 -   [Epoch 23/50] Train Loss: 0.0747 | Val Loss: 0.0889
19:54:53 -   [Epoch 24/50] Train Loss: 0.0657 | Val Loss: 0.0778
19:55:36 -   [Epoch 25/50] Train Loss: 0.0641 | Val Loss: 0.0894
19:56:21 -   [Epoch 26/50] Train Loss: 0.0634 | Val Loss: 0.0835
19:57:09 -   [Epoch 27/50] Train Loss: 0.0606 | Val Loss: 0.0887
19:58:01 -   [Epoch 28/50] Train Loss: 0.0576 | Val Loss: 0.1112
19:58:53 -   [Epoch 29/50] Train Loss: 0.0589 | Val Loss: 0.0833
19:59:50 -   [Epoch 30/50] Train Loss: 0.0592 | Val Loss: 0.0956
20:00:40 -   [Epoch 31/50] Train Loss: 0.0561 | Val Loss: 0.0926
20:01:30 -   [Epoch 32/50] Train Loss: 0.0538 | Val Loss: 0.0925
20:02:18 -   [Epoch 33/50] Train Loss: 0.0536 | Val Loss: 0.1034
20:03:13 -   [Epoch 34/50] Train Loss: 0.0475 | Val Loss: 0.1093
20:04:01 -   [Epoch 35/50] Train Loss: 0.0506 | Val Loss: 0.0897
20:04:49 -   [Epoch 36/50] Train Loss: 0.0447 | Val Loss: 0.0781
20:05:41 -   [Epoch 37/50] Train Loss: 0.0476 | Val Loss: 0.0863
20:06:40 -   [Epoch 38/50] Train Loss: 0.0465 | Val Loss: 0.0824
20:07:35 -   [Epoch 39/50] Train Loss: 0.0396 | Val Loss: 0.0861
20:08:28 -   [Epoch 40/50] Train Loss: 0.0445 | Val Loss: 0.0829
20:09:26 -   [Epoch 41/50] Train Loss: 0.0422 | Val Loss: 0.0852
20:10:09 -   [Epoch 42/50] Train Loss: 0.0406 | Val Loss: 0.0915
20:10:54 -   [Epoch 43/50] Train Loss: 0.0397 | Val Loss: 0.0805
20:11:37 -   [Epoch 44/50] Train Loss: 0.0408 | Val Loss: 0.0842
20:12:19 -   [Epoch 45/50] Train Loss: 0.0383 | Val Loss: 0.0817
20:13:02 -   [Epoch 46/50] Train Loss: 0.0346 | Val Loss: 0.0828
20:13:49 -   [Epoch 47/50] Train Loss: 0.0403 | Val Loss: 0.0834
20:14:38 -   [Epoch 48/50] Train Loss: 0.0340 | Val Loss: 0.0824
20:15:21 -   [Epoch 49/50] Train Loss: 0.0365 | Val Loss: 0.0835
20:16:05 -   [Epoch 50/50] Train Loss: 0.0367 | Val Loss: 0.0828
20:16:09 - Fold 4 Best Val Loss: 0.0817 @ Epoch 45 | Val Pothole F1: 0.6566 | Val PR-AUC: 0.6768
20:16:09 - Average Pothole F1: 0.6418 | Average PR-AUC: 0.7689
20:16:09 - Best epochs per fold: [36, 50, 45, 45] | Optimal Epoch Average: 44
20:16:09 - Confusion matrix disimpan di D:\VSCode Data\Road Detection - Project Skripsi\ml_pipelines\evaluation\reports\cnn_1d\cnn_1d_confusion_matrix_oof.png
20:16:09 - OOF predictions disimpan untuk analisis ulang.
20:16:10 - Saved final global scaler parameters to D:\VSCode Data\Road Detection - Project Skripsi\ml_pipelines\evaluation\models\cnn_1d\cnn_1d_scaler_params.json
20:16:10 - Melatih final model dengan seluruh dataset sebanyak 44 epoch...
21:04:24 - Model final PyTorch disimpan di D:\VSCode Data\Road Detection - Project Skripsi\ml_pipelines\evaluation\models\cnn_1d\cnn_1d_model.pth
21:04:24 - Mengevaluasi model final pada Holdout Test Set (30%)...
21:04:29 - Holdout Test confusion matrix disimpan di D:\VSCode Data\Road Detection - Project Skripsi\ml_pipelines\evaluation\reports\cnn_1d\cnn_1d_confusion_matrix_holdout.png
21:04:29 - ONNX export is now handled exclusively by export_onnx.py to ensure MobileInferenceWrapper is applied.
21:04:29 - Please run `python src/cnn_model/export_onnx.py` manually after training.
------------------------------------------------------------

============================================================
      OOF REPORT      
============================================================
              precision    recall  f1-score   support

   Non-Event       0.95      0.98      0.96      3254
     Pothole       0.69      0.60      0.64       287
  Speed Bump       0.87      0.68      0.76       201

    accuracy                           0.93      3742
   macro avg       0.84      0.75      0.79      3742
weighted avg       0.93      0.93      0.93      3742

------------------------------------------------------------
        CONFUSION MATRIX (Out-of-Fold)
------------------------------------------------------------
               Non-Event     Pothole  Speed Bump
------------------------------------------------
   Non-Event        3176          62          16
     Pothole         111         172           4
  Speed Bump          50          15         136
============================================================

============================================================
     HOLDOUT TEST     
============================================================
              precision    recall  f1-score   support

   Non-Event       0.98      0.99      0.98       843
     Pothole       0.84      0.73      0.78        56
  Speed Bump       0.85      0.81      0.83        42

    accuracy                           0.96       941
   macro avg       0.89      0.84      0.86       941
weighted avg       0.96      0.96      0.96       941

============================================================

