19:38:41 - No best_params.json found at D:\VSCode Data\Road Detection - Project Skripsi\ml_pipelines\src\cnn_model\-best_optuna_params.json. Using default parameters.
19:38:41 - Split Summary (Trip-Based):
19:38:41 -   Dev Set (80%): 11 trips, 3742 samples
19:38:41 -   Test Set (20%): 5 trips, 941 samples
19:38:41 - Using device: cpu
19:38:41 - === Fold 1 ===
19:39:16 -   [Epoch 01/50] Train Loss: 0.2970 | Val Loss: 0.1975 | Val Macro F1: 0.3124
19:39:51 -   [Epoch 02/50] Train Loss: 0.2223 | Val Loss: 0.1549 | Val Macro F1: 0.5707
19:40:30 -   [Epoch 03/50] Train Loss: 0.1766 | Val Loss: 0.1565 | Val Macro F1: 0.6823
19:41:06 -   [Epoch 04/50] Train Loss: 0.1614 | Val Loss: 0.1692 | Val Macro F1: 0.5883
19:41:44 -   [Epoch 05/50] Train Loss: 0.1482 | Val Loss: 0.1485 | Val Macro F1: 0.6283
19:42:25 -   [Epoch 06/50] Train Loss: 0.1430 | Val Loss: 0.1301 | Val Macro F1: 0.6287
19:43:09 -   [Epoch 07/50] Train Loss: 0.1427 | Val Loss: 0.1232 | Val Macro F1: 0.7136
19:43:44 -   [Epoch 08/50] Train Loss: 0.1350 | Val Loss: 0.1553 | Val Macro F1: 0.5225
19:44:20 -   [Epoch 09/50] Train Loss: 0.1266 | Val Loss: 0.1152 | Val Macro F1: 0.7356
19:44:55 -   [Epoch 10/50] Train Loss: 0.1274 | Val Loss: 0.1144 | Val Macro F1: 0.8147
19:45:30 -   [Epoch 11/50] Train Loss: 0.1262 | Val Loss: 0.1259 | Val Macro F1: 0.7346
19:46:07 -   [Epoch 12/50] Train Loss: 0.1273 | Val Loss: 0.1197 | Val Macro F1: 0.7228
19:46:41 -   [Epoch 13/50] Train Loss: 0.1173 | Val Loss: 0.1097 | Val Macro F1: 0.8023
19:47:17 -   [Epoch 14/50] Train Loss: 0.1156 | Val Loss: 0.0957 | Val Macro F1: 0.8218
19:47:51 -   [Epoch 15/50] Train Loss: 0.1155 | Val Loss: 0.1139 | Val Macro F1: 0.8032
19:48:26 -   [Epoch 16/50] Train Loss: 0.1030 | Val Loss: 0.0998 | Val Macro F1: 0.8080
19:49:00 -   [Epoch 17/50] Train Loss: 0.0978 | Val Loss: 0.1222 | Val Macro F1: 0.7642
19:49:35 -   [Epoch 18/50] Train Loss: 0.0918 | Val Loss: 0.1195 | Val Macro F1: 0.7425
19:50:12 -   [Epoch 19/50] Train Loss: 0.1013 | Val Loss: 0.1303 | Val Macro F1: 0.7351
19:50:44 -   [Epoch 20/50] Train Loss: 0.0978 | Val Loss: 0.1218 | Val Macro F1: 0.7676
19:51:15 -   [Epoch 21/50] Train Loss: 0.0916 | Val Loss: 0.0878 | Val Macro F1: 0.8007
19:51:46 -   [Epoch 22/50] Train Loss: 0.0895 | Val Loss: 0.1200 | Val Macro F1: 0.7613
19:52:18 -   [Epoch 23/50] Train Loss: 0.0820 | Val Loss: 0.1317 | Val Macro F1: 0.7868
19:52:49 -   [Epoch 24/50] Train Loss: 0.0882 | Val Loss: 0.0962 | Val Macro F1: 0.7959
19:53:20 -   [Epoch 25/50] Train Loss: 0.0843 | Val Loss: 0.1061 | Val Macro F1: 0.8482
19:53:51 -   [Epoch 26/50] Train Loss: 0.0858 | Val Loss: 0.0986 | Val Macro F1: 0.8269
19:54:22 -   [Epoch 27/50] Train Loss: 0.0751 | Val Loss: 0.1009 | Val Macro F1: 0.8223
19:54:53 -   [Epoch 28/50] Train Loss: 0.0735 | Val Loss: 0.1081 | Val Macro F1: 0.8173
19:55:24 -   [Epoch 29/50] Train Loss: 0.0721 | Val Loss: 0.1151 | Val Macro F1: 0.7886
19:55:54 -   [Epoch 30/50] Train Loss: 0.0666 | Val Loss: 0.1264 | Val Macro F1: 0.7512
19:56:25 -   [Epoch 31/50] Train Loss: 0.0733 | Val Loss: 0.1009 | Val Macro F1: 0.7981
19:56:58 -   [Epoch 32/50] Train Loss: 0.0712 | Val Loss: 0.1111 | Val Macro F1: 0.7651
19:57:31 -   [Epoch 33/50] Train Loss: 0.0650 | Val Loss: 0.1034 | Val Macro F1: 0.7930
19:58:04 -   [Epoch 34/50] Train Loss: 0.0625 | Val Loss: 0.0995 | Val Macro F1: 0.7834
19:58:37 -   [Epoch 35/50] Train Loss: 0.0613 | Val Loss: 0.1104 | Val Macro F1: 0.7945
19:59:08 -   [Epoch 36/50] Train Loss: 0.0581 | Val Loss: 0.1085 | Val Macro F1: 0.8031
19:59:39 -   [Epoch 37/50] Train Loss: 0.0622 | Val Loss: 0.1546 | Val Macro F1: 0.7684
20:00:11 -   [Epoch 38/50] Train Loss: 0.0510 | Val Loss: 0.1175 | Val Macro F1: 0.7901
20:00:42 -   [Epoch 39/50] Train Loss: 0.0576 | Val Loss: 0.1133 | Val Macro F1: 0.7970
20:01:13 -   [Epoch 40/50] Train Loss: 0.0583 | Val Loss: 0.1194 | Val Macro F1: 0.7870
20:01:45 -   [Epoch 41/50] Train Loss: 0.0508 | Val Loss: 0.1095 | Val Macro F1: 0.7998
20:02:17 -   [Epoch 42/50] Train Loss: 0.0499 | Val Loss: 0.1112 | Val Macro F1: 0.7924
20:02:49 -   [Epoch 43/50] Train Loss: 0.0491 | Val Loss: 0.1123 | Val Macro F1: 0.7810
20:03:20 -   [Epoch 44/50] Train Loss: 0.0482 | Val Loss: 0.1161 | Val Macro F1: 0.8008
20:03:51 -   [Epoch 45/50] Train Loss: 0.0511 | Val Loss: 0.1128 | Val Macro F1: 0.7849
20:04:22 -   [Epoch 46/50] Train Loss: 0.0517 | Val Loss: 0.1122 | Val Macro F1: 0.8111
20:04:54 -   [Epoch 47/50] Train Loss: 0.0542 | Val Loss: 0.1112 | Val Macro F1: 0.7919
20:05:25 -   [Epoch 48/50] Train Loss: 0.0452 | Val Loss: 0.1147 | Val Macro F1: 0.7917
20:05:56 -   [Epoch 49/50] Train Loss: 0.0500 | Val Loss: 0.1166 | Val Macro F1: 0.7741
20:06:28 -   [Epoch 50/50] Train Loss: 0.0483 | Val Loss: 0.1130 | Val Macro F1: 0.7979
20:06:31 - Fold 1 Best Val Loss: 0.1009 @ Epoch 31 | Val Pothole F1: 0.5938 | Val PR-AUC: 0.6754
20:06:31 - === Fold 2 ===
20:07:04 -   [Epoch 01/50] Train Loss: 0.2788 | Val Loss: 0.1602 | Val Macro F1: 0.3602
20:07:36 -   [Epoch 02/50] Train Loss: 0.2100 | Val Loss: 0.1368 | Val Macro F1: 0.6056
20:08:08 -   [Epoch 03/50] Train Loss: 0.1816 | Val Loss: 0.1449 | Val Macro F1: 0.6943
20:08:40 -   [Epoch 04/50] Train Loss: 0.1626 | Val Loss: 0.1113 | Val Macro F1: 0.6945
20:09:11 -   [Epoch 05/50] Train Loss: 0.1577 | Val Loss: 0.0923 | Val Macro F1: 0.7359
20:09:43 -   [Epoch 06/50] Train Loss: 0.1574 | Val Loss: 0.0945 | Val Macro F1: 0.7705
20:10:15 -   [Epoch 07/50] Train Loss: 0.1363 | Val Loss: 0.0977 | Val Macro F1: 0.7152
20:10:47 -   [Epoch 08/50] Train Loss: 0.1357 | Val Loss: 0.1027 | Val Macro F1: 0.6824
20:11:19 -   [Epoch 09/50] Train Loss: 0.1339 | Val Loss: 0.0844 | Val Macro F1: 0.8002
20:11:51 -   [Epoch 10/50] Train Loss: 0.1321 | Val Loss: 0.0973 | Val Macro F1: 0.7983
20:12:22 -   [Epoch 11/50] Train Loss: 0.1283 | Val Loss: 0.0925 | Val Macro F1: 0.7407
20:12:54 -   [Epoch 12/50] Train Loss: 0.1184 | Val Loss: 0.0956 | Val Macro F1: 0.7849
20:13:25 -   [Epoch 13/50] Train Loss: 0.1217 | Val Loss: 0.1565 | Val Macro F1: 0.6033
20:13:57 -   [Epoch 14/50] Train Loss: 0.1147 | Val Loss: 0.0958 | Val Macro F1: 0.7682
20:14:28 -   [Epoch 15/50] Train Loss: 0.1112 | Val Loss: 0.0857 | Val Macro F1: 0.8113
20:15:00 -   [Epoch 16/50] Train Loss: 0.1061 | Val Loss: 0.1010 | Val Macro F1: 0.7801
20:15:32 -   [Epoch 17/50] Train Loss: 0.1036 | Val Loss: 0.0723 | Val Macro F1: 0.8515
20:16:03 -   [Epoch 18/50] Train Loss: 0.0961 | Val Loss: 0.0735 | Val Macro F1: 0.8007
20:16:35 -   [Epoch 19/50] Train Loss: 0.1050 | Val Loss: 0.0760 | Val Macro F1: 0.8205
20:17:07 -   [Epoch 20/50] Train Loss: 0.1011 | Val Loss: 0.0849 | Val Macro F1: 0.7948
20:17:53 -   [Epoch 21/50] Train Loss: 0.0954 | Val Loss: 0.0723 | Val Macro F1: 0.8514
20:18:42 -   [Epoch 22/50] Train Loss: 0.0899 | Val Loss: 0.0715 | Val Macro F1: 0.8463
20:19:21 -   [Epoch 23/50] Train Loss: 0.0911 | Val Loss: 0.1297 | Val Macro F1: 0.7494
20:20:02 -   [Epoch 24/50] Train Loss: 0.0900 | Val Loss: 0.0745 | Val Macro F1: 0.8083
20:20:48 -   [Epoch 25/50] Train Loss: 0.0900 | Val Loss: 0.0678 | Val Macro F1: 0.8157
20:21:28 -   [Epoch 26/50] Train Loss: 0.0834 | Val Loss: 0.0744 | Val Macro F1: 0.8067
20:22:12 -   [Epoch 27/50] Train Loss: 0.0796 | Val Loss: 0.0707 | Val Macro F1: 0.8299
20:22:49 -   [Epoch 28/50] Train Loss: 0.0868 | Val Loss: 0.1032 | Val Macro F1: 0.8061
20:23:24 -   [Epoch 29/50] Train Loss: 0.0765 | Val Loss: 0.0802 | Val Macro F1: 0.8196
20:23:58 -   [Epoch 30/50] Train Loss: 0.0804 | Val Loss: 0.0798 | Val Macro F1: 0.8166
20:24:29 -   [Epoch 31/50] Train Loss: 0.0728 | Val Loss: 0.0895 | Val Macro F1: 0.8257
20:25:01 -   [Epoch 32/50] Train Loss: 0.0680 | Val Loss: 0.0693 | Val Macro F1: 0.8499
20:25:33 -   [Epoch 33/50] Train Loss: 0.0611 | Val Loss: 0.0788 | Val Macro F1: 0.8436
20:26:05 -   [Epoch 34/50] Train Loss: 0.0667 | Val Loss: 0.0766 | Val Macro F1: 0.8220
20:26:36 -   [Epoch 35/50] Train Loss: 0.0678 | Val Loss: 0.0784 | Val Macro F1: 0.8402
20:27:07 -   [Epoch 36/50] Train Loss: 0.0636 | Val Loss: 0.0959 | Val Macro F1: 0.8016
20:27:41 -   [Epoch 37/50] Train Loss: 0.0644 | Val Loss: 0.0878 | Val Macro F1: 0.7800
20:28:13 -   [Epoch 38/50] Train Loss: 0.0615 | Val Loss: 0.0884 | Val Macro F1: 0.8069
20:28:50 -   [Epoch 39/50] Train Loss: 0.0626 | Val Loss: 0.0735 | Val Macro F1: 0.8392
20:29:21 -   [Epoch 40/50] Train Loss: 0.0569 | Val Loss: 0.0758 | Val Macro F1: 0.8459
20:29:53 -   [Epoch 41/50] Train Loss: 0.0601 | Val Loss: 0.0767 | Val Macro F1: 0.8106
20:30:25 -   [Epoch 42/50] Train Loss: 0.0552 | Val Loss: 0.0646 | Val Macro F1: 0.8471
20:30:56 -   [Epoch 43/50] Train Loss: 0.0551 | Val Loss: 0.0767 | Val Macro F1: 0.8255
20:31:27 -   [Epoch 44/50] Train Loss: 0.0461 | Val Loss: 0.0778 | Val Macro F1: 0.8255
20:32:00 -   [Epoch 45/50] Train Loss: 0.0533 | Val Loss: 0.0741 | Val Macro F1: 0.8354
20:32:33 -   [Epoch 46/50] Train Loss: 0.0524 | Val Loss: 0.0795 | Val Macro F1: 0.8255
20:33:08 -   [Epoch 47/50] Train Loss: 0.0490 | Val Loss: 0.0767 | Val Macro F1: 0.8255
20:33:41 -   [Epoch 48/50] Train Loss: 0.0507 | Val Loss: 0.0768 | Val Macro F1: 0.8295
20:34:14 -   [Epoch 49/50] Train Loss: 0.0447 | Val Loss: 0.0744 | Val Macro F1: 0.8410
20:34:47 -   [Epoch 50/50] Train Loss: 0.0491 | Val Loss: 0.0740 | Val Macro F1: 0.8392
20:34:49 - Fold 2 Best Val Loss: 0.0884 @ Epoch 38 | Val Pothole F1: 0.7473 | Val PR-AUC: 0.8327
20:34:49 - === Fold 3 ===
20:35:19 -   [Epoch 01/50] Train Loss: 0.2723 | Val Loss: 0.3095 | Val Macro F1: 0.3050
20:35:49 -   [Epoch 02/50] Train Loss: 0.1905 | Val Loss: 0.3294 | Val Macro F1: 0.3220
20:36:18 -   [Epoch 03/50] Train Loss: 0.1665 | Val Loss: 0.2838 | Val Macro F1: 0.4813
20:36:48 -   [Epoch 04/50] Train Loss: 0.1494 | Val Loss: 0.1688 | Val Macro F1: 0.6866
20:37:20 -   [Epoch 05/50] Train Loss: 0.1422 | Val Loss: 0.2093 | Val Macro F1: 0.5572
20:37:52 -   [Epoch 06/50] Train Loss: 0.1368 | Val Loss: 0.2025 | Val Macro F1: 0.6079
20:38:24 -   [Epoch 07/50] Train Loss: 0.1392 | Val Loss: 0.1620 | Val Macro F1: 0.7228
20:38:56 -   [Epoch 08/50] Train Loss: 0.1294 | Val Loss: 0.1893 | Val Macro F1: 0.6265
20:39:27 -   [Epoch 09/50] Train Loss: 0.1262 | Val Loss: 0.2010 | Val Macro F1: 0.6580
20:39:58 -   [Epoch 10/50] Train Loss: 0.1296 | Val Loss: 0.1955 | Val Macro F1: 0.6799
20:40:30 -   [Epoch 11/50] Train Loss: 0.1299 | Val Loss: 0.1490 | Val Macro F1: 0.6707
20:41:01 -   [Epoch 12/50] Train Loss: 0.1085 | Val Loss: 0.1695 | Val Macro F1: 0.7005
20:41:32 -   [Epoch 13/50] Train Loss: 0.1144 | Val Loss: 0.1482 | Val Macro F1: 0.7102
20:42:04 -   [Epoch 14/50] Train Loss: 0.1125 | Val Loss: 0.2028 | Val Macro F1: 0.5688
20:42:36 -   [Epoch 15/50] Train Loss: 0.1001 | Val Loss: 0.1780 | Val Macro F1: 0.7099
20:43:08 -   [Epoch 16/50] Train Loss: 0.1009 | Val Loss: 0.1927 | Val Macro F1: 0.6987
20:43:39 -   [Epoch 17/50] Train Loss: 0.0933 | Val Loss: 0.1413 | Val Macro F1: 0.8012
20:44:11 -   [Epoch 18/50] Train Loss: 0.1031 | Val Loss: 0.1623 | Val Macro F1: 0.7736
20:44:42 -   [Epoch 19/50] Train Loss: 0.0930 | Val Loss: 0.1561 | Val Macro F1: 0.7507
20:45:13 -   [Epoch 20/50] Train Loss: 0.0816 | Val Loss: 0.1324 | Val Macro F1: 0.8169
20:45:44 -   [Epoch 21/50] Train Loss: 0.0862 | Val Loss: 0.1678 | Val Macro F1: 0.7763
20:46:22 -   [Epoch 22/50] Train Loss: 0.0908 | Val Loss: 0.1511 | Val Macro F1: 0.7810
20:48:13 -   [Epoch 23/50] Train Loss: 0.0890 | Val Loss: 0.1665 | Val Macro F1: 0.7581
20:50:52 -   [Epoch 24/50] Train Loss: 0.0785 | Val Loss: 0.1483 | Val Macro F1: 0.7911
20:53:27 -   [Epoch 25/50] Train Loss: 0.0848 | Val Loss: 0.1781 | Val Macro F1: 0.7391
20:55:25 -   [Epoch 26/50] Train Loss: 0.0820 | Val Loss: 0.1497 | Val Macro F1: 0.7831
20:57:04 -   [Epoch 27/50] Train Loss: 0.0787 | Val Loss: 0.1536 | Val Macro F1: 0.7571
20:58:02 -   [Epoch 28/50] Train Loss: 0.0730 | Val Loss: 0.1666 | Val Macro F1: 0.7585
20:58:55 -   [Epoch 29/50] Train Loss: 0.0695 | Val Loss: 0.1795 | Val Macro F1: 0.7062
21:00:05 -   [Epoch 30/50] Train Loss: 0.0714 | Val Loss: 0.1778 | Val Macro F1: 0.7615
21:01:34 -   [Epoch 31/50] Train Loss: 0.0692 | Val Loss: 0.1417 | Val Macro F1: 0.8081
21:02:17 -   [Epoch 32/50] Train Loss: 0.0637 | Val Loss: 0.2107 | Val Macro F1: 0.6919
21:02:53 -   [Epoch 33/50] Train Loss: 0.0695 | Val Loss: 0.1965 | Val Macro F1: 0.7139
21:03:27 -   [Epoch 34/50] Train Loss: 0.0637 | Val Loss: 0.1702 | Val Macro F1: 0.7595
21:04:08 -   [Epoch 35/50] Train Loss: 0.0622 | Val Loss: 0.1575 | Val Macro F1: 0.7904
21:05:04 -   [Epoch 36/50] Train Loss: 0.0590 | Val Loss: 0.2026 | Val Macro F1: 0.7256
21:06:02 -   [Epoch 37/50] Train Loss: 0.0567 | Val Loss: 0.1685 | Val Macro F1: 0.7692
21:06:59 -   [Epoch 38/50] Train Loss: 0.0565 | Val Loss: 0.1724 | Val Macro F1: 0.7579
21:07:42 -   [Epoch 39/50] Train Loss: 0.0621 | Val Loss: 0.1754 | Val Macro F1: 0.7590
21:08:22 -   [Epoch 40/50] Train Loss: 0.0512 | Val Loss: 0.1772 | Val Macro F1: 0.7713
21:08:58 -   [Epoch 41/50] Train Loss: 0.0550 | Val Loss: 0.1655 | Val Macro F1: 0.7729
21:09:31 -   [Epoch 42/50] Train Loss: 0.0489 | Val Loss: 0.1609 | Val Macro F1: 0.7790
21:10:14 -   [Epoch 43/50] Train Loss: 0.0539 | Val Loss: 0.1807 | Val Macro F1: 0.7703
21:10:52 -   [Epoch 44/50] Train Loss: 0.0482 | Val Loss: 0.2005 | Val Macro F1: 0.7575
21:11:24 -   [Epoch 45/50] Train Loss: 0.0501 | Val Loss: 0.1669 | Val Macro F1: 0.7788
21:11:56 -   [Epoch 46/50] Train Loss: 0.0564 | Val Loss: 0.1672 | Val Macro F1: 0.7766
21:12:27 -   [Epoch 47/50] Train Loss: 0.0518 | Val Loss: 0.1712 | Val Macro F1: 0.7747
21:12:55 -   [Epoch 48/50] Train Loss: 0.0503 | Val Loss: 0.1774 | Val Macro F1: 0.7720
21:13:23 -   [Epoch 49/50] Train Loss: 0.0514 | Val Loss: 0.1683 | Val Macro F1: 0.7766
21:13:52 -   [Epoch 50/50] Train Loss: 0.0469 | Val Loss: 0.1775 | Val Macro F1: 0.7720
21:13:55 - Fold 3 Best Val Loss: 0.1497 @ Epoch 26 | Val Pothole F1: 0.5806 | Val PR-AUC: 0.7654
21:13:55 - === Fold 4 ===
21:14:25 -   [Epoch 01/50] Train Loss: 0.2887 | Val Loss: 0.2586 | Val Macro F1: 0.3891
21:14:56 -   [Epoch 02/50] Train Loss: 0.1853 | Val Loss: 0.2165 | Val Macro F1: 0.4438
21:15:26 -   [Epoch 03/50] Train Loss: 0.1668 | Val Loss: 0.2135 | Val Macro F1: 0.4812
21:15:56 -   [Epoch 04/50] Train Loss: 0.1532 | Val Loss: 0.2175 | Val Macro F1: 0.5209
21:16:26 -   [Epoch 05/50] Train Loss: 0.1398 | Val Loss: 0.1513 | Val Macro F1: 0.7123
21:16:56 -   [Epoch 06/50] Train Loss: 0.1364 | Val Loss: 0.1621 | Val Macro F1: 0.6226
21:17:26 -   [Epoch 07/50] Train Loss: 0.1305 | Val Loss: 0.1680 | Val Macro F1: 0.6075
21:17:55 -   [Epoch 08/50] Train Loss: 0.1265 | Val Loss: 0.2227 | Val Macro F1: 0.4812
21:18:25 -   [Epoch 09/50] Train Loss: 0.1163 | Val Loss: 0.1658 | Val Macro F1: 0.6573
21:18:55 -   [Epoch 10/50] Train Loss: 0.1129 | Val Loss: 0.1676 | Val Macro F1: 0.6396
21:19:25 -   [Epoch 11/50] Train Loss: 0.1163 | Val Loss: 0.1700 | Val Macro F1: 0.6231
21:19:54 -   [Epoch 12/50] Train Loss: 0.1090 | Val Loss: 0.1704 | Val Macro F1: 0.7305
21:20:24 -   [Epoch 13/50] Train Loss: 0.1041 | Val Loss: 0.2303 | Val Macro F1: 0.6502
21:20:54 -   [Epoch 14/50] Train Loss: 0.1052 | Val Loss: 0.1356 | Val Macro F1: 0.7433
21:21:23 -   [Epoch 15/50] Train Loss: 0.0952 | Val Loss: 0.1518 | Val Macro F1: 0.7161
21:21:53 -   [Epoch 16/50] Train Loss: 0.0874 | Val Loss: 0.1367 | Val Macro F1: 0.7594
21:22:24 -   [Epoch 17/50] Train Loss: 0.0899 | Val Loss: 0.1785 | Val Macro F1: 0.7177
21:22:53 -   [Epoch 18/50] Train Loss: 0.0954 | Val Loss: 0.1905 | Val Macro F1: 0.7231
21:23:24 -   [Epoch 19/50] Train Loss: 0.0859 | Val Loss: 0.1904 | Val Macro F1: 0.6460
21:23:54 -   [Epoch 20/50] Train Loss: 0.0783 | Val Loss: 0.1671 | Val Macro F1: 0.6598
21:24:24 -   [Epoch 21/50] Train Loss: 0.0787 | Val Loss: 0.1746 | Val Macro F1: 0.6457
21:24:54 -   [Epoch 22/50] Train Loss: 0.0845 | Val Loss: 0.1670 | Val Macro F1: 0.7459
21:25:23 -   [Epoch 23/50] Train Loss: 0.0863 | Val Loss: 0.1797 | Val Macro F1: 0.7258
21:25:53 -   [Epoch 24/50] Train Loss: 0.0764 | Val Loss: 0.1352 | Val Macro F1: 0.7415
21:26:22 -   [Epoch 25/50] Train Loss: 0.0690 | Val Loss: 0.2099 | Val Macro F1: 0.6839
21:26:52 -   [Epoch 26/50] Train Loss: 0.0689 | Val Loss: 0.1345 | Val Macro F1: 0.7791
21:27:22 -   [Epoch 27/50] Train Loss: 0.0654 | Val Loss: 0.1588 | Val Macro F1: 0.7662
21:27:52 -   [Epoch 28/50] Train Loss: 0.0605 | Val Loss: 0.1556 | Val Macro F1: 0.7742
21:28:22 -   [Epoch 29/50] Train Loss: 0.0626 | Val Loss: 0.1628 | Val Macro F1: 0.7959
21:28:52 -   [Epoch 30/50] Train Loss: 0.0634 | Val Loss: 0.2152 | Val Macro F1: 0.7433
21:29:22 -   [Epoch 31/50] Train Loss: 0.0590 | Val Loss: 0.1539 | Val Macro F1: 0.7695
21:29:52 -   [Epoch 32/50] Train Loss: 0.0600 | Val Loss: 0.1618 | Val Macro F1: 0.7527
21:30:23 -   [Epoch 33/50] Train Loss: 0.0566 | Val Loss: 0.1725 | Val Macro F1: 0.7286
21:30:53 -   [Epoch 34/50] Train Loss: 0.0516 | Val Loss: 0.1692 | Val Macro F1: 0.7504
21:31:22 -   [Epoch 35/50] Train Loss: 0.0579 | Val Loss: 0.1561 | Val Macro F1: 0.7678
21:31:53 -   [Epoch 36/50] Train Loss: 0.0511 | Val Loss: 0.1643 | Val Macro F1: 0.7801
21:32:22 -   [Epoch 37/50] Train Loss: 0.0553 | Val Loss: 0.1565 | Val Macro F1: 0.7887
21:32:52 -   [Epoch 38/50] Train Loss: 0.0434 | Val Loss: 0.1730 | Val Macro F1: 0.7691
21:33:22 -   [Epoch 39/50] Train Loss: 0.0483 | Val Loss: 0.1707 | Val Macro F1: 0.7754
21:33:52 -   [Epoch 40/50] Train Loss: 0.0522 | Val Loss: 0.1666 | Val Macro F1: 0.7714
21:34:22 -   [Epoch 41/50] Train Loss: 0.0516 | Val Loss: 0.1669 | Val Macro F1: 0.7958
21:34:52 -   [Epoch 42/50] Train Loss: 0.0474 | Val Loss: 0.1633 | Val Macro F1: 0.7581
21:35:23 -   [Epoch 43/50] Train Loss: 0.0446 | Val Loss: 0.1729 | Val Macro F1: 0.7560
21:35:52 -   [Epoch 44/50] Train Loss: 0.0495 | Val Loss: 0.1667 | Val Macro F1: 0.7640
21:36:22 -   [Epoch 45/50] Train Loss: 0.0439 | Val Loss: 0.1708 | Val Macro F1: 0.7852
21:36:52 -   [Epoch 46/50] Train Loss: 0.0454 | Val Loss: 0.1653 | Val Macro F1: 0.7728
21:37:23 -   [Epoch 47/50] Train Loss: 0.0405 | Val Loss: 0.1673 | Val Macro F1: 0.7731
21:37:52 -   [Epoch 48/50] Train Loss: 0.0441 | Val Loss: 0.1648 | Val Macro F1: 0.7678
21:38:23 -   [Epoch 49/50] Train Loss: 0.0451 | Val Loss: 0.1672 | Val Macro F1: 0.7689
21:38:53 -   [Epoch 50/50] Train Loss: 0.0435 | Val Loss: 0.1682 | Val Macro F1: 0.7650
21:38:56 - Fold 4 Best Val Loss: 0.1345 @ Epoch 26 | Val Pothole F1: 0.6264 | Val PR-AUC: 0.6520
21:38:56 - Average Pothole F1: 0.6370 | Average PR-AUC: 0.7314
21:38:56 - Best epochs per fold: [31, 38, 26, 26] | Optimal Epoch Average: 30
21:38:56 - Confusion matrix disimpan di D:\VSCode Data\Road Detection - Project Skripsi\ml_pipelines\evaluation\reports\cnn_1d\cnn_1d_confusion_matrix_oof.png
21:38:56 - OOF predictions disimpan untuk analisis ulang.
21:38:56 - Saved final global scaler parameters to D:\VSCode Data\Road Detection - Project Skripsi\ml_pipelines\evaluation\models\cnn_1d\cnn_1d_scaler_params.json
21:38:57 - Melatih final model dengan seluruh dataset sebanyak 30 epoch...
21:45:04 - Model final PyTorch disimpan di D:\VSCode Data\Road Detection - Project Skripsi\ml_pipelines\evaluation\models\cnn_1d\cnn_1d_model.pth
21:45:04 - Mengevaluasi model final pada Holdout Test Set (20%)...
21:45:05 - Holdout Test confusion matrix disimpan di D:\VSCode Data\Road Detection - Project Skripsi\ml_pipelines\evaluation\reports\cnn_1d\cnn_1d_confusion_matrix_holdout.png
21:45:05 - ONNX export is now handled exclusively by export_onnx.py to ensure MobileInferenceWrapper is applied.
21:45:05 - Please run `python src/cnn_model/export_onnx.py` manually after training.
------------------------------------------------------------

============================================================
      OOF REPORT      
============================================================
              precision    recall  f1-score   support

   Non-Event       0.95      0.98      0.96      3254
     Pothole       0.69      0.57      0.63       287
  Speed Bump       0.90      0.69      0.78       201

    accuracy                           0.93      3742
   macro avg       0.85      0.75      0.79      3742
weighted avg       0.93      0.93      0.93      3742

------------------------------------------------------------
        CONFUSION MATRIX (Out-of-Fold)
------------------------------------------------------------
               Non-Event     Pothole  Speed Bump
------------------------------------------------
   Non-Event        3179          63          12
     Pothole         118         165           4
  Speed Bump          52          10         139
============================================================

============================================================
     HOLDOUT TEST     
============================================================
              precision    recall  f1-score   support

   Non-Event       0.96      0.99      0.98       843
     Pothole       0.83      0.68      0.75        56
  Speed Bump       0.83      0.60      0.69        42

    accuracy                           0.95       941
   macro avg       0.87      0.75      0.81       941
weighted avg       0.95      0.95      0.95       941

============================================================

