------------------------------------------------------------

============================================================
      OOF REPORT      
============================================================
              precision    recall  f1-score   support

   Non-Event       0.97      0.94      0.95      2675
     Pothole       0.56      0.73      0.63       252
  Speed Bump       0.75      0.78      0.76       184

    accuracy                           0.91      3111
   macro avg       0.76      0.82      0.78      3111
weighted avg       0.92      0.91      0.92      3111

------------------------------------------------------------
        CONFUSION MATRIX (Out-of-Fold)
------------------------------------------------------------
               Non-Event     Pothole  Speed Bump
------------------------------------------------
   Non-Event        2510         133          32
     Pothole          52         184          16
  Speed Bump          27          14         143
============================================================

============================================================
     HOLDOUT TEST     
============================================================
              precision    recall  f1-score   support

   Non-Event       0.98      0.97      0.98      1425
     Pothole       0.67      0.68      0.67        91
  Speed Bump       0.61      0.86      0.72        59

    accuracy                           0.95      1575
   macro avg       0.76      0.84      0.79      1575
weighted avg       0.95      0.95      0.95      1575

============================================================

