21:55:33 - Split Summary (Trip-Based):
21:55:33 -   Dev Set (70%): 9 trips, 3110 samples
21:55:33 -   Test Set (30%): 7 trips, 1573 samples
21:55:33 - Using device: cpu
21:55:33 - === Fold 1 ===
21:55:33 - Saved fold scaler parameters to D:\VSCode Data\Road Detection - Project Skripsi\ml_pipelines\evaluation\models\cnn_1d\scaler_params.json
21:56:14 -   [Epoch 01/50] Train Loss: 0.2246 | Val Loss: 0.1647
21:57:00 -   [Epoch 02/50] Train Loss: 0.1738 | Val Loss: 0.1330
21:57:40 -   [Epoch 03/50] Train Loss: 0.1543 | Val Loss: 0.0993
21:58:16 -   [Epoch 04/50] Train Loss: 0.1289 | Val Loss: 0.0994
21:58:56 -   [Epoch 05/50] Train Loss: 0.1155 | Val Loss: 0.1299
21:59:39 -   [Epoch 06/50] Train Loss: 0.1085 | Val Loss: 0.0890
22:00:12 -   [Epoch 07/50] Train Loss: 0.0960 | Val Loss: 0.0944
22:00:48 -   [Epoch 08/50] Train Loss: 0.0977 | Val Loss: 0.0854
22:01:34 -   [Epoch 09/50] Train Loss: 0.1019 | Val Loss: 0.0824
22:02:14 -   [Epoch 10/50] Train Loss: 0.0929 | Val Loss: 0.1141
22:02:53 -   [Epoch 11/50] Train Loss: 0.0923 | Val Loss: 0.1188
22:03:30 -   [Epoch 12/50] Train Loss: 0.0906 | Val Loss: 0.0914
22:04:08 -   [Epoch 13/50] Train Loss: 0.0777 | Val Loss: 0.1061
22:04:45 -   [Epoch 14/50] Train Loss: 0.0828 | Val Loss: 0.0882
22:05:24 -   [Epoch 15/50] Train Loss: 0.0757 | Val Loss: 0.1038
22:06:02 -   [Epoch 16/50] Train Loss: 0.0691 | Val Loss: 0.0992
22:06:39 -   [Epoch 17/50] Train Loss: 0.0673 | Val Loss: 0.0835
22:07:17 -   [Epoch 18/50] Train Loss: 0.0651 | Val Loss: 0.1137
22:07:55 -   [Epoch 19/50] Train Loss: 0.0644 | Val Loss: 0.0903
22:08:34 -   [Epoch 20/50] Train Loss: 0.0634 | Val Loss: 0.0811
22:09:12 -   [Epoch 21/50] Train Loss: 0.0538 | Val Loss: 0.0839
22:09:50 -   [Epoch 22/50] Train Loss: 0.0599 | Val Loss: 0.1415
22:10:35 -   [Epoch 23/50] Train Loss: 0.0543 | Val Loss: 0.0978
22:11:12 -   [Epoch 24/50] Train Loss: 0.0573 | Val Loss: 0.1218
22:11:48 -   [Epoch 25/50] Train Loss: 0.0494 | Val Loss: 0.1055
22:12:27 -   [Epoch 26/50] Train Loss: 0.0508 | Val Loss: 0.1556
22:13:05 -   [Epoch 27/50] Train Loss: 0.0481 | Val Loss: 0.0992
22:13:43 -   [Epoch 28/50] Train Loss: 0.0461 | Val Loss: 0.0866
22:14:21 -   [Epoch 29/50] Train Loss: 0.0468 | Val Loss: 0.0935
22:14:58 -   [Epoch 30/50] Train Loss: 0.0469 | Val Loss: 0.0886
22:15:35 -   [Epoch 31/50] Train Loss: 0.0454 | Val Loss: 0.0944
22:16:13 -   [Epoch 32/50] Train Loss: 0.0422 | Val Loss: 0.1019
22:16:50 -   [Epoch 33/50] Train Loss: 0.0365 | Val Loss: 0.1014
22:17:28 -   [Epoch 34/50] Train Loss: 0.0405 | Val Loss: 0.0995
22:18:05 -   [Epoch 35/50] Train Loss: 0.0373 | Val Loss: 0.1018
22:18:42 -   [Epoch 36/50] Train Loss: 0.0349 | Val Loss: 0.1023
22:19:20 -   [Epoch 37/50] Train Loss: 0.0348 | Val Loss: 0.1158
22:20:04 -   [Epoch 38/50] Train Loss: 0.0373 | Val Loss: 0.1251
22:20:40 -   [Epoch 39/50] Train Loss: 0.0350 | Val Loss: 0.0978
22:21:19 -   [Epoch 40/50] Train Loss: 0.0314 | Val Loss: 0.0954
22:21:58 -   [Epoch 41/50] Train Loss: 0.0324 | Val Loss: 0.0987
22:22:31 -   [Epoch 42/50] Train Loss: 0.0335 | Val Loss: 0.0946
22:23:03 -   [Epoch 43/50] Train Loss: 0.0344 | Val Loss: 0.1047
22:23:33 -   [Epoch 44/50] Train Loss: 0.0310 | Val Loss: 0.0965
22:24:05 -   [Epoch 45/50] Train Loss: 0.0342 | Val Loss: 0.0999
22:24:36 -   [Epoch 46/50] Train Loss: 0.0304 | Val Loss: 0.0993
22:25:08 -   [Epoch 47/50] Train Loss: 0.0337 | Val Loss: 0.1017
22:25:39 -   [Epoch 48/50] Train Loss: 0.0343 | Val Loss: 0.0979
22:26:10 -   [Epoch 49/50] Train Loss: 0.0282 | Val Loss: 0.1012
22:26:40 -   [Epoch 50/50] Train Loss: 0.0318 | Val Loss: 0.1022
22:26:44 - Fold 1 Best Val Loss: 0.1055 @ Epoch 25 | Val Pothole F1: 0.5085 | Val PR-AUC: 0.5929
22:26:44 - === Fold 2 ===
22:27:15 -   [Epoch 01/50] Train Loss: 0.1940 | Val Loss: 0.1446
22:27:46 -   [Epoch 02/50] Train Loss: 0.1364 | Val Loss: 0.1354
22:28:17 -   [Epoch 03/50] Train Loss: 0.1192 | Val Loss: 0.1235
22:28:48 -   [Epoch 04/50] Train Loss: 0.1181 | Val Loss: 0.1207
22:29:19 -   [Epoch 05/50] Train Loss: 0.1015 | Val Loss: 0.0970
22:29:50 -   [Epoch 06/50] Train Loss: 0.0957 | Val Loss: 0.1201
22:30:22 -   [Epoch 07/50] Train Loss: 0.0963 | Val Loss: 0.1236
22:30:53 -   [Epoch 08/50] Train Loss: 0.0949 | Val Loss: 0.1104
22:31:25 -   [Epoch 09/50] Train Loss: 0.0941 | Val Loss: 0.1087
22:32:01 -   [Epoch 10/50] Train Loss: 0.0884 | Val Loss: 0.0845
22:32:34 -   [Epoch 11/50] Train Loss: 0.0853 | Val Loss: 0.0922
22:33:06 -   [Epoch 12/50] Train Loss: 0.0765 | Val Loss: 0.1075
22:33:38 -   [Epoch 13/50] Train Loss: 0.0809 | Val Loss: 0.0906
22:34:10 -   [Epoch 14/50] Train Loss: 0.0748 | Val Loss: 0.1196
22:34:42 -   [Epoch 15/50] Train Loss: 0.0699 | Val Loss: 0.1247
22:35:13 -   [Epoch 16/50] Train Loss: 0.0720 | Val Loss: 0.0952
22:35:45 -   [Epoch 17/50] Train Loss: 0.0680 | Val Loss: 0.1520
22:36:16 -   [Epoch 18/50] Train Loss: 0.0772 | Val Loss: 0.0896
22:36:48 -   [Epoch 19/50] Train Loss: 0.0727 | Val Loss: 0.1064
22:37:20 -   [Epoch 20/50] Train Loss: 0.0614 | Val Loss: 0.1259
22:37:51 -   [Epoch 21/50] Train Loss: 0.0618 | Val Loss: 0.1623
22:38:23 -   [Epoch 22/50] Train Loss: 0.0644 | Val Loss: 0.0999
22:38:55 -   [Epoch 23/50] Train Loss: 0.0588 | Val Loss: 0.0966
22:39:26 -   [Epoch 24/50] Train Loss: 0.0567 | Val Loss: 0.0931
22:39:59 -   [Epoch 25/50] Train Loss: 0.0584 | Val Loss: 0.0866
22:40:31 -   [Epoch 26/50] Train Loss: 0.0505 | Val Loss: 0.0941
22:41:03 -   [Epoch 27/50] Train Loss: 0.0498 | Val Loss: 0.0907
22:41:34 -   [Epoch 28/50] Train Loss: 0.0468 | Val Loss: 0.0946
22:42:05 -   [Epoch 29/50] Train Loss: 0.0470 | Val Loss: 0.1045
22:42:36 -   [Epoch 30/50] Train Loss: 0.0563 | Val Loss: 0.0792
22:43:08 -   [Epoch 31/50] Train Loss: 0.0493 | Val Loss: 0.0858
22:43:39 -   [Epoch 32/50] Train Loss: 0.0490 | Val Loss: 0.1067
22:44:10 -   [Epoch 33/50] Train Loss: 0.0457 | Val Loss: 0.0959
22:44:42 -   [Epoch 34/50] Train Loss: 0.0406 | Val Loss: 0.0858
22:45:13 -   [Epoch 35/50] Train Loss: 0.0393 | Val Loss: 0.1028
22:45:45 -   [Epoch 36/50] Train Loss: 0.0405 | Val Loss: 0.1075
22:46:17 -   [Epoch 37/50] Train Loss: 0.0417 | Val Loss: 0.0943
22:46:48 -   [Epoch 38/50] Train Loss: 0.0410 | Val Loss: 0.0896
22:47:20 -   [Epoch 39/50] Train Loss: 0.0387 | Val Loss: 0.0861
22:47:51 -   [Epoch 40/50] Train Loss: 0.0338 | Val Loss: 0.1078
22:48:23 -   [Epoch 41/50] Train Loss: 0.0369 | Val Loss: 0.1089
22:48:54 -   [Epoch 42/50] Train Loss: 0.0388 | Val Loss: 0.0912
22:49:26 -   [Epoch 43/50] Train Loss: 0.0357 | Val Loss: 0.0936
22:49:58 -   [Epoch 44/50] Train Loss: 0.0329 | Val Loss: 0.0866
22:50:30 -   [Epoch 45/50] Train Loss: 0.0366 | Val Loss: 0.0944
22:51:02 -   [Epoch 46/50] Train Loss: 0.0329 | Val Loss: 0.0920
22:51:33 -   [Epoch 47/50] Train Loss: 0.0324 | Val Loss: 0.1008
22:52:05 -   [Epoch 48/50] Train Loss: 0.0336 | Val Loss: 0.0941
22:52:37 -   [Epoch 49/50] Train Loss: 0.0335 | Val Loss: 0.0944
22:53:09 -   [Epoch 50/50] Train Loss: 0.0380 | Val Loss: 0.0971
22:53:13 - Fold 2 Best Val Loss: 0.0866 @ Epoch 44 | Val Pothole F1: 0.7327 | Val PR-AUC: 0.7832
22:53:13 - === Fold 3 ===
22:53:45 -   [Epoch 01/50] Train Loss: 0.1801 | Val Loss: 0.2224
22:54:17 -   [Epoch 02/50] Train Loss: 0.1467 | Val Loss: 0.1765
22:54:49 -   [Epoch 03/50] Train Loss: 0.1253 | Val Loss: 0.1549
22:55:21 -   [Epoch 04/50] Train Loss: 0.1139 | Val Loss: 0.1870
22:55:54 -   [Epoch 05/50] Train Loss: 0.0976 | Val Loss: 0.1585
22:56:33 -   [Epoch 06/50] Train Loss: 0.0955 | Val Loss: 0.1349
22:57:12 -   [Epoch 07/50] Train Loss: 0.0866 | Val Loss: 0.1692
22:57:50 -   [Epoch 08/50] Train Loss: 0.0853 | Val Loss: 0.1145
22:58:28 -   [Epoch 09/50] Train Loss: 0.0838 | Val Loss: 0.1325
22:59:06 -   [Epoch 10/50] Train Loss: 0.0833 | Val Loss: 0.1830
22:59:45 -   [Epoch 11/50] Train Loss: 0.0737 | Val Loss: 0.1477
23:00:23 -   [Epoch 12/50] Train Loss: 0.0707 | Val Loss: 0.1666
23:01:01 -   [Epoch 13/50] Train Loss: 0.0726 | Val Loss: 0.1700
23:01:39 -   [Epoch 14/50] Train Loss: 0.0704 | Val Loss: 0.1354
23:02:40 -   [Epoch 15/50] Train Loss: 0.0662 | Val Loss: 0.1642
23:03:30 -   [Epoch 16/50] Train Loss: 0.0651 | Val Loss: 0.1502
23:04:14 -   [Epoch 17/50] Train Loss: 0.0602 | Val Loss: 0.2181
23:04:56 -   [Epoch 18/50] Train Loss: 0.0556 | Val Loss: 0.1008
23:05:39 -   [Epoch 19/50] Train Loss: 0.0581 | Val Loss: 0.1709
23:06:23 -   [Epoch 20/50] Train Loss: 0.0531 | Val Loss: 0.1553
23:07:06 -   [Epoch 21/50] Train Loss: 0.0512 | Val Loss: 0.1352
23:07:50 -   [Epoch 22/50] Train Loss: 0.0551 | Val Loss: 0.1512
23:08:33 -   [Epoch 23/50] Train Loss: 0.0459 | Val Loss: 0.1392
23:09:18 -   [Epoch 24/50] Train Loss: 0.0448 | Val Loss: 0.1213
23:10:02 -   [Epoch 25/50] Train Loss: 0.0472 | Val Loss: 0.1243
23:10:45 -   [Epoch 26/50] Train Loss: 0.0376 | Val Loss: 0.1208
23:11:28 -   [Epoch 27/50] Train Loss: 0.0391 | Val Loss: 0.1260
23:12:10 -   [Epoch 28/50] Train Loss: 0.0438 | Val Loss: 0.1186
23:12:53 -   [Epoch 29/50] Train Loss: 0.0370 | Val Loss: 0.1514
23:13:36 -   [Epoch 30/50] Train Loss: 0.0424 | Val Loss: 0.1455
23:14:21 -   [Epoch 31/50] Train Loss: 0.0392 | Val Loss: 0.1645
23:15:06 -   [Epoch 32/50] Train Loss: 0.0331 | Val Loss: 0.1411
23:16:05 -   [Epoch 33/50] Train Loss: 0.0382 | Val Loss: 0.1381
23:16:53 -   [Epoch 34/50] Train Loss: 0.0330 | Val Loss: 0.1460
23:17:42 -   [Epoch 35/50] Train Loss: 0.0305 | Val Loss: 0.1455
23:18:27 -   [Epoch 36/50] Train Loss: 0.0301 | Val Loss: 0.1411
23:19:14 -   [Epoch 37/50] Train Loss: 0.0320 | Val Loss: 0.1420
23:19:53 -   [Epoch 38/50] Train Loss: 0.0316 | Val Loss: 0.1632
23:20:32 -   [Epoch 39/50] Train Loss: 0.0283 | Val Loss: 0.1462
23:21:12 -   [Epoch 40/50] Train Loss: 0.0228 | Val Loss: 0.1413
23:21:48 -   [Epoch 41/50] Train Loss: 0.0307 | Val Loss: 0.1485
23:22:23 -   [Epoch 42/50] Train Loss: 0.0260 | Val Loss: 0.1329
23:22:58 -   [Epoch 43/50] Train Loss: 0.0266 | Val Loss: 0.1440
23:23:32 -   [Epoch 44/50] Train Loss: 0.0261 | Val Loss: 0.1592
23:24:07 -   [Epoch 45/50] Train Loss: 0.0243 | Val Loss: 0.1505
23:24:41 -   [Epoch 46/50] Train Loss: 0.0303 | Val Loss: 0.1442
23:25:16 -   [Epoch 47/50] Train Loss: 0.0261 | Val Loss: 0.1440
23:25:50 -   [Epoch 48/50] Train Loss: 0.0286 | Val Loss: 0.1469
23:26:24 -   [Epoch 49/50] Train Loss: 0.0220 | Val Loss: 0.1440
23:26:58 -   [Epoch 50/50] Train Loss: 0.0270 | Val Loss: 0.1463
23:27:03 - Fold 3 Best Val Loss: 0.1186 @ Epoch 28 | Val Pothole F1: 0.5139 | Val PR-AUC: 0.6353
23:27:03 - Average Pothole F1: 0.5850 | Average PR-AUC: 0.6705
23:27:03 - Best epochs per fold: [25, 44, 28] | Optimal Epoch Average: 32
23:27:03 - Confusion matrix disimpan di D:\VSCode Data\Road Detection - Project Skripsi\ml_pipelines\evaluation\reports\cnn_1d\cnn_1d_confusion_matrix_oof.png
23:27:03 - OOF predictions disimpan untuk analisis ulang.
23:27:03 - Saved final global scaler parameters to D:\VSCode Data\Road Detection - Project Skripsi\ml_pipelines\evaluation\models\cnn_1d\cnn_1d_scaler_params.json
23:27:03 - Melatih final model dengan seluruh dataset sebanyak 32 epoch...
23:57:25 - Model final PyTorch disimpan di D:\VSCode Data\Road Detection - Project Skripsi\ml_pipelines\evaluation\models\cnn_1d\cnn_1d_model.pth
23:57:25 - Mengevaluasi model final pada Holdout Test Set (30%)...
23:57:38 - Holdout Test confusion matrix disimpan di D:\VSCode Data\Road Detection - Project Skripsi\ml_pipelines\evaluation\reports\cnn_1d\cnn_1d_confusion_matrix_holdout.png
23:57:38 - ONNX export is now handled exclusively by export_onnx.py to ensure MobileInferenceWrapper is applied.
23:57:38 - Please run `python src/cnn_model/export_onnx.py` manually after training.
------------------------------------------------------------

============================================================
      OOF REPORT      
============================================================
              precision    recall  f1-score   support

   Non-Event       0.94      0.97      0.96      2674
     Pothole       0.67      0.56      0.61       252
  Speed Bump       0.86      0.64      0.73       184

    accuracy                           0.92      3110
   macro avg       0.82      0.72      0.77      3110
weighted avg       0.91      0.92      0.91      3110

------------------------------------------------------------
        CONFUSION MATRIX (Out-of-Fold)
------------------------------------------------------------
               Non-Event     Pothole  Speed Bump
------------------------------------------------
   Non-Event        2599          61          14
     Pothole         106         141           5
  Speed Bump          57          10         117
============================================================

============================================================
     HOLDOUT TEST     
============================================================
              precision    recall  f1-score   support

   Non-Event       0.95      0.99      0.97      1423
     Pothole       0.83      0.49      0.62        91
  Speed Bump       0.92      0.58      0.71        59

    accuracy                           0.95      1573
   macro avg       0.90      0.69      0.77      1573
weighted avg       0.95      0.95      0.94      1573

============================================================

