23:30:11 - Loaded Optuna best parameters from D:\VSCode Data\Road Detection - Project Skripsi\ml_pipelines\src\cnn_model\best_optuna_params.json
23:30:11 - Using Params -> LR: 0.003773, Batch: 32, Channels: 32, Dropout: 0.4771, WD: 0.000099, Gamma: 1.12
23:30:11 - Split Summary (Trip-Based):
23:30:11 -   Dev Set (80%): 11 trips, 3742 samples
23:30:11 -   Test Set (20%): 5 trips, 941 samples
23:30:11 - Using device: cpu
23:30:11 - === Fold 1 ===
23:30:22 -   [Epoch 01/50] Train Loss: 0.3067 | Val Loss: 0.1926 | Val Macro F1: 0.3397
23:30:30 -   [Epoch 02/50] Train Loss: 0.2389 | Val Loss: 0.2101 | Val Macro F1: 0.3225
23:30:40 -   [Epoch 03/50] Train Loss: 0.1833 | Val Loss: 0.1283 | Val Macro F1: 0.5590
23:30:48 -   [Epoch 04/50] Train Loss: 0.1643 | Val Loss: 0.1215 | Val Macro F1: 0.7201
23:30:56 -   [Epoch 05/50] Train Loss: 0.1615 | Val Loss: 0.1317 | Val Macro F1: 0.5709
23:31:04 -   [Epoch 06/50] Train Loss: 0.1572 | Val Loss: 0.1208 | Val Macro F1: 0.7043
23:31:13 -   [Epoch 07/50] Train Loss: 0.1416 | Val Loss: 0.1186 | Val Macro F1: 0.7255
23:31:21 -   [Epoch 08/50] Train Loss: 0.1505 | Val Loss: 0.1252 | Val Macro F1: 0.7314
23:31:28 -   [Epoch 09/50] Train Loss: 0.1395 | Val Loss: 0.1102 | Val Macro F1: 0.7212
23:31:36 -   [Epoch 10/50] Train Loss: 0.1323 | Val Loss: 0.1197 | Val Macro F1: 0.6626
23:31:45 -   [Epoch 11/50] Train Loss: 0.1325 | Val Loss: 0.1008 | Val Macro F1: 0.7634
23:31:53 -   [Epoch 12/50] Train Loss: 0.1306 | Val Loss: 0.1035 | Val Macro F1: 0.6859
23:32:01 -   [Epoch 13/50] Train Loss: 0.1180 | Val Loss: 0.1033 | Val Macro F1: 0.7763
23:32:09 -   [Epoch 14/50] Train Loss: 0.1214 | Val Loss: 0.0992 | Val Macro F1: 0.7407
23:32:17 -   [Epoch 15/50] Train Loss: 0.1198 | Val Loss: 0.1258 | Val Macro F1: 0.6562
23:32:25 -   [Epoch 16/50] Train Loss: 0.1055 | Val Loss: 0.1251 | Val Macro F1: 0.6874
23:32:34 -   [Epoch 17/50] Train Loss: 0.1079 | Val Loss: 0.0985 | Val Macro F1: 0.7719
23:32:43 -   [Epoch 18/50] Train Loss: 0.1075 | Val Loss: 0.1067 | Val Macro F1: 0.7636
23:32:51 -   [Epoch 19/50] Train Loss: 0.1030 | Val Loss: 0.1157 | Val Macro F1: 0.7490
23:32:59 -   [Epoch 20/50] Train Loss: 0.1049 | Val Loss: 0.0926 | Val Macro F1: 0.8049
23:33:06 -   [Epoch 21/50] Train Loss: 0.0977 | Val Loss: 0.1319 | Val Macro F1: 0.6884
23:33:15 -   [Epoch 22/50] Train Loss: 0.1003 | Val Loss: 0.1117 | Val Macro F1: 0.6991
23:33:22 -   [Epoch 23/50] Train Loss: 0.0985 | Val Loss: 0.1197 | Val Macro F1: 0.7071
23:33:30 -   [Epoch 24/50] Train Loss: 0.0937 | Val Loss: 0.1092 | Val Macro F1: 0.7472
23:33:38 -   [Epoch 25/50] Train Loss: 0.0963 | Val Loss: 0.0964 | Val Macro F1: 0.8035
23:33:46 -   [Epoch 26/50] Train Loss: 0.0862 | Val Loss: 0.1122 | Val Macro F1: 0.7257
23:33:54 -   [Epoch 27/50] Train Loss: 0.0822 | Val Loss: 0.1100 | Val Macro F1: 0.7458
23:34:02 -   [Epoch 28/50] Train Loss: 0.0899 | Val Loss: 0.0972 | Val Macro F1: 0.7898
23:34:11 -   [Epoch 29/50] Train Loss: 0.0859 | Val Loss: 0.1094 | Val Macro F1: 0.7403
23:34:19 -   [Epoch 30/50] Train Loss: 0.0837 | Val Loss: 0.1028 | Val Macro F1: 0.7729
23:34:27 -   [Epoch 31/50] Train Loss: 0.0850 | Val Loss: 0.1026 | Val Macro F1: 0.7576
23:34:35 -   [Epoch 32/50] Train Loss: 0.0776 | Val Loss: 0.1035 | Val Macro F1: 0.7670
23:34:43 -   [Epoch 33/50] Train Loss: 0.0848 | Val Loss: 0.1141 | Val Macro F1: 0.7518
23:34:51 -   [Epoch 34/50] Train Loss: 0.0776 | Val Loss: 0.1138 | Val Macro F1: 0.7597
23:34:59 -   [Epoch 35/50] Train Loss: 0.0794 | Val Loss: 0.0980 | Val Macro F1: 0.7634
23:35:07 -   [Epoch 36/50] Train Loss: 0.0787 | Val Loss: 0.0957 | Val Macro F1: 0.8023
23:35:15 -   [Epoch 37/50] Train Loss: 0.0715 | Val Loss: 0.1017 | Val Macro F1: 0.7681
23:35:22 -   [Epoch 38/50] Train Loss: 0.0726 | Val Loss: 0.0987 | Val Macro F1: 0.7892
23:35:30 -   [Epoch 39/50] Train Loss: 0.0733 | Val Loss: 0.0978 | Val Macro F1: 0.7750
23:35:38 -   [Epoch 40/50] Train Loss: 0.0732 | Val Loss: 0.1052 | Val Macro F1: 0.7814
23:35:47 -   [Epoch 41/50] Train Loss: 0.0758 | Val Loss: 0.1000 | Val Macro F1: 0.7819
23:35:57 -   [Epoch 42/50] Train Loss: 0.0730 | Val Loss: 0.0980 | Val Macro F1: 0.7972
23:36:05 -   [Epoch 43/50] Train Loss: 0.0638 | Val Loss: 0.1028 | Val Macro F1: 0.7851
23:36:13 -   [Epoch 44/50] Train Loss: 0.0708 | Val Loss: 0.1041 | Val Macro F1: 0.7850
23:36:21 -   [Epoch 45/50] Train Loss: 0.0718 | Val Loss: 0.0987 | Val Macro F1: 0.7948
23:36:29 -   [Epoch 46/50] Train Loss: 0.0652 | Val Loss: 0.1006 | Val Macro F1: 0.7855
23:36:37 -   [Epoch 47/50] Train Loss: 0.0724 | Val Loss: 0.1012 | Val Macro F1: 0.7921
23:36:46 -   [Epoch 48/50] Train Loss: 0.0692 | Val Loss: 0.1006 | Val Macro F1: 0.7933
23:36:54 -   [Epoch 49/50] Train Loss: 0.0710 | Val Loss: 0.0995 | Val Macro F1: 0.7939
23:37:02 -   [Epoch 50/50] Train Loss: 0.0722 | Val Loss: 0.1005 | Val Macro F1: 0.7939
23:37:03 - Fold 1 Best Val Loss: 0.0980 @ Epoch 42 | Val Pothole F1: 0.5620 | Val PR-AUC: 0.6307
23:37:03 - === Fold 2 ===
23:37:11 -   [Epoch 01/50] Train Loss: 0.3431 | Val Loss: 0.1954 | Val Macro F1: 0.3161
23:37:20 -   [Epoch 02/50] Train Loss: 0.2572 | Val Loss: 0.1807 | Val Macro F1: 0.3314
23:37:29 -   [Epoch 03/50] Train Loss: 0.2072 | Val Loss: 0.1258 | Val Macro F1: 0.4857
23:37:37 -   [Epoch 04/50] Train Loss: 0.1748 | Val Loss: 0.1032 | Val Macro F1: 0.6589
23:37:45 -   [Epoch 05/50] Train Loss: 0.1654 | Val Loss: 0.1036 | Val Macro F1: 0.6531
23:37:54 -   [Epoch 06/50] Train Loss: 0.1569 | Val Loss: 0.0887 | Val Macro F1: 0.6650
23:38:03 -   [Epoch 07/50] Train Loss: 0.1460 | Val Loss: 0.0902 | Val Macro F1: 0.7354
23:38:11 -   [Epoch 08/50] Train Loss: 0.1477 | Val Loss: 0.1323 | Val Macro F1: 0.4796
23:38:20 -   [Epoch 09/50] Train Loss: 0.1385 | Val Loss: 0.1133 | Val Macro F1: 0.6524
23:38:27 -   [Epoch 10/50] Train Loss: 0.1434 | Val Loss: 0.0908 | Val Macro F1: 0.7495
23:38:36 -   [Epoch 11/50] Train Loss: 0.1318 | Val Loss: 0.0866 | Val Macro F1: 0.7684
23:38:45 -   [Epoch 12/50] Train Loss: 0.1431 | Val Loss: 0.1049 | Val Macro F1: 0.7003
23:38:53 -   [Epoch 13/50] Train Loss: 0.1280 | Val Loss: 0.0935 | Val Macro F1: 0.7579
23:39:02 -   [Epoch 14/50] Train Loss: 0.1308 | Val Loss: 0.1129 | Val Macro F1: 0.6612
23:39:10 -   [Epoch 15/50] Train Loss: 0.1187 | Val Loss: 0.0829 | Val Macro F1: 0.7962
23:39:19 -   [Epoch 16/50] Train Loss: 0.1226 | Val Loss: 0.1031 | Val Macro F1: 0.7517
23:39:27 -   [Epoch 17/50] Train Loss: 0.1229 | Val Loss: 0.1061 | Val Macro F1: 0.7606
23:39:35 -   [Epoch 18/50] Train Loss: 0.1170 | Val Loss: 0.0863 | Val Macro F1: 0.7639
23:39:43 -   [Epoch 19/50] Train Loss: 0.1146 | Val Loss: 0.0917 | Val Macro F1: 0.7720
23:39:52 -   [Epoch 20/50] Train Loss: 0.1124 | Val Loss: 0.0863 | Val Macro F1: 0.7636
23:40:01 -   [Epoch 21/50] Train Loss: 0.1085 | Val Loss: 0.0711 | Val Macro F1: 0.8465
23:40:09 -   [Epoch 22/50] Train Loss: 0.1100 | Val Loss: 0.1372 | Val Macro F1: 0.6648
23:40:18 -   [Epoch 23/50] Train Loss: 0.1078 | Val Loss: 0.0957 | Val Macro F1: 0.7898
23:40:26 -   [Epoch 24/50] Train Loss: 0.1106 | Val Loss: 0.0880 | Val Macro F1: 0.7959
23:40:34 -   [Epoch 25/50] Train Loss: 0.1045 | Val Loss: 0.0934 | Val Macro F1: 0.7543
23:40:42 -   [Epoch 26/50] Train Loss: 0.1053 | Val Loss: 0.0763 | Val Macro F1: 0.8108
23:40:51 -   [Epoch 27/50] Train Loss: 0.0949 | Val Loss: 0.0767 | Val Macro F1: 0.8138
23:40:59 -   [Epoch 28/50] Train Loss: 0.0931 | Val Loss: 0.0767 | Val Macro F1: 0.8169
23:41:07 -   [Epoch 29/50] Train Loss: 0.0967 | Val Loss: 0.0951 | Val Macro F1: 0.7753
23:41:15 -   [Epoch 30/50] Train Loss: 0.1002 | Val Loss: 0.0861 | Val Macro F1: 0.7844
23:41:24 -   [Epoch 31/50] Train Loss: 0.0890 | Val Loss: 0.0959 | Val Macro F1: 0.7627
23:41:32 -   [Epoch 32/50] Train Loss: 0.0978 | Val Loss: 0.0864 | Val Macro F1: 0.7852
23:41:40 -   [Epoch 33/50] Train Loss: 0.0889 | Val Loss: 0.0885 | Val Macro F1: 0.7778
23:41:50 -   [Epoch 34/50] Train Loss: 0.0889 | Val Loss: 0.0720 | Val Macro F1: 0.8339
23:41:59 -   [Epoch 35/50] Train Loss: 0.0889 | Val Loss: 0.0910 | Val Macro F1: 0.7916
23:42:07 -   [Epoch 36/50] Train Loss: 0.0811 | Val Loss: 0.0793 | Val Macro F1: 0.8122
23:42:16 -   [Epoch 37/50] Train Loss: 0.0873 | Val Loss: 0.0791 | Val Macro F1: 0.8183
23:42:25 -   [Epoch 38/50] Train Loss: 0.0872 | Val Loss: 0.0911 | Val Macro F1: 0.8150
23:42:33 -   [Epoch 39/50] Train Loss: 0.0847 | Val Loss: 0.0870 | Val Macro F1: 0.8004
23:42:41 -   [Epoch 40/50] Train Loss: 0.0813 | Val Loss: 0.0860 | Val Macro F1: 0.8107
23:42:50 -   [Epoch 41/50] Train Loss: 0.0849 | Val Loss: 0.0863 | Val Macro F1: 0.7983
23:42:58 -   [Epoch 42/50] Train Loss: 0.0808 | Val Loss: 0.0788 | Val Macro F1: 0.8229
23:43:07 -   [Epoch 43/50] Train Loss: 0.0819 | Val Loss: 0.0826 | Val Macro F1: 0.8059
23:43:15 -   [Epoch 44/50] Train Loss: 0.0821 | Val Loss: 0.0880 | Val Macro F1: 0.7936
23:43:24 -   [Epoch 45/50] Train Loss: 0.0790 | Val Loss: 0.0877 | Val Macro F1: 0.7841
23:43:33 -   [Epoch 46/50] Train Loss: 0.0799 | Val Loss: 0.0922 | Val Macro F1: 0.7958
23:43:41 -   [Epoch 47/50] Train Loss: 0.0795 | Val Loss: 0.0902 | Val Macro F1: 0.7986
23:43:49 -   [Epoch 48/50] Train Loss: 0.0774 | Val Loss: 0.0883 | Val Macro F1: 0.7958
23:43:58 -   [Epoch 49/50] Train Loss: 0.0727 | Val Loss: 0.0838 | Val Macro F1: 0.8036
23:44:06 -   [Epoch 50/50] Train Loss: 0.0832 | Val Loss: 0.0859 | Val Macro F1: 0.8084
23:44:06 - Fold 2 Best Val Loss: 0.0720 @ Epoch 34 | Val Pothole F1: 0.7500 | Val PR-AUC: 0.8206
23:44:06 - === Fold 3 ===
23:44:15 -   [Epoch 01/50] Train Loss: 0.2955 | Val Loss: 0.2746 | Val Macro F1: 0.3495
23:44:23 -   [Epoch 02/50] Train Loss: 0.2043 | Val Loss: 0.2085 | Val Macro F1: 0.3869
23:44:30 -   [Epoch 03/50] Train Loss: 0.1674 | Val Loss: 0.2036 | Val Macro F1: 0.4695
23:44:38 -   [Epoch 04/50] Train Loss: 0.1540 | Val Loss: 0.1758 | Val Macro F1: 0.6020
23:44:46 -   [Epoch 05/50] Train Loss: 0.1509 | Val Loss: 0.1907 | Val Macro F1: 0.5500
23:44:55 -   [Epoch 06/50] Train Loss: 0.1481 | Val Loss: 0.1768 | Val Macro F1: 0.5909
23:45:02 -   [Epoch 07/50] Train Loss: 0.1431 | Val Loss: 0.2026 | Val Macro F1: 0.6379
23:45:10 -   [Epoch 08/50] Train Loss: 0.1395 | Val Loss: 0.2077 | Val Macro F1: 0.6798
23:45:18 -   [Epoch 09/50] Train Loss: 0.1275 | Val Loss: 0.1627 | Val Macro F1: 0.6803
23:45:26 -   [Epoch 10/50] Train Loss: 0.1296 | Val Loss: 0.1770 | Val Macro F1: 0.7272
23:45:34 -   [Epoch 11/50] Train Loss: 0.1311 | Val Loss: 0.2120 | Val Macro F1: 0.6296
23:45:41 -   [Epoch 12/50] Train Loss: 0.1299 | Val Loss: 0.1701 | Val Macro F1: 0.6988
23:45:49 -   [Epoch 13/50] Train Loss: 0.1228 | Val Loss: 0.1815 | Val Macro F1: 0.6915
23:45:57 -   [Epoch 14/50] Train Loss: 0.1204 | Val Loss: 0.1818 | Val Macro F1: 0.6815
23:46:05 -   [Epoch 15/50] Train Loss: 0.1201 | Val Loss: 0.1641 | Val Macro F1: 0.7120
23:46:13 -   [Epoch 16/50] Train Loss: 0.1140 | Val Loss: 0.1676 | Val Macro F1: 0.7473
23:46:21 -   [Epoch 17/50] Train Loss: 0.1072 | Val Loss: 0.1430 | Val Macro F1: 0.7611
23:46:29 -   [Epoch 18/50] Train Loss: 0.1109 | Val Loss: 0.1819 | Val Macro F1: 0.7378
23:46:37 -   [Epoch 19/50] Train Loss: 0.1079 | Val Loss: 0.1529 | Val Macro F1: 0.7001
23:46:44 -   [Epoch 20/50] Train Loss: 0.1073 | Val Loss: 0.1643 | Val Macro F1: 0.7169
23:46:52 -   [Epoch 21/50] Train Loss: 0.1063 | Val Loss: 0.1520 | Val Macro F1: 0.7179
23:47:00 -   [Epoch 22/50] Train Loss: 0.0973 | Val Loss: 0.2131 | Val Macro F1: 0.7018
23:47:08 -   [Epoch 23/50] Train Loss: 0.1031 | Val Loss: 0.1399 | Val Macro F1: 0.7530
23:47:15 -   [Epoch 24/50] Train Loss: 0.0927 | Val Loss: 0.1505 | Val Macro F1: 0.7272
23:47:24 -   [Epoch 25/50] Train Loss: 0.0916 | Val Loss: 0.1820 | Val Macro F1: 0.6823
23:47:32 -   [Epoch 26/50] Train Loss: 0.0964 | Val Loss: 0.1422 | Val Macro F1: 0.7652
23:47:40 -   [Epoch 27/50] Train Loss: 0.0940 | Val Loss: 0.2045 | Val Macro F1: 0.6953
23:47:48 -   [Epoch 28/50] Train Loss: 0.0846 | Val Loss: 0.1834 | Val Macro F1: 0.7388
23:47:57 -   [Epoch 29/50] Train Loss: 0.0876 | Val Loss: 0.1355 | Val Macro F1: 0.7598
23:48:04 -   [Epoch 30/50] Train Loss: 0.0860 | Val Loss: 0.1470 | Val Macro F1: 0.7541
23:48:12 -   [Epoch 31/50] Train Loss: 0.0753 | Val Loss: 0.1637 | Val Macro F1: 0.7323
23:48:19 -   [Epoch 32/50] Train Loss: 0.0839 | Val Loss: 0.1622 | Val Macro F1: 0.7411
23:48:28 -   [Epoch 33/50] Train Loss: 0.0734 | Val Loss: 0.1638 | Val Macro F1: 0.7748
23:48:36 -   [Epoch 34/50] Train Loss: 0.0904 | Val Loss: 0.1628 | Val Macro F1: 0.7995
23:48:43 -   [Epoch 35/50] Train Loss: 0.0825 | Val Loss: 0.1698 | Val Macro F1: 0.7603
23:48:52 -   [Epoch 36/50] Train Loss: 0.0786 | Val Loss: 0.1488 | Val Macro F1: 0.7598
23:48:59 -   [Epoch 37/50] Train Loss: 0.0768 | Val Loss: 0.1532 | Val Macro F1: 0.7477
23:49:07 -   [Epoch 38/50] Train Loss: 0.0823 | Val Loss: 0.1485 | Val Macro F1: 0.7692
23:49:15 -   [Epoch 39/50] Train Loss: 0.0743 | Val Loss: 0.1571 | Val Macro F1: 0.7780
23:49:23 -   [Epoch 40/50] Train Loss: 0.0644 | Val Loss: 0.1782 | Val Macro F1: 0.7473
23:49:31 -   [Epoch 41/50] Train Loss: 0.0764 | Val Loss: 0.1499 | Val Macro F1: 0.7613
23:49:39 -   [Epoch 42/50] Train Loss: 0.0667 | Val Loss: 0.1470 | Val Macro F1: 0.7675
23:49:47 -   [Epoch 43/50] Train Loss: 0.0706 | Val Loss: 0.1521 | Val Macro F1: 0.7803
23:49:55 -   [Epoch 44/50] Train Loss: 0.0691 | Val Loss: 0.1685 | Val Macro F1: 0.7718
23:50:03 -   [Epoch 45/50] Train Loss: 0.0690 | Val Loss: 0.1612 | Val Macro F1: 0.7781
23:50:11 -   [Epoch 46/50] Train Loss: 0.0671 | Val Loss: 0.1601 | Val Macro F1: 0.7665
23:50:19 -   [Epoch 47/50] Train Loss: 0.0766 | Val Loss: 0.1631 | Val Macro F1: 0.7638
23:50:27 -   [Epoch 48/50] Train Loss: 0.0672 | Val Loss: 0.1512 | Val Macro F1: 0.7718
23:50:36 -   [Epoch 49/50] Train Loss: 0.0677 | Val Loss: 0.1571 | Val Macro F1: 0.7694
23:50:43 -   [Epoch 50/50] Train Loss: 0.0657 | Val Loss: 0.1699 | Val Macro F1: 0.7548
23:50:44 - Fold 3 Best Val Loss: 0.1470 @ Epoch 42 | Val Pothole F1: 0.5691 | Val PR-AUC: 0.8117
23:50:44 - === Fold 4 ===
23:50:53 -   [Epoch 01/50] Train Loss: 0.2793 | Val Loss: 0.2407 | Val Macro F1: 0.3286
23:51:01 -   [Epoch 02/50] Train Loss: 0.2205 | Val Loss: 0.2304 | Val Macro F1: 0.3495
23:51:10 -   [Epoch 03/50] Train Loss: 0.1880 | Val Loss: 0.2080 | Val Macro F1: 0.4210
23:51:18 -   [Epoch 04/50] Train Loss: 0.1671 | Val Loss: 0.1970 | Val Macro F1: 0.4872
23:51:25 -   [Epoch 05/50] Train Loss: 0.1529 | Val Loss: 0.1710 | Val Macro F1: 0.5666
23:51:34 -   [Epoch 06/50] Train Loss: 0.1462 | Val Loss: 0.1785 | Val Macro F1: 0.6121
23:51:42 -   [Epoch 07/50] Train Loss: 0.1407 | Val Loss: 0.1648 | Val Macro F1: 0.6182
23:51:51 -   [Epoch 08/50] Train Loss: 0.1389 | Val Loss: 0.1662 | Val Macro F1: 0.5523
23:51:59 -   [Epoch 09/50] Train Loss: 0.1311 | Val Loss: 0.1599 | Val Macro F1: 0.6455
23:52:07 -   [Epoch 10/50] Train Loss: 0.1258 | Val Loss: 0.1578 | Val Macro F1: 0.6047
23:52:15 -   [Epoch 11/50] Train Loss: 0.1287 | Val Loss: 0.1404 | Val Macro F1: 0.6677
23:52:23 -   [Epoch 12/50] Train Loss: 0.1175 | Val Loss: 0.1400 | Val Macro F1: 0.6752
23:52:31 -   [Epoch 13/50] Train Loss: 0.1209 | Val Loss: 0.1612 | Val Macro F1: 0.5335
23:52:39 -   [Epoch 14/50] Train Loss: 0.1172 | Val Loss: 0.1443 | Val Macro F1: 0.6531
23:52:48 -   [Epoch 15/50] Train Loss: 0.1146 | Val Loss: 0.1764 | Val Macro F1: 0.6167
23:52:56 -   [Epoch 16/50] Train Loss: 0.1040 | Val Loss: 0.1675 | Val Macro F1: 0.6420
23:53:04 -   [Epoch 17/50] Train Loss: 0.1045 | Val Loss: 0.1662 | Val Macro F1: 0.5974
23:53:12 -   [Epoch 18/50] Train Loss: 0.1035 | Val Loss: 0.1382 | Val Macro F1: 0.7002
23:53:20 -   [Epoch 19/50] Train Loss: 0.0942 | Val Loss: 0.1562 | Val Macro F1: 0.6426
23:53:29 -   [Epoch 20/50] Train Loss: 0.1008 | Val Loss: 0.1287 | Val Macro F1: 0.7505
23:53:37 -   [Epoch 21/50] Train Loss: 0.0987 | Val Loss: 0.1393 | Val Macro F1: 0.7110
23:53:45 -   [Epoch 22/50] Train Loss: 0.0952 | Val Loss: 0.1256 | Val Macro F1: 0.7540
23:53:54 -   [Epoch 23/50] Train Loss: 0.0904 | Val Loss: 0.1321 | Val Macro F1: 0.7784
23:54:02 -   [Epoch 24/50] Train Loss: 0.0883 | Val Loss: 0.1507 | Val Macro F1: 0.7376
23:54:11 -   [Epoch 25/50] Train Loss: 0.0890 | Val Loss: 0.1663 | Val Macro F1: 0.7227
23:54:19 -   [Epoch 26/50] Train Loss: 0.0855 | Val Loss: 0.1450 | Val Macro F1: 0.7411
23:54:27 -   [Epoch 27/50] Train Loss: 0.0940 | Val Loss: 0.1333 | Val Macro F1: 0.7580
23:54:35 -   [Epoch 28/50] Train Loss: 0.0866 | Val Loss: 0.1325 | Val Macro F1: 0.7745
23:54:43 -   [Epoch 29/50] Train Loss: 0.0827 | Val Loss: 0.1499 | Val Macro F1: 0.6925
23:54:51 -   [Epoch 30/50] Train Loss: 0.0770 | Val Loss: 0.1331 | Val Macro F1: 0.7470
23:54:59 -   [Epoch 31/50] Train Loss: 0.0746 | Val Loss: 0.1282 | Val Macro F1: 0.7602
23:55:08 -   [Epoch 32/50] Train Loss: 0.0841 | Val Loss: 0.1403 | Val Macro F1: 0.7626
23:55:16 -   [Epoch 33/50] Train Loss: 0.0736 | Val Loss: 0.1384 | Val Macro F1: 0.7393
23:55:24 -   [Epoch 34/50] Train Loss: 0.0781 | Val Loss: 0.1370 | Val Macro F1: 0.7395
23:55:33 -   [Epoch 35/50] Train Loss: 0.0693 | Val Loss: 0.1382 | Val Macro F1: 0.7406
23:55:41 -   [Epoch 36/50] Train Loss: 0.0690 | Val Loss: 0.1401 | Val Macro F1: 0.7499
23:55:49 -   [Epoch 37/50] Train Loss: 0.0722 | Val Loss: 0.1562 | Val Macro F1: 0.7311
23:55:57 -   [Epoch 38/50] Train Loss: 0.0690 | Val Loss: 0.1428 | Val Macro F1: 0.7636
23:56:06 -   [Epoch 39/50] Train Loss: 0.0665 | Val Loss: 0.1541 | Val Macro F1: 0.7170
23:56:14 -   [Epoch 40/50] Train Loss: 0.0650 | Val Loss: 0.1387 | Val Macro F1: 0.7412
23:56:22 -   [Epoch 41/50] Train Loss: 0.0664 | Val Loss: 0.1468 | Val Macro F1: 0.7335
23:56:31 -   [Epoch 42/50] Train Loss: 0.0684 | Val Loss: 0.1355 | Val Macro F1: 0.7699
23:56:39 -   [Epoch 43/50] Train Loss: 0.0671 | Val Loss: 0.1401 | Val Macro F1: 0.7522
23:56:47 -   [Epoch 44/50] Train Loss: 0.0650 | Val Loss: 0.1404 | Val Macro F1: 0.7339
23:56:56 -   [Epoch 45/50] Train Loss: 0.0626 | Val Loss: 0.1415 | Val Macro F1: 0.7339
23:57:05 -   [Epoch 46/50] Train Loss: 0.0656 | Val Loss: 0.1398 | Val Macro F1: 0.7367
23:57:13 -   [Epoch 47/50] Train Loss: 0.0662 | Val Loss: 0.1399 | Val Macro F1: 0.7321
23:57:22 -   [Epoch 48/50] Train Loss: 0.0608 | Val Loss: 0.1426 | Val Macro F1: 0.7307
23:57:30 -   [Epoch 49/50] Train Loss: 0.0615 | Val Loss: 0.1420 | Val Macro F1: 0.7418
23:57:39 -   [Epoch 50/50] Train Loss: 0.0633 | Val Loss: 0.1414 | Val Macro F1: 0.7413
23:57:39 - Fold 4 Best Val Loss: 0.1256 @ Epoch 22 | Val Pothole F1: 0.6599 | Val PR-AUC: 0.6598
23:57:39 - Average Pothole F1: 0.6352 | Average PR-AUC: 0.7307
23:57:39 - Best epochs per fold: [42, 34, 42, 22] | Optimal Epoch Average: 35
23:57:40 - Confusion matrix disimpan di D:\VSCode Data\Road Detection - Project Skripsi\ml_pipelines\evaluation\reports\cnn_1d\cnn_1d_confusion_matrix_oof.png
23:57:40 - OOF predictions disimpan untuk analisis ulang.
23:57:40 - Saved final global scaler parameters to D:\VSCode Data\Road Detection - Project Skripsi\ml_pipelines\evaluation\models\cnn_1d\cnn_1d_scaler_params.json
23:57:40 - Melatih final model dengan seluruh dataset sebanyak 35 epoch...
00:03:19 - Model final PyTorch disimpan di D:\VSCode Data\Road Detection - Project Skripsi\ml_pipelines\evaluation\models\cnn_1d\cnn_1d_model.pth
00:03:19 - Mengevaluasi model final pada Holdout Test Set (20%)...
00:03:20 - Holdout Test confusion matrix disimpan di D:\VSCode Data\Road Detection - Project Skripsi\ml_pipelines\evaluation\reports\cnn_1d\cnn_1d_confusion_matrix_holdout.png
00:03:20 - ONNX export is now handled exclusively by export_onnx.py to ensure MobileInferenceWrapper is applied.
00:03:20 - Please run `python src/cnn_model/export_onnx.py` manually after training.
------------------------------------------------------------

============================================================
      OOF REPORT      
============================================================
              precision    recall  f1-score   support

   Non-Event       0.95      0.97      0.96      3254
     Pothole       0.69      0.58      0.63       287
  Speed Bump       0.86      0.65      0.74       201

    accuracy                           0.93      3742
   macro avg       0.83      0.73      0.78      3742
weighted avg       0.92      0.93      0.92      3742

------------------------------------------------------------
        CONFUSION MATRIX (Out-of-Fold)
------------------------------------------------------------
               Non-Event     Pothole  Speed Bump
------------------------------------------------
   Non-Event        3172          65          17
     Pothole         115         167           5
  Speed Bump          61          10         130
============================================================

============================================================
     HOLDOUT TEST     
============================================================
              precision    recall  f1-score   support

   Non-Event       0.96      0.99      0.98       843
     Pothole       0.87      0.61      0.72        56
  Speed Bump       0.84      0.62      0.71        42

    accuracy                           0.95       941
   macro avg       0.89      0.74      0.80       941
weighted avg       0.95      0.95      0.95       941

============================================================

