09:32:44 - Loaded Optuna best parameters from D:\VSCode Data\Road Detection - Project Skripsi\ml_pipelines\src\cnn_model\best_optuna_params.json
09:32:44 - Using Params -> LR: 0.001246, Batch: 64, Channels: 64, Dropout: 0.3441, WD: 0.000162, Gamma: 2.09
09:32:44 - Split Summary (Trip-Based):
09:32:44 -   Dev Set (80%): 11 trips, 3742 samples
09:32:44 -   Test Set (20%): 5 trips, 941 samples
09:32:44 - Using device: cpu
09:32:44 - === Fold 1 ===
09:32:44 - Saved fold scaler parameters to D:\VSCode Data\Road Detection - Project Skripsi\ml_pipelines\evaluation\models\cnn_1d\scaler_params.json
09:32:57 -   [Epoch 01/50] Train Loss: 0.2717 | Val Loss: 0.1370
09:33:06 -   [Epoch 02/50] Train Loss: 0.1617 | Val Loss: 0.1153
09:33:15 -   [Epoch 03/50] Train Loss: 0.1437 | Val Loss: 0.1044
09:33:25 -   [Epoch 04/50] Train Loss: 0.1231 | Val Loss: 0.0904
09:33:35 -   [Epoch 05/50] Train Loss: 0.1092 | Val Loss: 0.0947
09:33:45 -   [Epoch 06/50] Train Loss: 0.0980 | Val Loss: 0.0865
09:33:54 -   [Epoch 07/50] Train Loss: 0.0959 | Val Loss: 0.0808
09:34:04 -   [Epoch 08/50] Train Loss: 0.0839 | Val Loss: 0.0730
09:34:13 -   [Epoch 09/50] Train Loss: 0.0829 | Val Loss: 0.0699
09:34:22 -   [Epoch 10/50] Train Loss: 0.0844 | Val Loss: 0.0754
09:34:31 -   [Epoch 11/50] Train Loss: 0.0801 | Val Loss: 0.0700
09:34:40 -   [Epoch 12/50] Train Loss: 0.0741 | Val Loss: 0.0661
09:34:49 -   [Epoch 13/50] Train Loss: 0.0736 | Val Loss: 0.0731
09:34:59 -   [Epoch 14/50] Train Loss: 0.0718 | Val Loss: 0.0702
09:35:08 -   [Epoch 15/50] Train Loss: 0.0670 | Val Loss: 0.0721
09:35:16 -   [Epoch 16/50] Train Loss: 0.0678 | Val Loss: 0.0619
09:35:29 -   [Epoch 17/50] Train Loss: 0.0651 | Val Loss: 0.0615
09:35:42 -   [Epoch 18/50] Train Loss: 0.0577 | Val Loss: 0.0813
09:35:55 -   [Epoch 19/50] Train Loss: 0.0573 | Val Loss: 0.0656
09:36:07 -   [Epoch 20/50] Train Loss: 0.0595 | Val Loss: 0.0628
09:36:17 -   [Epoch 21/50] Train Loss: 0.0608 | Val Loss: 0.0620
09:36:26 -   [Epoch 22/50] Train Loss: 0.0521 | Val Loss: 0.0588
09:36:37 -   [Epoch 23/50] Train Loss: 0.0569 | Val Loss: 0.0592
09:36:46 -   [Epoch 24/50] Train Loss: 0.0532 | Val Loss: 0.0664
09:36:55 -   [Epoch 25/50] Train Loss: 0.0509 | Val Loss: 0.0643
09:37:05 -   [Epoch 26/50] Train Loss: 0.0489 | Val Loss: 0.0665
09:37:14 -   [Epoch 27/50] Train Loss: 0.0457 | Val Loss: 0.0662
09:37:24 -   [Epoch 28/50] Train Loss: 0.0515 | Val Loss: 0.0717
09:37:32 -   [Epoch 29/50] Train Loss: 0.0474 | Val Loss: 0.0667
09:37:41 -   [Epoch 30/50] Train Loss: 0.0420 | Val Loss: 0.0547
09:37:50 -   [Epoch 31/50] Train Loss: 0.0451 | Val Loss: 0.0698
09:38:00 -   [Epoch 32/50] Train Loss: 0.0432 | Val Loss: 0.0640
09:38:11 -   [Epoch 33/50] Train Loss: 0.0426 | Val Loss: 0.0616
09:38:27 -   [Epoch 34/50] Train Loss: 0.0431 | Val Loss: 0.0552
09:38:39 -   [Epoch 35/50] Train Loss: 0.0433 | Val Loss: 0.0611
09:38:50 -   [Epoch 36/50] Train Loss: 0.0380 | Val Loss: 0.0600
09:39:00 -   [Epoch 37/50] Train Loss: 0.0403 | Val Loss: 0.0588
09:39:10 -   [Epoch 38/50] Train Loss: 0.0400 | Val Loss: 0.0594
09:39:22 -   [Epoch 39/50] Train Loss: 0.0378 | Val Loss: 0.0573
09:39:35 -   [Epoch 40/50] Train Loss: 0.0365 | Val Loss: 0.0599
09:39:46 -   [Epoch 41/50] Train Loss: 0.0363 | Val Loss: 0.0571
09:39:59 -   [Epoch 42/50] Train Loss: 0.0389 | Val Loss: 0.0584
09:40:11 -   [Epoch 43/50] Train Loss: 0.0332 | Val Loss: 0.0591
09:40:24 -   [Epoch 44/50] Train Loss: 0.0389 | Val Loss: 0.0580
09:40:36 -   [Epoch 45/50] Train Loss: 0.0356 | Val Loss: 0.0594
09:40:48 -   [Epoch 46/50] Train Loss: 0.0384 | Val Loss: 0.0570
09:41:00 -   [Epoch 47/50] Train Loss: 0.0340 | Val Loss: 0.0590
09:41:12 -   [Epoch 48/50] Train Loss: 0.0400 | Val Loss: 0.0582
09:41:24 -   [Epoch 49/50] Train Loss: 0.0339 | Val Loss: 0.0582
09:41:37 -   [Epoch 50/50] Train Loss: 0.0360 | Val Loss: 0.0589
09:41:38 - Fold 1 Best Val Loss: 0.0547 @ Epoch 30 | Val Pothole F1: 0.6218 | Val PR-AUC: 0.7132
09:41:38 - === Fold 2 ===
09:41:50 -   [Epoch 01/50] Train Loss: 0.2046 | Val Loss: 0.1461
09:42:02 -   [Epoch 02/50] Train Loss: 0.1564 | Val Loss: 0.1197
09:42:15 -   [Epoch 03/50] Train Loss: 0.1278 | Val Loss: 0.0834
09:42:27 -   [Epoch 04/50] Train Loss: 0.1123 | Val Loss: 0.0968
09:42:39 -   [Epoch 05/50] Train Loss: 0.1025 | Val Loss: 0.0859
09:42:49 -   [Epoch 06/50] Train Loss: 0.1009 | Val Loss: 0.1013
09:43:01 -   [Epoch 07/50] Train Loss: 0.0941 | Val Loss: 0.0632
09:43:13 -   [Epoch 08/50] Train Loss: 0.0883 | Val Loss: 0.0621
09:43:27 -   [Epoch 09/50] Train Loss: 0.0838 | Val Loss: 0.1169
09:43:39 -   [Epoch 10/50] Train Loss: 0.0835 | Val Loss: 0.0813
09:43:52 -   [Epoch 11/50] Train Loss: 0.0820 | Val Loss: 0.0735
09:44:04 -   [Epoch 12/50] Train Loss: 0.0757 | Val Loss: 0.0719
09:44:17 -   [Epoch 13/50] Train Loss: 0.0726 | Val Loss: 0.0571
09:44:29 -   [Epoch 14/50] Train Loss: 0.0725 | Val Loss: 0.0551
09:44:41 -   [Epoch 15/50] Train Loss: 0.0694 | Val Loss: 0.0913
09:44:53 -   [Epoch 16/50] Train Loss: 0.0640 | Val Loss: 0.0678
09:45:06 -   [Epoch 17/50] Train Loss: 0.0667 | Val Loss: 0.0587
09:45:17 -   [Epoch 18/50] Train Loss: 0.0570 | Val Loss: 0.0439
09:45:30 -   [Epoch 19/50] Train Loss: 0.0596 | Val Loss: 0.0650
09:45:40 -   [Epoch 20/50] Train Loss: 0.0653 | Val Loss: 0.0598
09:45:53 -   [Epoch 21/50] Train Loss: 0.0593 | Val Loss: 0.0437
09:46:05 -   [Epoch 22/50] Train Loss: 0.0567 | Val Loss: 0.0710
09:46:17 -   [Epoch 23/50] Train Loss: 0.0498 | Val Loss: 0.0499
09:46:30 -   [Epoch 24/50] Train Loss: 0.0511 | Val Loss: 0.0787
09:46:42 -   [Epoch 25/50] Train Loss: 0.0565 | Val Loss: 0.0465
09:46:55 -   [Epoch 26/50] Train Loss: 0.0505 | Val Loss: 0.0603
09:47:08 -   [Epoch 27/50] Train Loss: 0.0534 | Val Loss: 0.0816
09:47:20 -   [Epoch 28/50] Train Loss: 0.0506 | Val Loss: 0.0605
09:47:32 -   [Epoch 29/50] Train Loss: 0.0499 | Val Loss: 0.0532
09:47:45 -   [Epoch 30/50] Train Loss: 0.0443 | Val Loss: 0.0679
09:47:57 -   [Epoch 31/50] Train Loss: 0.0478 | Val Loss: 0.0488
09:48:09 -   [Epoch 32/50] Train Loss: 0.0458 | Val Loss: 0.0483
09:48:22 -   [Epoch 33/50] Train Loss: 0.0407 | Val Loss: 0.0546
09:48:34 -   [Epoch 34/50] Train Loss: 0.0390 | Val Loss: 0.0428
09:48:46 -   [Epoch 35/50] Train Loss: 0.0428 | Val Loss: 0.0661
09:48:59 -   [Epoch 36/50] Train Loss: 0.0413 | Val Loss: 0.0553
09:49:09 -   [Epoch 37/50] Train Loss: 0.0374 | Val Loss: 0.0510
09:49:19 -   [Epoch 38/50] Train Loss: 0.0406 | Val Loss: 0.0670
09:49:28 -   [Epoch 39/50] Train Loss: 0.0400 | Val Loss: 0.0565
09:49:37 -   [Epoch 40/50] Train Loss: 0.0397 | Val Loss: 0.0550
09:49:47 -   [Epoch 41/50] Train Loss: 0.0371 | Val Loss: 0.0480
09:49:58 -   [Epoch 42/50] Train Loss: 0.0377 | Val Loss: 0.0511
09:50:11 -   [Epoch 43/50] Train Loss: 0.0358 | Val Loss: 0.0514
09:50:24 -   [Epoch 44/50] Train Loss: 0.0359 | Val Loss: 0.0511
09:50:36 -   [Epoch 45/50] Train Loss: 0.0374 | Val Loss: 0.0511
09:50:46 -   [Epoch 46/50] Train Loss: 0.0359 | Val Loss: 0.0501
09:50:56 -   [Epoch 47/50] Train Loss: 0.0355 | Val Loss: 0.0499
09:51:06 -   [Epoch 48/50] Train Loss: 0.0346 | Val Loss: 0.0509
09:51:15 -   [Epoch 49/50] Train Loss: 0.0345 | Val Loss: 0.0528
09:51:24 -   [Epoch 50/50] Train Loss: 0.0347 | Val Loss: 0.0517
09:51:25 - Fold 2 Best Val Loss: 0.0428 @ Epoch 34 | Val Pothole F1: 0.7253 | Val PR-AUC: 0.8286
09:51:25 - === Fold 3 ===
09:51:34 -   [Epoch 01/50] Train Loss: 0.2174 | Val Loss: 0.1900
09:51:43 -   [Epoch 02/50] Train Loss: 0.1382 | Val Loss: 0.1818
09:51:52 -   [Epoch 03/50] Train Loss: 0.1146 | Val Loss: 0.1453
09:52:01 -   [Epoch 04/50] Train Loss: 0.0983 | Val Loss: 0.1196
09:52:09 -   [Epoch 05/50] Train Loss: 0.0899 | Val Loss: 0.1106
09:52:18 -   [Epoch 06/50] Train Loss: 0.0848 | Val Loss: 0.0998
09:52:28 -   [Epoch 07/50] Train Loss: 0.0853 | Val Loss: 0.1142
09:52:37 -   [Epoch 08/50] Train Loss: 0.0808 | Val Loss: 0.1929
09:52:47 -   [Epoch 09/50] Train Loss: 0.0766 | Val Loss: 0.1693
09:52:56 -   [Epoch 10/50] Train Loss: 0.0793 | Val Loss: 0.1011
09:53:06 -   [Epoch 11/50] Train Loss: 0.0717 | Val Loss: 0.1217
09:53:14 -   [Epoch 12/50] Train Loss: 0.0701 | Val Loss: 0.1419
09:53:23 -   [Epoch 13/50] Train Loss: 0.0680 | Val Loss: 0.1167
09:53:32 -   [Epoch 14/50] Train Loss: 0.0696 | Val Loss: 0.0990
09:53:42 -   [Epoch 15/50] Train Loss: 0.0621 | Val Loss: 0.1064
09:53:53 -   [Epoch 16/50] Train Loss: 0.0630 | Val Loss: 0.1080
09:54:01 -   [Epoch 17/50] Train Loss: 0.0586 | Val Loss: 0.1127
09:54:11 -   [Epoch 18/50] Train Loss: 0.0582 | Val Loss: 0.1082
09:54:22 -   [Epoch 19/50] Train Loss: 0.0553 | Val Loss: 0.1765
09:54:32 -   [Epoch 20/50] Train Loss: 0.0574 | Val Loss: 0.1720
09:54:41 -   [Epoch 21/50] Train Loss: 0.0563 | Val Loss: 0.1355
09:54:49 -   [Epoch 22/50] Train Loss: 0.0539 | Val Loss: 0.1230
09:54:58 -   [Epoch 23/50] Train Loss: 0.0582 | Val Loss: 0.0903
09:55:06 -   [Epoch 24/50] Train Loss: 0.0550 | Val Loss: 0.1208
09:55:15 -   [Epoch 25/50] Train Loss: 0.0464 | Val Loss: 0.0880
09:55:24 -   [Epoch 26/50] Train Loss: 0.0504 | Val Loss: 0.1183
09:55:35 -   [Epoch 27/50] Train Loss: 0.0441 | Val Loss: 0.1082
09:55:49 -   [Epoch 28/50] Train Loss: 0.0480 | Val Loss: 0.1108
09:56:01 -   [Epoch 29/50] Train Loss: 0.0466 | Val Loss: 0.1211
09:56:13 -   [Epoch 30/50] Train Loss: 0.0433 | Val Loss: 0.1101
09:56:25 -   [Epoch 31/50] Train Loss: 0.0483 | Val Loss: 0.1331
09:56:36 -   [Epoch 32/50] Train Loss: 0.0406 | Val Loss: 0.1108
09:56:48 -   [Epoch 33/50] Train Loss: 0.0396 | Val Loss: 0.0960
09:57:00 -   [Epoch 34/50] Train Loss: 0.0376 | Val Loss: 0.1058
09:57:11 -   [Epoch 35/50] Train Loss: 0.0401 | Val Loss: 0.1250
09:57:22 -   [Epoch 36/50] Train Loss: 0.0366 | Val Loss: 0.1040
09:57:34 -   [Epoch 37/50] Train Loss: 0.0343 | Val Loss: 0.1037
09:57:46 -   [Epoch 38/50] Train Loss: 0.0347 | Val Loss: 0.1142
09:57:58 -   [Epoch 39/50] Train Loss: 0.0343 | Val Loss: 0.1068
09:58:10 -   [Epoch 40/50] Train Loss: 0.0381 | Val Loss: 0.1091
09:58:21 -   [Epoch 41/50] Train Loss: 0.0352 | Val Loss: 0.1074
09:58:31 -   [Epoch 42/50] Train Loss: 0.0347 | Val Loss: 0.1075
09:58:40 -   [Epoch 43/50] Train Loss: 0.0363 | Val Loss: 0.1130
09:58:49 -   [Epoch 44/50] Train Loss: 0.0335 | Val Loss: 0.1073
09:58:58 -   [Epoch 45/50] Train Loss: 0.0350 | Val Loss: 0.1090
09:59:09 -   [Epoch 46/50] Train Loss: 0.0352 | Val Loss: 0.1101
09:59:19 -   [Epoch 47/50] Train Loss: 0.0377 | Val Loss: 0.1041
09:59:28 -   [Epoch 48/50] Train Loss: 0.0342 | Val Loss: 0.1081
09:59:39 -   [Epoch 49/50] Train Loss: 0.0308 | Val Loss: 0.1129
09:59:51 -   [Epoch 50/50] Train Loss: 0.0357 | Val Loss: 0.1082
09:59:53 - Fold 3 Best Val Loss: 0.0880 @ Epoch 25 | Val Pothole F1: 0.6190 | Val PR-AUC: 0.8024
09:59:53 - === Fold 4 ===
10:00:06 -   [Epoch 01/50] Train Loss: 0.1948 | Val Loss: 0.1825
10:00:19 -   [Epoch 02/50] Train Loss: 0.1484 | Val Loss: 0.1490
10:00:32 -   [Epoch 03/50] Train Loss: 0.1348 | Val Loss: 0.1333
10:00:47 -   [Epoch 04/50] Train Loss: 0.1133 | Val Loss: 0.3404
10:01:00 -   [Epoch 05/50] Train Loss: 0.1039 | Val Loss: 0.1133
10:01:12 -   [Epoch 06/50] Train Loss: 0.0918 | Val Loss: 0.1152
10:01:22 -   [Epoch 07/50] Train Loss: 0.0878 | Val Loss: 0.1028
10:01:32 -   [Epoch 08/50] Train Loss: 0.0866 | Val Loss: 0.1345
10:01:42 -   [Epoch 09/50] Train Loss: 0.0763 | Val Loss: 0.1016
10:01:51 -   [Epoch 10/50] Train Loss: 0.0739 | Val Loss: 0.0964
10:02:02 -   [Epoch 11/50] Train Loss: 0.0716 | Val Loss: 0.0934
10:02:12 -   [Epoch 12/50] Train Loss: 0.0673 | Val Loss: 0.1069
10:02:22 -   [Epoch 13/50] Train Loss: 0.0668 | Val Loss: 0.0919
10:02:32 -   [Epoch 14/50] Train Loss: 0.0698 | Val Loss: 0.0959
10:02:41 -   [Epoch 15/50] Train Loss: 0.0599 | Val Loss: 0.0952
10:02:49 -   [Epoch 16/50] Train Loss: 0.0672 | Val Loss: 0.0884
10:02:58 -   [Epoch 17/50] Train Loss: 0.0610 | Val Loss: 0.1389
10:03:07 -   [Epoch 18/50] Train Loss: 0.0593 | Val Loss: 0.1516
10:03:17 -   [Epoch 19/50] Train Loss: 0.0588 | Val Loss: 0.0932
10:03:29 -   [Epoch 20/50] Train Loss: 0.0506 | Val Loss: 0.1257
10:03:41 -   [Epoch 21/50] Train Loss: 0.0517 | Val Loss: 0.0936
10:03:52 -   [Epoch 22/50] Train Loss: 0.0495 | Val Loss: 0.0955
10:04:01 -   [Epoch 23/50] Train Loss: 0.0510 | Val Loss: 0.1196
10:04:10 -   [Epoch 24/50] Train Loss: 0.0476 | Val Loss: 0.0981
10:04:19 -   [Epoch 25/50] Train Loss: 0.0471 | Val Loss: 0.0868
10:04:28 -   [Epoch 26/50] Train Loss: 0.0429 | Val Loss: 0.1170
10:04:37 -   [Epoch 27/50] Train Loss: 0.0465 | Val Loss: 0.0915
10:04:47 -   [Epoch 28/50] Train Loss: 0.0410 | Val Loss: 0.0882
10:04:58 -   [Epoch 29/50] Train Loss: 0.0465 | Val Loss: 0.0961
10:05:09 -   [Epoch 30/50] Train Loss: 0.0405 | Val Loss: 0.0923
10:05:22 -   [Epoch 31/50] Train Loss: 0.0423 | Val Loss: 0.0953
10:05:32 -   [Epoch 32/50] Train Loss: 0.0434 | Val Loss: 0.1192
10:05:45 -   [Epoch 33/50] Train Loss: 0.0402 | Val Loss: 0.0865
10:05:59 -   [Epoch 34/50] Train Loss: 0.0372 | Val Loss: 0.0958
10:06:12 -   [Epoch 35/50] Train Loss: 0.0372 | Val Loss: 0.0980
10:06:25 -   [Epoch 36/50] Train Loss: 0.0309 | Val Loss: 0.1003
10:06:39 -   [Epoch 37/50] Train Loss: 0.0372 | Val Loss: 0.0992
10:06:52 -   [Epoch 38/50] Train Loss: 0.0329 | Val Loss: 0.0918
10:07:06 -   [Epoch 39/50] Train Loss: 0.0393 | Val Loss: 0.0961
10:07:19 -   [Epoch 40/50] Train Loss: 0.0332 | Val Loss: 0.0883
10:07:33 -   [Epoch 41/50] Train Loss: 0.0340 | Val Loss: 0.0919
10:07:45 -   [Epoch 42/50] Train Loss: 0.0335 | Val Loss: 0.0877
10:07:58 -   [Epoch 43/50] Train Loss: 0.0322 | Val Loss: 0.0919
10:08:12 -   [Epoch 44/50] Train Loss: 0.0323 | Val Loss: 0.0901
10:08:25 -   [Epoch 45/50] Train Loss: 0.0322 | Val Loss: 0.0886
10:08:38 -   [Epoch 46/50] Train Loss: 0.0305 | Val Loss: 0.0884
10:08:51 -   [Epoch 47/50] Train Loss: 0.0299 | Val Loss: 0.0875
10:09:04 -   [Epoch 48/50] Train Loss: 0.0319 | Val Loss: 0.0885
10:09:17 -   [Epoch 49/50] Train Loss: 0.0313 | Val Loss: 0.0879
10:09:30 -   [Epoch 50/50] Train Loss: 0.0327 | Val Loss: 0.0900
10:09:31 - Fold 4 Best Val Loss: 0.0877 @ Epoch 42 | Val Pothole F1: 0.6471 | Val PR-AUC: 0.6892
10:09:31 - Average Pothole F1: 0.6533 | Average PR-AUC: 0.7583
10:09:31 - Best epochs per fold: [30, 34, 25, 42] | Optimal Epoch Average: 33
10:09:32 - Confusion matrix disimpan di D:\VSCode Data\Road Detection - Project Skripsi\ml_pipelines\evaluation\reports\cnn_1d\cnn_1d_confusion_matrix_oof.png
10:09:32 - OOF predictions disimpan untuk analisis ulang.
10:09:32 - Saved final global scaler parameters to D:\VSCode Data\Road Detection - Project Skripsi\ml_pipelines\evaluation\models\cnn_1d\cnn_1d_scaler_params.json
10:09:32 - Melatih final model dengan seluruh dataset sebanyak 33 epoch...
10:18:29 - Model final PyTorch disimpan di D:\VSCode Data\Road Detection - Project Skripsi\ml_pipelines\evaluation\models\cnn_1d\cnn_1d_model.pth
10:18:29 - Mengevaluasi model final pada Holdout Test Set (30%)...
10:18:31 - Holdout Test confusion matrix disimpan di D:\VSCode Data\Road Detection - Project Skripsi\ml_pipelines\evaluation\reports\cnn_1d\cnn_1d_confusion_matrix_holdout.png
10:18:31 - ONNX export is now handled exclusively by export_onnx.py to ensure MobileInferenceWrapper is applied.
10:18:31 - Please run `python src/cnn_model/export_onnx.py` manually after training.
------------------------------------------------------------

============================================================
      OOF REPORT      
============================================================
              precision    recall  f1-score   support

   Non-Event       0.95      0.98      0.97      3254
     Pothole       0.75      0.57      0.65       287
  Speed Bump       0.93      0.64      0.76       201

    accuracy                           0.93      3742
   macro avg       0.87      0.73      0.79      3742
weighted avg       0.93      0.93      0.93      3742

------------------------------------------------------------
        CONFUSION MATRIX (Out-of-Fold)
------------------------------------------------------------
               Non-Event     Pothole  Speed Bump
------------------------------------------------
   Non-Event        3204          44           6
     Pothole         119         164           4
  Speed Bump          62          11         128
============================================================

============================================================
     HOLDOUT TEST     
============================================================
              precision    recall  f1-score   support

   Non-Event       0.96      0.99      0.97       843
     Pothole       0.85      0.62      0.72        56
  Speed Bump       0.91      0.69      0.78        42

    accuracy                           0.95       941
   macro avg       0.91      0.77      0.83       941
weighted avg       0.95      0.95      0.95       941

============================================================

