23:44:39 - No best_params.json found at D:\VSCode Data\Road Detection - Project Skripsi\ml_pipelines\src\cnn_model\-best_optuna_params.json. Using default parameters.
23:44:39 - Split Summary (Trip-Based):
23:44:39 -   Dev Set (80%): 11 trips, 3742 samples
23:44:39 -   Test Set (20%): 5 trips, 941 samples
23:44:39 - Using device: cpu
23:44:39 - === Fold 1 ===
23:45:12 -   [Epoch 01/50] Train Loss: 0.2774 | Val Loss: 0.1457 | Val Macro F1: 0.3397
23:45:25 -   [Epoch 02/50] Train Loss: 0.1861 | Val Loss: 0.1313 | Val Macro F1: 0.3320
23:45:35 -   [Epoch 03/50] Train Loss: 0.1670 | Val Loss: 0.1252 | Val Macro F1: 0.3224
23:45:46 -   [Epoch 04/50] Train Loss: 0.1540 | Val Loss: 0.1083 | Val Macro F1: 0.4860
23:45:56 -   [Epoch 05/50] Train Loss: 0.1386 | Val Loss: 0.0989 | Val Macro F1: 0.5620
23:46:09 -   [Epoch 06/50] Train Loss: 0.1265 | Val Loss: 0.0933 | Val Macro F1: 0.6315
23:46:20 -   [Epoch 07/50] Train Loss: 0.1105 | Val Loss: 0.1016 | Val Macro F1: 0.6736
23:46:29 -   [Epoch 08/50] Train Loss: 0.1119 | Val Loss: 0.0894 | Val Macro F1: 0.6078
23:46:38 -   [Epoch 09/50] Train Loss: 0.1027 | Val Loss: 0.0710 | Val Macro F1: 0.7189
23:46:49 -   [Epoch 10/50] Train Loss: 0.0986 | Val Loss: 0.0846 | Val Macro F1: 0.6514
23:47:00 -   [Epoch 11/50] Train Loss: 0.0977 | Val Loss: 0.0718 | Val Macro F1: 0.7024
23:47:08 -   [Epoch 12/50] Train Loss: 0.0996 | Val Loss: 0.0667 | Val Macro F1: 0.7495
23:47:17 -   [Epoch 13/50] Train Loss: 0.0915 | Val Loss: 0.0653 | Val Macro F1: 0.7254
23:47:25 -   [Epoch 14/50] Train Loss: 0.0931 | Val Loss: 0.0685 | Val Macro F1: 0.7149
23:47:33 -   [Epoch 15/50] Train Loss: 0.0913 | Val Loss: 0.0701 | Val Macro F1: 0.7378
23:47:41 -   [Epoch 16/50] Train Loss: 0.0814 | Val Loss: 0.0779 | Val Macro F1: 0.6544
23:47:48 -   [Epoch 17/50] Train Loss: 0.0791 | Val Loss: 0.0654 | Val Macro F1: 0.7418
23:47:56 -   [Epoch 18/50] Train Loss: 0.0759 | Val Loss: 0.0643 | Val Macro F1: 0.7809
23:48:03 -   [Epoch 19/50] Train Loss: 0.0766 | Val Loss: 0.0652 | Val Macro F1: 0.7933
23:48:12 -   [Epoch 20/50] Train Loss: 0.0755 | Val Loss: 0.0571 | Val Macro F1: 0.8123
23:48:20 -   [Epoch 21/50] Train Loss: 0.0738 | Val Loss: 0.0605 | Val Macro F1: 0.7795
23:48:28 -   [Epoch 22/50] Train Loss: 0.0789 | Val Loss: 0.0615 | Val Macro F1: 0.7395
23:48:36 -   [Epoch 23/50] Train Loss: 0.0722 | Val Loss: 0.0602 | Val Macro F1: 0.7766
23:48:43 -   [Epoch 24/50] Train Loss: 0.0680 | Val Loss: 0.0693 | Val Macro F1: 0.7374
23:48:52 -   [Epoch 25/50] Train Loss: 0.0725 | Val Loss: 0.0576 | Val Macro F1: 0.8074
23:49:01 -   [Epoch 26/50] Train Loss: 0.0653 | Val Loss: 0.0583 | Val Macro F1: 0.7715
23:49:09 -   [Epoch 27/50] Train Loss: 0.0632 | Val Loss: 0.0571 | Val Macro F1: 0.7898
23:49:17 -   [Epoch 28/50] Train Loss: 0.0691 | Val Loss: 0.0602 | Val Macro F1: 0.7971
23:49:27 -   [Epoch 29/50] Train Loss: 0.0690 | Val Loss: 0.0621 | Val Macro F1: 0.7710
23:49:35 -   [Epoch 30/50] Train Loss: 0.0665 | Val Loss: 0.0658 | Val Macro F1: 0.7707
23:49:42 -   [Epoch 31/50] Train Loss: 0.0656 | Val Loss: 0.0588 | Val Macro F1: 0.7772
23:49:50 -   [Epoch 32/50] Train Loss: 0.0600 | Val Loss: 0.0594 | Val Macro F1: 0.8008
23:49:57 -   [Epoch 33/50] Train Loss: 0.0623 | Val Loss: 0.0592 | Val Macro F1: 0.8070
23:50:05 -   [Epoch 34/50] Train Loss: 0.0604 | Val Loss: 0.0612 | Val Macro F1: 0.7788
23:50:13 -   [Epoch 35/50] Train Loss: 0.0575 | Val Loss: 0.0606 | Val Macro F1: 0.7663
23:50:20 -   [Epoch 36/50] Train Loss: 0.0605 | Val Loss: 0.0573 | Val Macro F1: 0.8004
23:50:28 -   [Epoch 37/50] Train Loss: 0.0592 | Val Loss: 0.0622 | Val Macro F1: 0.7811
23:50:36 -   [Epoch 38/50] Train Loss: 0.0580 | Val Loss: 0.0582 | Val Macro F1: 0.8090
23:50:45 -   [Epoch 39/50] Train Loss: 0.0610 | Val Loss: 0.0570 | Val Macro F1: 0.8201
23:50:55 -   [Epoch 40/50] Train Loss: 0.0583 | Val Loss: 0.0611 | Val Macro F1: 0.7927
23:51:03 -   [Epoch 41/50] Train Loss: 0.0613 | Val Loss: 0.0596 | Val Macro F1: 0.7910
23:51:10 -   [Epoch 42/50] Train Loss: 0.0569 | Val Loss: 0.0578 | Val Macro F1: 0.7875
23:51:17 -   [Epoch 43/50] Train Loss: 0.0548 | Val Loss: 0.0590 | Val Macro F1: 0.7914
23:51:24 -   [Epoch 44/50] Train Loss: 0.0587 | Val Loss: 0.0606 | Val Macro F1: 0.7856
23:51:31 -   [Epoch 45/50] Train Loss: 0.0562 | Val Loss: 0.0594 | Val Macro F1: 0.7836
23:51:38 -   [Epoch 46/50] Train Loss: 0.0541 | Val Loss: 0.0591 | Val Macro F1: 0.7775
23:51:46 -   [Epoch 47/50] Train Loss: 0.0629 | Val Loss: 0.0588 | Val Macro F1: 0.7806
23:51:53 -   [Epoch 48/50] Train Loss: 0.0570 | Val Loss: 0.0592 | Val Macro F1: 0.7891
23:52:00 -   [Epoch 49/50] Train Loss: 0.0589 | Val Loss: 0.0590 | Val Macro F1: 0.7921
23:52:08 -   [Epoch 50/50] Train Loss: 0.0557 | Val Loss: 0.0597 | Val Macro F1: 0.7872
23:52:09 - Fold 1 Best Val Loss: 0.0615 @ Epoch 22 | Val Pothole F1: 0.5739 | Val PR-AUC: 0.6528
23:52:09 - === Fold 2 ===
23:52:17 -   [Epoch 01/50] Train Loss: 0.3427 | Val Loss: 0.1631 | Val Macro F1: 0.3161
23:52:24 -   [Epoch 02/50] Train Loss: 0.2005 | Val Loss: 0.1393 | Val Macro F1: 0.3314
23:52:32 -   [Epoch 03/50] Train Loss: 0.1806 | Val Loss: 0.1251 | Val Macro F1: 0.3579
23:52:40 -   [Epoch 04/50] Train Loss: 0.1679 | Val Loss: 0.1128 | Val Macro F1: 0.3161
23:52:49 -   [Epoch 05/50] Train Loss: 0.1476 | Val Loss: 0.0983 | Val Macro F1: 0.4173
23:52:57 -   [Epoch 06/50] Train Loss: 0.1347 | Val Loss: 0.0824 | Val Macro F1: 0.7301
23:53:06 -   [Epoch 07/50] Train Loss: 0.1213 | Val Loss: 0.0707 | Val Macro F1: 0.6453
23:53:14 -   [Epoch 08/50] Train Loss: 0.1156 | Val Loss: 0.0901 | Val Macro F1: 0.5200
23:53:22 -   [Epoch 09/50] Train Loss: 0.1080 | Val Loss: 0.0709 | Val Macro F1: 0.6695
23:53:30 -   [Epoch 10/50] Train Loss: 0.1102 | Val Loss: 0.0685 | Val Macro F1: 0.7315
23:53:40 -   [Epoch 11/50] Train Loss: 0.1033 | Val Loss: 0.0644 | Val Macro F1: 0.7401
23:53:50 -   [Epoch 12/50] Train Loss: 0.1059 | Val Loss: 0.0740 | Val Macro F1: 0.6518
23:53:59 -   [Epoch 13/50] Train Loss: 0.0993 | Val Loss: 0.0742 | Val Macro F1: 0.6684
23:54:10 -   [Epoch 14/50] Train Loss: 0.1027 | Val Loss: 0.0683 | Val Macro F1: 0.7418
23:54:19 -   [Epoch 15/50] Train Loss: 0.0934 | Val Loss: 0.0611 | Val Macro F1: 0.7426
23:54:27 -   [Epoch 16/50] Train Loss: 0.0933 | Val Loss: 0.0715 | Val Macro F1: 0.7423
23:54:34 -   [Epoch 17/50] Train Loss: 0.0899 | Val Loss: 0.0605 | Val Macro F1: 0.8073
23:54:42 -   [Epoch 18/50] Train Loss: 0.0908 | Val Loss: 0.0564 | Val Macro F1: 0.7995
23:54:52 -   [Epoch 19/50] Train Loss: 0.0903 | Val Loss: 0.0611 | Val Macro F1: 0.7492
23:55:02 -   [Epoch 20/50] Train Loss: 0.0856 | Val Loss: 0.0612 | Val Macro F1: 0.7948
23:55:28 -   [Epoch 21/50] Train Loss: 0.0819 | Val Loss: 0.0529 | Val Macro F1: 0.8229
23:55:39 -   [Epoch 22/50] Train Loss: 0.0835 | Val Loss: 0.0899 | Val Macro F1: 0.6310
23:55:48 -   [Epoch 23/50] Train Loss: 0.0814 | Val Loss: 0.0679 | Val Macro F1: 0.7108
23:55:59 -   [Epoch 24/50] Train Loss: 0.0843 | Val Loss: 0.0584 | Val Macro F1: 0.8112
23:56:08 -   [Epoch 25/50] Train Loss: 0.0809 | Val Loss: 0.0633 | Val Macro F1: 0.7473
23:56:18 -   [Epoch 26/50] Train Loss: 0.0776 | Val Loss: 0.0521 | Val Macro F1: 0.8417
23:56:27 -   [Epoch 27/50] Train Loss: 0.0722 | Val Loss: 0.0504 | Val Macro F1: 0.8400
23:56:35 -   [Epoch 28/50] Train Loss: 0.0730 | Val Loss: 0.0611 | Val Macro F1: 0.7839
23:56:44 -   [Epoch 29/50] Train Loss: 0.0796 | Val Loss: 0.0708 | Val Macro F1: 0.7820
23:56:55 -   [Epoch 30/50] Train Loss: 0.0725 | Val Loss: 0.0578 | Val Macro F1: 0.8132
23:57:05 -   [Epoch 31/50] Train Loss: 0.0722 | Val Loss: 0.0592 | Val Macro F1: 0.8144
23:57:17 -   [Epoch 32/50] Train Loss: 0.0729 | Val Loss: 0.0579 | Val Macro F1: 0.8101
23:57:26 -   [Epoch 33/50] Train Loss: 0.0709 | Val Loss: 0.0610 | Val Macro F1: 0.8345
23:57:37 -   [Epoch 34/50] Train Loss: 0.0701 | Val Loss: 0.0568 | Val Macro F1: 0.8474
23:57:46 -   [Epoch 35/50] Train Loss: 0.0749 | Val Loss: 0.0664 | Val Macro F1: 0.7858
23:57:57 -   [Epoch 36/50] Train Loss: 0.0662 | Val Loss: 0.0515 | Val Macro F1: 0.8601
23:58:08 -   [Epoch 37/50] Train Loss: 0.0693 | Val Loss: 0.0535 | Val Macro F1: 0.8185
23:58:18 -   [Epoch 38/50] Train Loss: 0.0674 | Val Loss: 0.0551 | Val Macro F1: 0.8374
23:58:27 -   [Epoch 39/50] Train Loss: 0.0704 | Val Loss: 0.0585 | Val Macro F1: 0.8245
23:58:36 -   [Epoch 40/50] Train Loss: 0.0678 | Val Loss: 0.0568 | Val Macro F1: 0.8265
23:58:45 -   [Epoch 41/50] Train Loss: 0.0652 | Val Loss: 0.0556 | Val Macro F1: 0.8184
23:58:54 -   [Epoch 42/50] Train Loss: 0.0671 | Val Loss: 0.0545 | Val Macro F1: 0.8257
23:59:03 -   [Epoch 43/50] Train Loss: 0.0669 | Val Loss: 0.0561 | Val Macro F1: 0.8419
23:59:11 -   [Epoch 44/50] Train Loss: 0.0656 | Val Loss: 0.0572 | Val Macro F1: 0.8339
23:59:20 -   [Epoch 45/50] Train Loss: 0.0646 | Val Loss: 0.0563 | Val Macro F1: 0.8419
23:59:29 -   [Epoch 46/50] Train Loss: 0.0666 | Val Loss: 0.0570 | Val Macro F1: 0.8162
23:59:38 -   [Epoch 47/50] Train Loss: 0.0632 | Val Loss: 0.0577 | Val Macro F1: 0.8290
23:59:47 -   [Epoch 48/50] Train Loss: 0.0669 | Val Loss: 0.0565 | Val Macro F1: 0.8419
23:59:55 -   [Epoch 49/50] Train Loss: 0.0608 | Val Loss: 0.0541 | Val Macro F1: 0.8566
00:00:05 -   [Epoch 50/50] Train Loss: 0.0651 | Val Loss: 0.0560 | Val Macro F1: 0.8265
00:00:06 - Fold 2 Best Val Loss: 0.0561 @ Epoch 43 | Val Pothole F1: 0.7356 | Val PR-AUC: 0.8658
00:00:06 - === Fold 3 ===
00:00:15 -   [Epoch 01/50] Train Loss: 0.2652 | Val Loss: 0.1833 | Val Macro F1: 0.3131
00:00:22 -   [Epoch 02/50] Train Loss: 0.1717 | Val Loss: 0.1886 | Val Macro F1: 0.3210
00:00:30 -   [Epoch 03/50] Train Loss: 0.1510 | Val Loss: 0.1894 | Val Macro F1: 0.3050
00:00:39 -   [Epoch 04/50] Train Loss: 0.1321 | Val Loss: 0.1480 | Val Macro F1: 0.3441
00:00:47 -   [Epoch 05/50] Train Loss: 0.1218 | Val Loss: 0.1716 | Val Macro F1: 0.3680
00:00:55 -   [Epoch 06/50] Train Loss: 0.1168 | Val Loss: 0.1440 | Val Macro F1: 0.5854
00:01:03 -   [Epoch 07/50] Train Loss: 0.1061 | Val Loss: 0.1163 | Val Macro F1: 0.6096
00:01:11 -   [Epoch 08/50] Train Loss: 0.1018 | Val Loss: 0.1368 | Val Macro F1: 0.6470
00:01:19 -   [Epoch 09/50] Train Loss: 0.0997 | Val Loss: 0.1357 | Val Macro F1: 0.5938
00:01:28 -   [Epoch 10/50] Train Loss: 0.0985 | Val Loss: 0.1248 | Val Macro F1: 0.6410
00:01:37 -   [Epoch 11/50] Train Loss: 0.0962 | Val Loss: 0.1566 | Val Macro F1: 0.5978
00:01:45 -   [Epoch 12/50] Train Loss: 0.0952 | Val Loss: 0.1190 | Val Macro F1: 0.6847
00:01:54 -   [Epoch 13/50] Train Loss: 0.0894 | Val Loss: 0.1221 | Val Macro F1: 0.6928
00:02:01 -   [Epoch 14/50] Train Loss: 0.0884 | Val Loss: 0.1544 | Val Macro F1: 0.6422
00:02:13 -   [Epoch 15/50] Train Loss: 0.0893 | Val Loss: 0.1202 | Val Macro F1: 0.6368
00:02:22 -   [Epoch 16/50] Train Loss: 0.0898 | Val Loss: 0.1136 | Val Macro F1: 0.6813
00:02:29 -   [Epoch 17/50] Train Loss: 0.0807 | Val Loss: 0.1029 | Val Macro F1: 0.7394
00:02:36 -   [Epoch 18/50] Train Loss: 0.0799 | Val Loss: 0.1148 | Val Macro F1: 0.6996
00:02:43 -   [Epoch 19/50] Train Loss: 0.0792 | Val Loss: 0.1249 | Val Macro F1: 0.7020
00:02:50 -   [Epoch 20/50] Train Loss: 0.0784 | Val Loss: 0.0992 | Val Macro F1: 0.6957
00:02:57 -   [Epoch 21/50] Train Loss: 0.0811 | Val Loss: 0.1212 | Val Macro F1: 0.6788
00:03:04 -   [Epoch 22/50] Train Loss: 0.0749 | Val Loss: 0.1471 | Val Macro F1: 0.6511
00:03:11 -   [Epoch 23/50] Train Loss: 0.0739 | Val Loss: 0.1262 | Val Macro F1: 0.7150
00:03:18 -   [Epoch 24/50] Train Loss: 0.0706 | Val Loss: 0.1311 | Val Macro F1: 0.7041
00:03:25 -   [Epoch 25/50] Train Loss: 0.0704 | Val Loss: 0.1281 | Val Macro F1: 0.6524
00:03:31 -   [Epoch 26/50] Train Loss: 0.0711 | Val Loss: 0.1233 | Val Macro F1: 0.6587
00:03:38 -   [Epoch 27/50] Train Loss: 0.0721 | Val Loss: 0.1597 | Val Macro F1: 0.6494
00:03:45 -   [Epoch 28/50] Train Loss: 0.0634 | Val Loss: 0.1146 | Val Macro F1: 0.7160
00:03:52 -   [Epoch 29/50] Train Loss: 0.0688 | Val Loss: 0.1135 | Val Macro F1: 0.7328
00:03:59 -   [Epoch 30/50] Train Loss: 0.0670 | Val Loss: 0.1178 | Val Macro F1: 0.7089
00:04:06 -   [Epoch 31/50] Train Loss: 0.0588 | Val Loss: 0.1261 | Val Macro F1: 0.6734
00:04:13 -   [Epoch 32/50] Train Loss: 0.0644 | Val Loss: 0.1140 | Val Macro F1: 0.7446
00:04:19 -   [Epoch 33/50] Train Loss: 0.0623 | Val Loss: 0.1177 | Val Macro F1: 0.7189
00:04:26 -   [Epoch 34/50] Train Loss: 0.0652 | Val Loss: 0.1274 | Val Macro F1: 0.7213
00:04:33 -   [Epoch 35/50] Train Loss: 0.0650 | Val Loss: 0.1121 | Val Macro F1: 0.7401
00:04:40 -   [Epoch 36/50] Train Loss: 0.0592 | Val Loss: 0.1067 | Val Macro F1: 0.7473
00:04:47 -   [Epoch 37/50] Train Loss: 0.0621 | Val Loss: 0.1039 | Val Macro F1: 0.7566
00:04:54 -   [Epoch 38/50] Train Loss: 0.0658 | Val Loss: 0.1077 | Val Macro F1: 0.7623
00:05:02 -   [Epoch 39/50] Train Loss: 0.0619 | Val Loss: 0.1159 | Val Macro F1: 0.7530
00:05:12 -   [Epoch 40/50] Train Loss: 0.0575 | Val Loss: 0.1323 | Val Macro F1: 0.7252
00:05:19 -   [Epoch 41/50] Train Loss: 0.0617 | Val Loss: 0.1047 | Val Macro F1: 0.7703
00:05:26 -   [Epoch 42/50] Train Loss: 0.0565 | Val Loss: 0.1103 | Val Macro F1: 0.7624
00:05:34 -   [Epoch 43/50] Train Loss: 0.0590 | Val Loss: 0.1035 | Val Macro F1: 0.7606
00:05:46 -   [Epoch 44/50] Train Loss: 0.0585 | Val Loss: 0.1140 | Val Macro F1: 0.7489
00:05:55 -   [Epoch 45/50] Train Loss: 0.0554 | Val Loss: 0.1074 | Val Macro F1: 0.7543
00:06:03 -   [Epoch 46/50] Train Loss: 0.0559 | Val Loss: 0.1067 | Val Macro F1: 0.7605
00:06:10 -   [Epoch 47/50] Train Loss: 0.0621 | Val Loss: 0.1097 | Val Macro F1: 0.7512
00:06:19 -   [Epoch 48/50] Train Loss: 0.0579 | Val Loss: 0.1033 | Val Macro F1: 0.7596
00:06:27 -   [Epoch 49/50] Train Loss: 0.0589 | Val Loss: 0.1070 | Val Macro F1: 0.7540
00:06:37 -   [Epoch 50/50] Train Loss: 0.0576 | Val Loss: 0.1138 | Val Macro F1: 0.7404
00:06:37 - Fold 3 Best Val Loss: 0.1047 @ Epoch 41 | Val Pothole F1: 0.5470 | Val PR-AUC: 0.8038
00:06:37 - === Fold 4 ===
00:06:45 -   [Epoch 01/50] Train Loss: 0.2288 | Val Loss: 0.1794 | Val Macro F1: 0.3278
00:06:53 -   [Epoch 02/50] Train Loss: 0.1705 | Val Loss: 0.1713 | Val Macro F1: 0.3827
00:07:01 -   [Epoch 03/50] Train Loss: 0.1604 | Val Loss: 0.1601 | Val Macro F1: 0.3152
00:07:08 -   [Epoch 04/50] Train Loss: 0.1468 | Val Loss: 0.1641 | Val Macro F1: 0.4331
00:07:16 -   [Epoch 05/50] Train Loss: 0.1322 | Val Loss: 0.1305 | Val Macro F1: 0.5321
00:07:23 -   [Epoch 06/50] Train Loss: 0.1185 | Val Loss: 0.1246 | Val Macro F1: 0.5507
00:07:31 -   [Epoch 07/50] Train Loss: 0.1143 | Val Loss: 0.1290 | Val Macro F1: 0.5599
00:07:38 -   [Epoch 08/50] Train Loss: 0.1078 | Val Loss: 0.1178 | Val Macro F1: 0.5885
00:07:46 -   [Epoch 09/50] Train Loss: 0.1081 | Val Loss: 0.1137 | Val Macro F1: 0.5682
00:07:53 -   [Epoch 10/50] Train Loss: 0.0934 | Val Loss: 0.1416 | Val Macro F1: 0.5059
00:08:01 -   [Epoch 11/50] Train Loss: 0.0976 | Val Loss: 0.1184 | Val Macro F1: 0.5160
00:08:08 -   [Epoch 12/50] Train Loss: 0.0921 | Val Loss: 0.1129 | Val Macro F1: 0.6498
00:08:16 -   [Epoch 13/50] Train Loss: 0.0901 | Val Loss: 0.1228 | Val Macro F1: 0.5236
00:08:26 -   [Epoch 14/50] Train Loss: 0.0905 | Val Loss: 0.1087 | Val Macro F1: 0.6130
00:08:38 -   [Epoch 15/50] Train Loss: 0.0896 | Val Loss: 0.1055 | Val Macro F1: 0.5881
00:08:46 -   [Epoch 16/50] Train Loss: 0.0810 | Val Loss: 0.1009 | Val Macro F1: 0.7053
00:08:54 -   [Epoch 17/50] Train Loss: 0.0845 | Val Loss: 0.1048 | Val Macro F1: 0.5920
00:09:01 -   [Epoch 18/50] Train Loss: 0.0815 | Val Loss: 0.1012 | Val Macro F1: 0.6927
00:09:09 -   [Epoch 19/50] Train Loss: 0.0791 | Val Loss: 0.0979 | Val Macro F1: 0.6277
00:09:16 -   [Epoch 20/50] Train Loss: 0.0801 | Val Loss: 0.1045 | Val Macro F1: 0.6559
00:09:23 -   [Epoch 21/50] Train Loss: 0.0784 | Val Loss: 0.0899 | Val Macro F1: 0.7238
00:09:31 -   [Epoch 22/50] Train Loss: 0.0761 | Val Loss: 0.1029 | Val Macro F1: 0.6965
00:09:39 -   [Epoch 23/50] Train Loss: 0.0732 | Val Loss: 0.0973 | Val Macro F1: 0.7041
00:09:47 -   [Epoch 24/50] Train Loss: 0.0672 | Val Loss: 0.0963 | Val Macro F1: 0.7201
00:09:55 -   [Epoch 25/50] Train Loss: 0.0711 | Val Loss: 0.0914 | Val Macro F1: 0.7485
00:10:05 -   [Epoch 26/50] Train Loss: 0.0719 | Val Loss: 0.1045 | Val Macro F1: 0.6267
00:10:14 -   [Epoch 27/50] Train Loss: 0.0736 | Val Loss: 0.0876 | Val Macro F1: 0.7200
00:10:24 -   [Epoch 28/50] Train Loss: 0.0698 | Val Loss: 0.0915 | Val Macro F1: 0.7112
00:10:33 -   [Epoch 29/50] Train Loss: 0.0650 | Val Loss: 0.0928 | Val Macro F1: 0.7050
00:10:42 -   [Epoch 30/50] Train Loss: 0.0653 | Val Loss: 0.0857 | Val Macro F1: 0.7469
00:10:51 -   [Epoch 31/50] Train Loss: 0.0618 | Val Loss: 0.0874 | Val Macro F1: 0.7274
00:10:58 -   [Epoch 32/50] Train Loss: 0.0672 | Val Loss: 0.0902 | Val Macro F1: 0.7261
00:11:07 -   [Epoch 33/50] Train Loss: 0.0606 | Val Loss: 0.0904 | Val Macro F1: 0.7045
00:11:15 -   [Epoch 34/50] Train Loss: 0.0655 | Val Loss: 0.0894 | Val Macro F1: 0.7388
00:11:24 -   [Epoch 35/50] Train Loss: 0.0581 | Val Loss: 0.0926 | Val Macro F1: 0.7537
00:11:32 -   [Epoch 36/50] Train Loss: 0.0582 | Val Loss: 0.0961 | Val Macro F1: 0.7156
00:11:41 -   [Epoch 37/50] Train Loss: 0.0618 | Val Loss: 0.0920 | Val Macro F1: 0.7394
00:11:50 -   [Epoch 38/50] Train Loss: 0.0610 | Val Loss: 0.0892 | Val Macro F1: 0.7361
00:12:00 -   [Epoch 39/50] Train Loss: 0.0580 | Val Loss: 0.0894 | Val Macro F1: 0.7169
00:12:09 -   [Epoch 40/50] Train Loss: 0.0571 | Val Loss: 0.0873 | Val Macro F1: 0.7616
00:12:18 -   [Epoch 41/50] Train Loss: 0.0594 | Val Loss: 0.0907 | Val Macro F1: 0.7489
00:12:28 -   [Epoch 42/50] Train Loss: 0.0577 | Val Loss: 0.0865 | Val Macro F1: 0.7459
00:12:37 -   [Epoch 43/50] Train Loss: 0.0607 | Val Loss: 0.0887 | Val Macro F1: 0.7274
00:12:46 -   [Epoch 44/50] Train Loss: 0.0563 | Val Loss: 0.0878 | Val Macro F1: 0.7397
00:12:54 -   [Epoch 45/50] Train Loss: 0.0556 | Val Loss: 0.0876 | Val Macro F1: 0.7477
00:13:03 -   [Epoch 46/50] Train Loss: 0.0583 | Val Loss: 0.0888 | Val Macro F1: 0.7499
00:13:12 -   [Epoch 47/50] Train Loss: 0.0570 | Val Loss: 0.0876 | Val Macro F1: 0.7585
00:13:20 -   [Epoch 48/50] Train Loss: 0.0532 | Val Loss: 0.0881 | Val Macro F1: 0.7499
00:13:29 -   [Epoch 49/50] Train Loss: 0.0595 | Val Loss: 0.0891 | Val Macro F1: 0.7549
00:13:38 -   [Epoch 50/50] Train Loss: 0.0518 | Val Loss: 0.0884 | Val Macro F1: 0.7517
00:13:39 - Fold 4 Best Val Loss: 0.0902 @ Epoch 32 | Val Pothole F1: 0.5795 | Val PR-AUC: 0.5990
00:13:39 - Average Pothole F1: 0.6090 | Average PR-AUC: 0.7303
00:13:39 - Best epochs per fold: [22, 43, 41, 32] | Optimal Epoch Average: 34
00:13:39 - Confusion matrix disimpan di D:\VSCode Data\Road Detection - Project Skripsi\ml_pipelines\evaluation\reports\cnn_1d\cnn_1d_confusion_matrix_oof.png
00:13:39 - OOF predictions disimpan untuk analisis ulang.
00:13:39 - Saved final global scaler parameters to D:\VSCode Data\Road Detection - Project Skripsi\ml_pipelines\evaluation\models\cnn_1d\cnn_1d_scaler_params.json
00:13:39 - Melatih final model dengan seluruh dataset sebanyak 34 epoch...
00:22:21 - Model final PyTorch disimpan di D:\VSCode Data\Road Detection - Project Skripsi\ml_pipelines\evaluation\models\cnn_1d\cnn_1d_model.pth
00:22:21 - Mengevaluasi model final pada Holdout Test Set (20%)...
00:22:21 - Holdout Test confusion matrix disimpan di D:\VSCode Data\Road Detection - Project Skripsi\ml_pipelines\evaluation\reports\cnn_1d\cnn_1d_confusion_matrix_holdout.png
00:22:21 - ONNX export is now handled exclusively by export_onnx.py to ensure MobileInferenceWrapper is applied.
00:22:21 - Please run `python src/cnn_model/export_onnx.py` manually after training.
------------------------------------------------------------

============================================================
      OOF REPORT      
============================================================
              precision    recall  f1-score   support

   Non-Event       0.94      0.98      0.96      3254
     Pothole       0.71      0.52      0.60       287
  Speed Bump       0.90      0.65      0.75       201

    accuracy                           0.93      3742
   macro avg       0.85      0.71      0.77      3742
weighted avg       0.92      0.93      0.92      3742

------------------------------------------------------------
        CONFUSION MATRIX (Out-of-Fold)
------------------------------------------------------------
               Non-Event     Pothole  Speed Bump
------------------------------------------------
   Non-Event        3194          51           9
     Pothole         133         148           6
  Speed Bump          62           9         130
============================================================

============================================================
     HOLDOUT TEST     
============================================================
              precision    recall  f1-score   support

   Non-Event       0.97      0.99      0.98       843
     Pothole       0.82      0.64      0.72        56
  Speed Bump       0.79      0.74      0.77        42

    accuracy                           0.95       941
   macro avg       0.86      0.79      0.82       941
weighted avg       0.95      0.95      0.95       941

============================================================

