03:43:45 - No best_params.json found at D:\VSCode Data\Road Detection - Project Skripsi\ml_pipelines\evaluation\models\cnn_1d\best_params.json. Using default parameters.
03:43:45 - Split Summary (Trip-Based):
03:43:45 -   Dev Set (80%): 11 trips, 3742 samples
03:43:45 -   Test Set (20%): 5 trips, 941 samples
03:43:45 - Using device: cpu
03:43:45 - === Fold 1 ===
03:43:45 - Saved fold scaler parameters to D:\VSCode Data\Road Detection - Project Skripsi\ml_pipelines\evaluation\models\cnn_1d\scaler_params.json
03:43:58 -   [Epoch 01/50] Train Loss: 0.2129 | Val Loss: 0.1423
03:44:06 -   [Epoch 02/50] Train Loss: 0.1746 | Val Loss: 0.1327
03:44:15 -   [Epoch 03/50] Train Loss: 0.1496 | Val Loss: 0.1098
03:44:25 -   [Epoch 04/50] Train Loss: 0.1285 | Val Loss: 0.0948
03:44:35 -   [Epoch 05/50] Train Loss: 0.1213 | Val Loss: 0.0884
03:44:44 -   [Epoch 06/50] Train Loss: 0.1096 | Val Loss: 0.0859
03:44:52 -   [Epoch 07/50] Train Loss: 0.0986 | Val Loss: 0.0831
03:45:00 -   [Epoch 08/50] Train Loss: 0.1068 | Val Loss: 0.0891
03:45:08 -   [Epoch 09/50] Train Loss: 0.1006 | Val Loss: 0.0913
03:45:17 -   [Epoch 10/50] Train Loss: 0.0953 | Val Loss: 0.0868
03:45:24 -   [Epoch 11/50] Train Loss: 0.0944 | Val Loss: 0.0838
03:45:32 -   [Epoch 12/50] Train Loss: 0.0958 | Val Loss: 0.0873
03:45:40 -   [Epoch 13/50] Train Loss: 0.0910 | Val Loss: 0.0788
03:45:49 -   [Epoch 14/50] Train Loss: 0.0932 | Val Loss: 0.0776
03:45:58 -   [Epoch 15/50] Train Loss: 0.0926 | Val Loss: 0.0758
03:46:05 -   [Epoch 16/50] Train Loss: 0.0800 | Val Loss: 0.0952
03:46:13 -   [Epoch 17/50] Train Loss: 0.0784 | Val Loss: 0.0787
03:46:20 -   [Epoch 18/50] Train Loss: 0.0769 | Val Loss: 0.0845
03:46:29 -   [Epoch 19/50] Train Loss: 0.0797 | Val Loss: 0.0787
03:46:39 -   [Epoch 20/50] Train Loss: 0.0721 | Val Loss: 0.0787
03:46:49 -   [Epoch 21/50] Train Loss: 0.0737 | Val Loss: 0.0766
03:47:01 -   [Epoch 22/50] Train Loss: 0.0785 | Val Loss: 0.0873
03:47:14 -   [Epoch 23/50] Train Loss: 0.0721 | Val Loss: 0.0775
03:47:23 -   [Epoch 24/50] Train Loss: 0.0712 | Val Loss: 0.0733
03:47:30 -   [Epoch 25/50] Train Loss: 0.0718 | Val Loss: 0.0689
03:47:39 -   [Epoch 26/50] Train Loss: 0.0605 | Val Loss: 0.0788
03:47:48 -   [Epoch 27/50] Train Loss: 0.0620 | Val Loss: 0.0986
03:47:58 -   [Epoch 28/50] Train Loss: 0.0675 | Val Loss: 0.0685
03:48:06 -   [Epoch 29/50] Train Loss: 0.0631 | Val Loss: 0.0847
03:48:15 -   [Epoch 30/50] Train Loss: 0.0590 | Val Loss: 0.0812
03:48:22 -   [Epoch 31/50] Train Loss: 0.0586 | Val Loss: 0.0794
03:48:32 -   [Epoch 32/50] Train Loss: 0.0561 | Val Loss: 0.0710
03:48:40 -   [Epoch 33/50] Train Loss: 0.0633 | Val Loss: 0.0838
03:48:49 -   [Epoch 34/50] Train Loss: 0.0558 | Val Loss: 0.0783
03:48:58 -   [Epoch 35/50] Train Loss: 0.0577 | Val Loss: 0.0714
03:49:07 -   [Epoch 36/50] Train Loss: 0.0592 | Val Loss: 0.0687
03:49:15 -   [Epoch 37/50] Train Loss: 0.0554 | Val Loss: 0.0755
03:49:23 -   [Epoch 38/50] Train Loss: 0.0509 | Val Loss: 0.0696
03:49:31 -   [Epoch 39/50] Train Loss: 0.0539 | Val Loss: 0.0741
03:49:38 -   [Epoch 40/50] Train Loss: 0.0505 | Val Loss: 0.0800
03:49:46 -   [Epoch 41/50] Train Loss: 0.0523 | Val Loss: 0.0760
03:49:54 -   [Epoch 42/50] Train Loss: 0.0480 | Val Loss: 0.0747
03:50:04 -   [Epoch 43/50] Train Loss: 0.0467 | Val Loss: 0.0769
03:50:12 -   [Epoch 44/50] Train Loss: 0.0482 | Val Loss: 0.0805
03:50:20 -   [Epoch 45/50] Train Loss: 0.0479 | Val Loss: 0.0750
03:50:28 -   [Epoch 46/50] Train Loss: 0.0426 | Val Loss: 0.0741
03:50:36 -   [Epoch 47/50] Train Loss: 0.0521 | Val Loss: 0.0752
03:50:44 -   [Epoch 48/50] Train Loss: 0.0475 | Val Loss: 0.0754
03:50:52 -   [Epoch 49/50] Train Loss: 0.0493 | Val Loss: 0.0745
03:51:01 -   [Epoch 50/50] Train Loss: 0.0481 | Val Loss: 0.0742
03:51:02 - Fold 1 Best Val Loss: 0.0714 @ Epoch 35 | Val Pothole F1: 0.5862 | Val PR-AUC: 0.6554
03:51:02 - === Fold 2 ===
03:51:10 -   [Epoch 01/50] Train Loss: 0.2335 | Val Loss: 0.1404
03:51:20 -   [Epoch 02/50] Train Loss: 0.1772 | Val Loss: 0.1312
03:51:29 -   [Epoch 03/50] Train Loss: 0.1522 | Val Loss: 0.0963
03:51:38 -   [Epoch 04/50] Train Loss: 0.1288 | Val Loss: 0.0769
03:51:46 -   [Epoch 05/50] Train Loss: 0.1187 | Val Loss: 0.0850
03:51:54 -   [Epoch 06/50] Train Loss: 0.1134 | Val Loss: 0.0637
03:52:04 -   [Epoch 07/50] Train Loss: 0.1073 | Val Loss: 0.0662
03:52:13 -   [Epoch 08/50] Train Loss: 0.1045 | Val Loss: 0.1164
03:52:21 -   [Epoch 09/50] Train Loss: 0.0966 | Val Loss: 0.0719
03:52:29 -   [Epoch 10/50] Train Loss: 0.1001 | Val Loss: 0.0643
03:52:38 -   [Epoch 11/50] Train Loss: 0.0939 | Val Loss: 0.0715
03:52:46 -   [Epoch 12/50] Train Loss: 0.0991 | Val Loss: 0.0633
03:52:55 -   [Epoch 13/50] Train Loss: 0.0939 | Val Loss: 0.0754
03:53:04 -   [Epoch 14/50] Train Loss: 0.0940 | Val Loss: 0.0897
03:53:13 -   [Epoch 15/50] Train Loss: 0.0834 | Val Loss: 0.0670
03:53:21 -   [Epoch 16/50] Train Loss: 0.0833 | Val Loss: 0.0736
03:53:29 -   [Epoch 17/50] Train Loss: 0.0902 | Val Loss: 0.0767
03:53:39 -   [Epoch 18/50] Train Loss: 0.0826 | Val Loss: 0.0546
03:53:47 -   [Epoch 19/50] Train Loss: 0.0822 | Val Loss: 0.0756
03:53:55 -   [Epoch 20/50] Train Loss: 0.0813 | Val Loss: 0.0579
03:54:03 -   [Epoch 21/50] Train Loss: 0.0768 | Val Loss: 0.0498
03:54:11 -   [Epoch 22/50] Train Loss: 0.0794 | Val Loss: 0.0646
03:54:19 -   [Epoch 23/50] Train Loss: 0.0755 | Val Loss: 0.0662
03:54:27 -   [Epoch 24/50] Train Loss: 0.0761 | Val Loss: 0.0585
03:54:35 -   [Epoch 25/50] Train Loss: 0.0712 | Val Loss: 0.0792
03:54:43 -   [Epoch 26/50] Train Loss: 0.0717 | Val Loss: 0.0513
03:54:52 -   [Epoch 27/50] Train Loss: 0.0626 | Val Loss: 0.0511
03:55:01 -   [Epoch 28/50] Train Loss: 0.0638 | Val Loss: 0.0589
03:55:09 -   [Epoch 29/50] Train Loss: 0.0751 | Val Loss: 0.0643
03:55:18 -   [Epoch 30/50] Train Loss: 0.0720 | Val Loss: 0.0591
03:55:26 -   [Epoch 31/50] Train Loss: 0.0662 | Val Loss: 0.0964
03:55:33 -   [Epoch 32/50] Train Loss: 0.0658 | Val Loss: 0.0550
03:55:43 -   [Epoch 33/50] Train Loss: 0.0603 | Val Loss: 0.0881
03:55:52 -   [Epoch 34/50] Train Loss: 0.0608 | Val Loss: 0.0673
03:56:00 -   [Epoch 35/50] Train Loss: 0.0615 | Val Loss: 0.0680
03:56:09 -   [Epoch 36/50] Train Loss: 0.0518 | Val Loss: 0.0491
03:56:18 -   [Epoch 37/50] Train Loss: 0.0574 | Val Loss: 0.0584
03:56:28 -   [Epoch 38/50] Train Loss: 0.0595 | Val Loss: 0.0647
03:56:37 -   [Epoch 39/50] Train Loss: 0.0545 | Val Loss: 0.0702
03:56:46 -   [Epoch 40/50] Train Loss: 0.0540 | Val Loss: 0.0675
03:56:54 -   [Epoch 41/50] Train Loss: 0.0547 | Val Loss: 0.0619
03:57:02 -   [Epoch 42/50] Train Loss: 0.0536 | Val Loss: 0.0544
03:57:11 -   [Epoch 43/50] Train Loss: 0.0549 | Val Loss: 0.0591
03:57:19 -   [Epoch 44/50] Train Loss: 0.0546 | Val Loss: 0.0578
03:57:28 -   [Epoch 45/50] Train Loss: 0.0494 | Val Loss: 0.0604
03:57:37 -   [Epoch 46/50] Train Loss: 0.0513 | Val Loss: 0.0582
03:57:46 -   [Epoch 47/50] Train Loss: 0.0508 | Val Loss: 0.0610
03:57:55 -   [Epoch 48/50] Train Loss: 0.0503 | Val Loss: 0.0602
03:58:04 -   [Epoch 49/50] Train Loss: 0.0494 | Val Loss: 0.0568
03:58:14 -   [Epoch 50/50] Train Loss: 0.0508 | Val Loss: 0.0589
03:58:15 - Fold 2 Best Val Loss: 0.0544 @ Epoch 42 | Val Pothole F1: 0.7470 | Val PR-AUC: 0.8334
03:58:15 - === Fold 3 ===
03:58:24 -   [Epoch 01/50] Train Loss: 0.2001 | Val Loss: 0.1982
03:58:33 -   [Epoch 02/50] Train Loss: 0.1512 | Val Loss: 0.1869
03:58:42 -   [Epoch 03/50] Train Loss: 0.1241 | Val Loss: 0.1497
03:58:51 -   [Epoch 04/50] Train Loss: 0.1059 | Val Loss: 0.1149
03:59:00 -   [Epoch 05/50] Train Loss: 0.1055 | Val Loss: 0.1443
03:59:09 -   [Epoch 06/50] Train Loss: 0.1056 | Val Loss: 0.1513
03:59:18 -   [Epoch 07/50] Train Loss: 0.0995 | Val Loss: 0.1377
03:59:27 -   [Epoch 08/50] Train Loss: 0.0960 | Val Loss: 0.1339
03:59:35 -   [Epoch 09/50] Train Loss: 0.0898 | Val Loss: 0.1257
03:59:43 -   [Epoch 10/50] Train Loss: 0.0971 | Val Loss: 0.1424
03:59:51 -   [Epoch 11/50] Train Loss: 0.0939 | Val Loss: 0.1370
04:00:00 -   [Epoch 12/50] Train Loss: 0.0904 | Val Loss: 0.1143
04:00:07 -   [Epoch 13/50] Train Loss: 0.0883 | Val Loss: 0.1288
04:00:15 -   [Epoch 14/50] Train Loss: 0.0853 | Val Loss: 0.1716
04:00:23 -   [Epoch 15/50] Train Loss: 0.0863 | Val Loss: 0.1404
04:00:30 -   [Epoch 16/50] Train Loss: 0.0839 | Val Loss: 0.1259
04:00:38 -   [Epoch 17/50] Train Loss: 0.0807 | Val Loss: 0.1407
04:00:46 -   [Epoch 18/50] Train Loss: 0.0792 | Val Loss: 0.1112
04:00:55 -   [Epoch 19/50] Train Loss: 0.0781 | Val Loss: 0.1269
04:01:03 -   [Epoch 20/50] Train Loss: 0.0790 | Val Loss: 0.1203
04:01:11 -   [Epoch 21/50] Train Loss: 0.0789 | Val Loss: 0.1286
04:01:20 -   [Epoch 22/50] Train Loss: 0.0738 | Val Loss: 0.1347
04:01:30 -   [Epoch 23/50] Train Loss: 0.0732 | Val Loss: 0.0981
04:01:40 -   [Epoch 24/50] Train Loss: 0.0679 | Val Loss: 0.1381
04:01:49 -   [Epoch 25/50] Train Loss: 0.0679 | Val Loss: 0.1126
04:02:00 -   [Epoch 26/50] Train Loss: 0.0693 | Val Loss: 0.0974
04:02:09 -   [Epoch 27/50] Train Loss: 0.0684 | Val Loss: 0.1445
04:02:18 -   [Epoch 28/50] Train Loss: 0.0629 | Val Loss: 0.1191
04:02:28 -   [Epoch 29/50] Train Loss: 0.0663 | Val Loss: 0.1043
04:02:36 -   [Epoch 30/50] Train Loss: 0.0650 | Val Loss: 0.1333
04:02:45 -   [Epoch 31/50] Train Loss: 0.0521 | Val Loss: 0.1311
04:02:54 -   [Epoch 32/50] Train Loss: 0.0604 | Val Loss: 0.1284
04:03:02 -   [Epoch 33/50] Train Loss: 0.0552 | Val Loss: 0.1354
04:03:12 -   [Epoch 34/50] Train Loss: 0.0544 | Val Loss: 0.1247
04:03:21 -   [Epoch 35/50] Train Loss: 0.0610 | Val Loss: 0.1240
04:03:30 -   [Epoch 36/50] Train Loss: 0.0531 | Val Loss: 0.1247
04:03:38 -   [Epoch 37/50] Train Loss: 0.0593 | Val Loss: 0.1051
04:03:46 -   [Epoch 38/50] Train Loss: 0.0568 | Val Loss: 0.1194
04:03:55 -   [Epoch 39/50] Train Loss: 0.0518 | Val Loss: 0.1242
04:04:03 -   [Epoch 40/50] Train Loss: 0.0459 | Val Loss: 0.1270
04:04:12 -   [Epoch 41/50] Train Loss: 0.0535 | Val Loss: 0.1144
04:04:23 -   [Epoch 42/50] Train Loss: 0.0469 | Val Loss: 0.1096
04:04:32 -   [Epoch 43/50] Train Loss: 0.0527 | Val Loss: 0.1092
04:04:40 -   [Epoch 44/50] Train Loss: 0.0469 | Val Loss: 0.1176
04:04:48 -   [Epoch 45/50] Train Loss: 0.0443 | Val Loss: 0.1182
04:04:56 -   [Epoch 46/50] Train Loss: 0.0483 | Val Loss: 0.1150
04:05:05 -   [Epoch 47/50] Train Loss: 0.0459 | Val Loss: 0.1137
04:05:15 -   [Epoch 48/50] Train Loss: 0.0467 | Val Loss: 0.1075
04:05:22 -   [Epoch 49/50] Train Loss: 0.0474 | Val Loss: 0.1129
04:05:30 -   [Epoch 50/50] Train Loss: 0.0459 | Val Loss: 0.1199
04:05:31 - Fold 3 Best Val Loss: 0.1096 @ Epoch 42 | Val Pothole F1: 0.6299 | Val PR-AUC: 0.8595
04:05:31 - === Fold 4 ===
04:05:40 -   [Epoch 01/50] Train Loss: 0.1885 | Val Loss: 0.1687
04:05:48 -   [Epoch 02/50] Train Loss: 0.1539 | Val Loss: 0.1565
04:05:58 -   [Epoch 03/50] Train Loss: 0.1306 | Val Loss: 0.1444
04:06:06 -   [Epoch 04/50] Train Loss: 0.1128 | Val Loss: 0.1379
04:06:15 -   [Epoch 05/50] Train Loss: 0.1057 | Val Loss: 0.1075
04:06:25 -   [Epoch 06/50] Train Loss: 0.0964 | Val Loss: 0.1066
04:06:33 -   [Epoch 07/50] Train Loss: 0.0990 | Val Loss: 0.1147
04:06:41 -   [Epoch 08/50] Train Loss: 0.0979 | Val Loss: 0.1128
04:06:49 -   [Epoch 09/50] Train Loss: 0.0923 | Val Loss: 0.1078
04:06:58 -   [Epoch 10/50] Train Loss: 0.0878 | Val Loss: 0.1119
04:07:07 -   [Epoch 11/50] Train Loss: 0.0883 | Val Loss: 0.1000
04:07:15 -   [Epoch 12/50] Train Loss: 0.0843 | Val Loss: 0.1008
04:07:23 -   [Epoch 13/50] Train Loss: 0.0893 | Val Loss: 0.1200
04:07:31 -   [Epoch 14/50] Train Loss: 0.0844 | Val Loss: 0.1256
04:07:39 -   [Epoch 15/50] Train Loss: 0.0869 | Val Loss: 0.1121
04:07:48 -   [Epoch 16/50] Train Loss: 0.0769 | Val Loss: 0.0906
04:07:56 -   [Epoch 17/50] Train Loss: 0.0817 | Val Loss: 0.1013
04:08:04 -   [Epoch 18/50] Train Loss: 0.0757 | Val Loss: 0.0883
04:08:12 -   [Epoch 19/50] Train Loss: 0.0705 | Val Loss: 0.0906
04:08:20 -   [Epoch 20/50] Train Loss: 0.0740 | Val Loss: 0.0886
04:08:29 -   [Epoch 21/50] Train Loss: 0.0737 | Val Loss: 0.0849
04:08:38 -   [Epoch 22/50] Train Loss: 0.0671 | Val Loss: 0.1286
04:08:47 -   [Epoch 23/50] Train Loss: 0.0664 | Val Loss: 0.1251
04:08:56 -   [Epoch 24/50] Train Loss: 0.0649 | Val Loss: 0.1218
04:09:05 -   [Epoch 25/50] Train Loss: 0.0618 | Val Loss: 0.1148
04:09:15 -   [Epoch 26/50] Train Loss: 0.0654 | Val Loss: 0.0919
04:09:24 -   [Epoch 27/50] Train Loss: 0.0691 | Val Loss: 0.0795
04:09:32 -   [Epoch 28/50] Train Loss: 0.0618 | Val Loss: 0.0845
04:09:40 -   [Epoch 29/50] Train Loss: 0.0557 | Val Loss: 0.1031
04:09:48 -   [Epoch 30/50] Train Loss: 0.0596 | Val Loss: 0.0786
04:09:58 -   [Epoch 31/50] Train Loss: 0.0496 | Val Loss: 0.1001
04:10:06 -   [Epoch 32/50] Train Loss: 0.0582 | Val Loss: 0.0896
04:10:14 -   [Epoch 33/50] Train Loss: 0.0526 | Val Loss: 0.0968
04:10:22 -   [Epoch 34/50] Train Loss: 0.0493 | Val Loss: 0.0897
04:10:33 -   [Epoch 35/50] Train Loss: 0.0474 | Val Loss: 0.0925
04:10:44 -   [Epoch 36/50] Train Loss: 0.0484 | Val Loss: 0.0924
04:10:53 -   [Epoch 37/50] Train Loss: 0.0505 | Val Loss: 0.0907
04:11:07 -   [Epoch 38/50] Train Loss: 0.0499 | Val Loss: 0.0879
04:11:15 -   [Epoch 39/50] Train Loss: 0.0447 | Val Loss: 0.0962
04:11:24 -   [Epoch 40/50] Train Loss: 0.0418 | Val Loss: 0.0917
04:11:35 -   [Epoch 41/50] Train Loss: 0.0416 | Val Loss: 0.0908
04:11:44 -   [Epoch 42/50] Train Loss: 0.0430 | Val Loss: 0.0917
04:11:53 -   [Epoch 43/50] Train Loss: 0.0420 | Val Loss: 0.0949
04:12:03 -   [Epoch 44/50] Train Loss: 0.0414 | Val Loss: 0.0931
04:12:11 -   [Epoch 45/50] Train Loss: 0.0419 | Val Loss: 0.0927
04:12:20 -   [Epoch 46/50] Train Loss: 0.0375 | Val Loss: 0.0914
04:12:28 -   [Epoch 47/50] Train Loss: 0.0428 | Val Loss: 0.0906
04:12:36 -   [Epoch 48/50] Train Loss: 0.0412 | Val Loss: 0.0916
04:12:45 -   [Epoch 49/50] Train Loss: 0.0403 | Val Loss: 0.0907
04:12:53 -   [Epoch 50/50] Train Loss: 0.0399 | Val Loss: 0.0912
04:12:53 - Fold 4 Best Val Loss: 0.0917 @ Epoch 40 | Val Pothole F1: 0.6222 | Val PR-AUC: 0.6112
04:12:53 - Average Pothole F1: 0.6463 | Average PR-AUC: 0.7399
04:12:53 - Best epochs per fold: [35, 42, 42, 40] | Optimal Epoch Average: 40
04:12:53 - Confusion matrix disimpan di D:\VSCode Data\Road Detection - Project Skripsi\ml_pipelines\evaluation\reports\cnn_1d\cnn_1d_confusion_matrix_oof.png
04:12:53 - OOF predictions disimpan untuk analisis ulang.
04:12:54 - Saved final global scaler parameters to D:\VSCode Data\Road Detection - Project Skripsi\ml_pipelines\evaluation\models\cnn_1d\cnn_1d_scaler_params.json
04:12:54 - Melatih final model dengan seluruh dataset sebanyak 40 epoch...
04:20:22 - Model final PyTorch disimpan di D:\VSCode Data\Road Detection - Project Skripsi\ml_pipelines\evaluation\models\cnn_1d\cnn_1d_model.pth
04:20:22 - Mengevaluasi model final pada Holdout Test Set (30%)...
04:20:23 - Holdout Test confusion matrix disimpan di D:\VSCode Data\Road Detection - Project Skripsi\ml_pipelines\evaluation\reports\cnn_1d\cnn_1d_confusion_matrix_holdout.png
04:20:23 - ONNX export is now handled exclusively by export_onnx.py to ensure MobileInferenceWrapper is applied.
04:20:23 - Please run `python src/cnn_model/export_onnx.py` manually after training.
------------------------------------------------------------

============================================================
      OOF REPORT      
============================================================
              precision    recall  f1-score   support

   Non-Event       0.95      0.98      0.96      3254
     Pothole       0.74      0.56      0.64       287
  Speed Bump       0.86      0.68      0.76       201

    accuracy                           0.93      3742
   macro avg       0.85      0.74      0.79      3742
weighted avg       0.93      0.93      0.93      3742

------------------------------------------------------------
        CONFUSION MATRIX (Out-of-Fold)
------------------------------------------------------------
               Non-Event     Pothole  Speed Bump
------------------------------------------------
   Non-Event        3185          50          19
     Pothole         122         161           4
  Speed Bump          56           8         137
============================================================

============================================================
     HOLDOUT TEST     
============================================================
              precision    recall  f1-score   support

   Non-Event       0.96      0.99      0.98       843
     Pothole       0.77      0.61      0.68        56
  Speed Bump       0.78      0.60      0.68        42

    accuracy                           0.95       941
   macro avg       0.84      0.73      0.78       941
weighted avg       0.94      0.95      0.94       941

============================================================

