05:09:51 - Loaded Optuna best parameters from D:\VSCode Data\Road Detection - Project Skripsi\ml_pipelines\src\cnn_model\best_optuna_params.json
05:09:51 - Using Params -> LR: 0.001253, Batch: 16, Channels: 48, Dropout: 0.2094, WD: 0.000027, Gamma: 1.67
05:09:51 - Split Summary (Trip-Based):
05:09:51 -   Dev Set (80%): 11 trips, 3742 samples
05:09:51 -   Test Set (20%): 5 trips, 941 samples
05:09:51 - Using device: cpu
05:09:51 - === Fold 1 ===
05:10:07 -   [Epoch 01/50] Train Loss: 0.2171 | Val Loss: 0.1798 | Val Macro F1: 0.3224
05:10:22 -   [Epoch 02/50] Train Loss: 0.1678 | Val Loss: 0.1338 | Val Macro F1: 0.5290
05:10:34 -   [Epoch 03/50] Train Loss: 0.1340 | Val Loss: 0.1087 | Val Macro F1: 0.5677
05:10:46 -   [Epoch 04/50] Train Loss: 0.1220 | Val Loss: 0.0904 | Val Macro F1: 0.6641
05:10:58 -   [Epoch 05/50] Train Loss: 0.1216 | Val Loss: 0.1030 | Val Macro F1: 0.6384
05:11:10 -   [Epoch 06/50] Train Loss: 0.1055 | Val Loss: 0.1034 | Val Macro F1: 0.6868
05:11:22 -   [Epoch 07/50] Train Loss: 0.1048 | Val Loss: 0.0940 | Val Macro F1: 0.6855
05:11:33 -   [Epoch 08/50] Train Loss: 0.0958 | Val Loss: 0.1002 | Val Macro F1: 0.7116
05:11:47 -   [Epoch 09/50] Train Loss: 0.0896 | Val Loss: 0.0887 | Val Macro F1: 0.7229
05:11:59 -   [Epoch 10/50] Train Loss: 0.0941 | Val Loss: 0.0832 | Val Macro F1: 0.7028
05:12:10 -   [Epoch 11/50] Train Loss: 0.0858 | Val Loss: 0.1137 | Val Macro F1: 0.6962
05:12:22 -   [Epoch 12/50] Train Loss: 0.0876 | Val Loss: 0.0929 | Val Macro F1: 0.7249
05:12:34 -   [Epoch 13/50] Train Loss: 0.0792 | Val Loss: 0.0982 | Val Macro F1: 0.7259
05:12:47 -   [Epoch 14/50] Train Loss: 0.0828 | Val Loss: 0.1286 | Val Macro F1: 0.6241
05:12:58 -   [Epoch 15/50] Train Loss: 0.0815 | Val Loss: 0.1011 | Val Macro F1: 0.7183
05:13:10 -   [Epoch 16/50] Train Loss: 0.0797 | Val Loss: 0.0880 | Val Macro F1: 0.7628
05:13:21 -   [Epoch 17/50] Train Loss: 0.0762 | Val Loss: 0.0817 | Val Macro F1: 0.7851
05:13:33 -   [Epoch 18/50] Train Loss: 0.0730 | Val Loss: 0.0792 | Val Macro F1: 0.7971
05:13:46 -   [Epoch 19/50] Train Loss: 0.0763 | Val Loss: 0.0691 | Val Macro F1: 0.8087
05:13:59 -   [Epoch 20/50] Train Loss: 0.0677 | Val Loss: 0.0846 | Val Macro F1: 0.7141
05:14:13 -   [Epoch 21/50] Train Loss: 0.0671 | Val Loss: 0.0785 | Val Macro F1: 0.7859
05:14:27 -   [Epoch 22/50] Train Loss: 0.0662 | Val Loss: 0.0789 | Val Macro F1: 0.7956
05:14:45 -   [Epoch 23/50] Train Loss: 0.0657 | Val Loss: 0.0724 | Val Macro F1: 0.8178
05:15:00 -   [Epoch 24/50] Train Loss: 0.0614 | Val Loss: 0.0782 | Val Macro F1: 0.7952
05:15:14 -   [Epoch 25/50] Train Loss: 0.0664 | Val Loss: 0.0747 | Val Macro F1: 0.7677
05:15:27 -   [Epoch 26/50] Train Loss: 0.0620 | Val Loss: 0.0728 | Val Macro F1: 0.8049
05:15:41 -   [Epoch 27/50] Train Loss: 0.0605 | Val Loss: 0.0965 | Val Macro F1: 0.7397
05:15:54 -   [Epoch 28/50] Train Loss: 0.0603 | Val Loss: 0.0730 | Val Macro F1: 0.7927
05:16:09 -   [Epoch 29/50] Train Loss: 0.0584 | Val Loss: 0.0737 | Val Macro F1: 0.7974
05:16:21 -   [Epoch 30/50] Train Loss: 0.0561 | Val Loss: 0.0723 | Val Macro F1: 0.8012
05:16:33 -   [Epoch 31/50] Train Loss: 0.0571 | Val Loss: 0.0821 | Val Macro F1: 0.7389
05:16:46 -   [Epoch 32/50] Train Loss: 0.0518 | Val Loss: 0.0787 | Val Macro F1: 0.7844
05:17:00 -   [Epoch 33/50] Train Loss: 0.0484 | Val Loss: 0.0810 | Val Macro F1: 0.7755
05:17:13 -   [Epoch 34/50] Train Loss: 0.0523 | Val Loss: 0.0799 | Val Macro F1: 0.7625
05:17:27 -   [Epoch 35/50] Train Loss: 0.0500 | Val Loss: 0.0826 | Val Macro F1: 0.7860
05:17:50 -   [Epoch 36/50] Train Loss: 0.0492 | Val Loss: 0.0808 | Val Macro F1: 0.7502
05:19:11 -   [Epoch 37/50] Train Loss: 0.0491 | Val Loss: 0.0787 | Val Macro F1: 0.7933
05:20:25 -   [Epoch 38/50] Train Loss: 0.0499 | Val Loss: 0.0799 | Val Macro F1: 0.7507
05:21:30 -   [Epoch 39/50] Train Loss: 0.0467 | Val Loss: 0.0763 | Val Macro F1: 0.7869
05:22:25 -   [Epoch 40/50] Train Loss: 0.0464 | Val Loss: 0.0837 | Val Macro F1: 0.7761
05:23:09 -   [Epoch 41/50] Train Loss: 0.0505 | Val Loss: 0.0819 | Val Macro F1: 0.7875
05:23:31 -   [Epoch 42/50] Train Loss: 0.0515 | Val Loss: 0.0796 | Val Macro F1: 0.7831
05:23:52 -   [Epoch 43/50] Train Loss: 0.0435 | Val Loss: 0.0812 | Val Macro F1: 0.7847
05:24:08 -   [Epoch 44/50] Train Loss: 0.0466 | Val Loss: 0.0796 | Val Macro F1: 0.7712
05:24:20 -   [Epoch 45/50] Train Loss: 0.0449 | Val Loss: 0.0806 | Val Macro F1: 0.7830
05:24:32 -   [Epoch 46/50] Train Loss: 0.0476 | Val Loss: 0.0811 | Val Macro F1: 0.7712
05:24:44 -   [Epoch 47/50] Train Loss: 0.0428 | Val Loss: 0.0794 | Val Macro F1: 0.7906
05:24:55 -   [Epoch 48/50] Train Loss: 0.0443 | Val Loss: 0.0787 | Val Macro F1: 0.7984
05:25:09 -   [Epoch 49/50] Train Loss: 0.0418 | Val Loss: 0.0796 | Val Macro F1: 0.7861
05:25:21 -   [Epoch 50/50] Train Loss: 0.0426 | Val Loss: 0.0809 | Val Macro F1: 0.7932
05:25:22 - Fold 1 Best Val Loss: 0.0691 @ Epoch 19 | Val Pothole F1: 0.5902 | Val PR-AUC: 0.6490
05:25:22 - === Fold 2 ===
05:25:35 -   [Epoch 01/50] Train Loss: 0.2131 | Val Loss: 0.1394 | Val Macro F1: 0.3602
05:25:48 -   [Epoch 02/50] Train Loss: 0.1675 | Val Loss: 0.1168 | Val Macro F1: 0.4660
05:26:01 -   [Epoch 03/50] Train Loss: 0.1421 | Val Loss: 0.0835 | Val Macro F1: 0.6629
05:26:14 -   [Epoch 04/50] Train Loss: 0.1316 | Val Loss: 0.0756 | Val Macro F1: 0.7639
05:26:27 -   [Epoch 05/50] Train Loss: 0.1256 | Val Loss: 0.0725 | Val Macro F1: 0.7292
05:26:41 -   [Epoch 06/50] Train Loss: 0.1181 | Val Loss: 0.0819 | Val Macro F1: 0.6833
05:26:56 -   [Epoch 07/50] Train Loss: 0.1161 | Val Loss: 0.1015 | Val Macro F1: 0.7228
05:27:16 -   [Epoch 08/50] Train Loss: 0.1109 | Val Loss: 0.0800 | Val Macro F1: 0.7632
05:27:30 -   [Epoch 09/50] Train Loss: 0.1019 | Val Loss: 0.0763 | Val Macro F1: 0.7440
05:27:49 -   [Epoch 10/50] Train Loss: 0.0984 | Val Loss: 0.0962 | Val Macro F1: 0.7411
05:28:16 -   [Epoch 11/50] Train Loss: 0.0997 | Val Loss: 0.0762 | Val Macro F1: 0.7480
05:29:27 -   [Epoch 12/50] Train Loss: 0.0889 | Val Loss: 0.0894 | Val Macro F1: 0.6728
05:30:32 -   [Epoch 13/50] Train Loss: 0.0875 | Val Loss: 0.0628 | Val Macro F1: 0.7621
05:31:15 -   [Epoch 14/50] Train Loss: 0.0936 | Val Loss: 0.0605 | Val Macro F1: 0.8162
05:31:51 -   [Epoch 15/50] Train Loss: 0.0888 | Val Loss: 0.1063 | Val Macro F1: 0.7013
05:32:16 -   [Epoch 16/50] Train Loss: 0.0883 | Val Loss: 0.0626 | Val Macro F1: 0.8133
05:32:34 -   [Epoch 17/50] Train Loss: 0.0754 | Val Loss: 0.0744 | Val Macro F1: 0.7824
05:32:51 -   [Epoch 18/50] Train Loss: 0.0804 | Val Loss: 0.0607 | Val Macro F1: 0.7963
05:33:04 -   [Epoch 19/50] Train Loss: 0.0760 | Val Loss: 0.0624 | Val Macro F1: 0.8435
05:33:20 -   [Epoch 20/50] Train Loss: 0.0792 | Val Loss: 0.0721 | Val Macro F1: 0.8158
05:33:35 -   [Epoch 21/50] Train Loss: 0.0752 | Val Loss: 0.0731 | Val Macro F1: 0.7839
05:33:49 -   [Epoch 22/50] Train Loss: 0.0760 | Val Loss: 0.0932 | Val Macro F1: 0.7568
05:34:02 -   [Epoch 23/50] Train Loss: 0.0689 | Val Loss: 0.0722 | Val Macro F1: 0.8392
05:34:37 -   [Epoch 24/50] Train Loss: 0.0698 | Val Loss: 0.0669 | Val Macro F1: 0.8118
05:34:56 -   [Epoch 25/50] Train Loss: 0.0666 | Val Loss: 0.0816 | Val Macro F1: 0.7818
05:35:09 -   [Epoch 26/50] Train Loss: 0.0690 | Val Loss: 0.0695 | Val Macro F1: 0.8403
05:35:22 -   [Epoch 27/50] Train Loss: 0.0657 | Val Loss: 0.0707 | Val Macro F1: 0.8362
05:35:35 -   [Epoch 28/50] Train Loss: 0.0655 | Val Loss: 0.0873 | Val Macro F1: 0.7998
05:35:48 -   [Epoch 29/50] Train Loss: 0.0692 | Val Loss: 0.0793 | Val Macro F1: 0.8053
05:36:01 -   [Epoch 30/50] Train Loss: 0.0658 | Val Loss: 0.0561 | Val Macro F1: 0.8460
05:36:14 -   [Epoch 31/50] Train Loss: 0.0596 | Val Loss: 0.0603 | Val Macro F1: 0.8375
05:36:29 -   [Epoch 32/50] Train Loss: 0.0624 | Val Loss: 0.0604 | Val Macro F1: 0.8308
05:36:44 -   [Epoch 33/50] Train Loss: 0.0621 | Val Loss: 0.0681 | Val Macro F1: 0.8182
05:37:00 -   [Epoch 34/50] Train Loss: 0.0643 | Val Loss: 0.0644 | Val Macro F1: 0.8218
05:37:15 -   [Epoch 35/50] Train Loss: 0.0591 | Val Loss: 0.0712 | Val Macro F1: 0.8264
05:37:45 -   [Epoch 36/50] Train Loss: 0.0576 | Val Loss: 0.0651 | Val Macro F1: 0.8257
05:38:22 -   [Epoch 37/50] Train Loss: 0.0536 | Val Loss: 0.0710 | Val Macro F1: 0.8255
05:38:40 -   [Epoch 38/50] Train Loss: 0.0549 | Val Loss: 0.0694 | Val Macro F1: 0.8058
05:38:57 -   [Epoch 39/50] Train Loss: 0.0588 | Val Loss: 0.0666 | Val Macro F1: 0.8242
05:39:12 -   [Epoch 40/50] Train Loss: 0.0490 | Val Loss: 0.0664 | Val Macro F1: 0.8265
05:39:28 -   [Epoch 41/50] Train Loss: 0.0489 | Val Loss: 0.0653 | Val Macro F1: 0.8329
05:39:45 -   [Epoch 42/50] Train Loss: 0.0501 | Val Loss: 0.0665 | Val Macro F1: 0.8147
05:40:01 -   [Epoch 43/50] Train Loss: 0.0452 | Val Loss: 0.0663 | Val Macro F1: 0.8201
05:40:17 -   [Epoch 44/50] Train Loss: 0.0545 | Val Loss: 0.0681 | Val Macro F1: 0.8232
05:40:31 -   [Epoch 45/50] Train Loss: 0.0540 | Val Loss: 0.0667 | Val Macro F1: 0.8226
05:40:44 -   [Epoch 46/50] Train Loss: 0.0487 | Val Loss: 0.0661 | Val Macro F1: 0.8226
05:40:57 -   [Epoch 47/50] Train Loss: 0.0498 | Val Loss: 0.0652 | Val Macro F1: 0.8293
05:41:11 -   [Epoch 48/50] Train Loss: 0.0527 | Val Loss: 0.0682 | Val Macro F1: 0.8082
05:41:24 -   [Epoch 49/50] Train Loss: 0.0505 | Val Loss: 0.0658 | Val Macro F1: 0.8161
05:41:37 -   [Epoch 50/50] Train Loss: 0.0475 | Val Loss: 0.0668 | Val Macro F1: 0.8226
05:41:38 - Fold 2 Best Val Loss: 0.0561 @ Epoch 30 | Val Pothole F1: 0.7191 | Val PR-AUC: 0.8515
05:41:38 - === Fold 3 ===
05:41:51 -   [Epoch 01/50] Train Loss: 0.2110 | Val Loss: 0.2247 | Val Macro F1: 0.3050
05:42:04 -   [Epoch 02/50] Train Loss: 0.1515 | Val Loss: 0.1551 | Val Macro F1: 0.5411
05:42:17 -   [Epoch 03/50] Train Loss: 0.1232 | Val Loss: 0.1925 | Val Macro F1: 0.6027
05:42:29 -   [Epoch 04/50] Train Loss: 0.1161 | Val Loss: 0.1635 | Val Macro F1: 0.5707
05:42:42 -   [Epoch 05/50] Train Loss: 0.1130 | Val Loss: 0.1290 | Val Macro F1: 0.6745
05:42:55 -   [Epoch 06/50] Train Loss: 0.1082 | Val Loss: 0.1336 | Val Macro F1: 0.6554
05:43:07 -   [Epoch 07/50] Train Loss: 0.1054 | Val Loss: 0.1662 | Val Macro F1: 0.6514
05:43:21 -   [Epoch 08/50] Train Loss: 0.0980 | Val Loss: 0.1671 | Val Macro F1: 0.5629
05:43:34 -   [Epoch 09/50] Train Loss: 0.0992 | Val Loss: 0.1396 | Val Macro F1: 0.6938
05:43:47 -   [Epoch 10/50] Train Loss: 0.0947 | Val Loss: 0.1364 | Val Macro F1: 0.6786
05:43:59 -   [Epoch 11/50] Train Loss: 0.0874 | Val Loss: 0.1310 | Val Macro F1: 0.6032
05:44:12 -   [Epoch 12/50] Train Loss: 0.0826 | Val Loss: 0.1311 | Val Macro F1: 0.6961
05:44:24 -   [Epoch 13/50] Train Loss: 0.0849 | Val Loss: 0.1339 | Val Macro F1: 0.7587
05:44:37 -   [Epoch 14/50] Train Loss: 0.0795 | Val Loss: 0.1216 | Val Macro F1: 0.7480
05:44:50 -   [Epoch 15/50] Train Loss: 0.0790 | Val Loss: 0.1149 | Val Macro F1: 0.7642
05:45:02 -   [Epoch 16/50] Train Loss: 0.0785 | Val Loss: 0.1395 | Val Macro F1: 0.7709
05:45:15 -   [Epoch 17/50] Train Loss: 0.0745 | Val Loss: 0.1299 | Val Macro F1: 0.7436
05:45:28 -   [Epoch 18/50] Train Loss: 0.0715 | Val Loss: 0.1277 | Val Macro F1: 0.7571
05:45:41 -   [Epoch 19/50] Train Loss: 0.0723 | Val Loss: 0.1649 | Val Macro F1: 0.7223
05:45:54 -   [Epoch 20/50] Train Loss: 0.0664 | Val Loss: 0.1713 | Val Macro F1: 0.6901
05:46:06 -   [Epoch 21/50] Train Loss: 0.0670 | Val Loss: 0.1408 | Val Macro F1: 0.7538
05:46:18 -   [Epoch 22/50] Train Loss: 0.0630 | Val Loss: 0.1200 | Val Macro F1: 0.7670
05:46:31 -   [Epoch 23/50] Train Loss: 0.0617 | Val Loss: 0.1645 | Val Macro F1: 0.7450
05:46:44 -   [Epoch 24/50] Train Loss: 0.0620 | Val Loss: 0.1193 | Val Macro F1: 0.7434
05:46:57 -   [Epoch 25/50] Train Loss: 0.0610 | Val Loss: 0.1180 | Val Macro F1: 0.7899
05:47:09 -   [Epoch 26/50] Train Loss: 0.0569 | Val Loss: 0.1268 | Val Macro F1: 0.7776
05:47:22 -   [Epoch 27/50] Train Loss: 0.0568 | Val Loss: 0.1222 | Val Macro F1: 0.8093
05:47:35 -   [Epoch 28/50] Train Loss: 0.0549 | Val Loss: 0.1673 | Val Macro F1: 0.6837
05:47:48 -   [Epoch 29/50] Train Loss: 0.0519 | Val Loss: 0.1216 | Val Macro F1: 0.7949
05:48:00 -   [Epoch 30/50] Train Loss: 0.0469 | Val Loss: 0.1371 | Val Macro F1: 0.7945
05:48:13 -   [Epoch 31/50] Train Loss: 0.0513 | Val Loss: 0.1322 | Val Macro F1: 0.7793
05:48:27 -   [Epoch 32/50] Train Loss: 0.0498 | Val Loss: 0.1490 | Val Macro F1: 0.7416
05:48:41 -   [Epoch 33/50] Train Loss: 0.0479 | Val Loss: 0.1372 | Val Macro F1: 0.7847
05:48:54 -   [Epoch 34/50] Train Loss: 0.0458 | Val Loss: 0.1344 | Val Macro F1: 0.7749
05:49:06 -   [Epoch 35/50] Train Loss: 0.0474 | Val Loss: 0.1673 | Val Macro F1: 0.7340
05:49:18 -   [Epoch 36/50] Train Loss: 0.0470 | Val Loss: 0.1474 | Val Macro F1: 0.7639
05:49:31 -   [Epoch 37/50] Train Loss: 0.0466 | Val Loss: 0.1314 | Val Macro F1: 0.7872
05:49:43 -   [Epoch 38/50] Train Loss: 0.0463 | Val Loss: 0.1286 | Val Macro F1: 0.8080
05:49:57 -   [Epoch 39/50] Train Loss: 0.0450 | Val Loss: 0.1549 | Val Macro F1: 0.7672
05:50:10 -   [Epoch 40/50] Train Loss: 0.0436 | Val Loss: 0.1456 | Val Macro F1: 0.7591
05:50:22 -   [Epoch 41/50] Train Loss: 0.0449 | Val Loss: 0.1373 | Val Macro F1: 0.7629
05:50:35 -   [Epoch 42/50] Train Loss: 0.0465 | Val Loss: 0.1551 | Val Macro F1: 0.7460
05:50:47 -   [Epoch 43/50] Train Loss: 0.0443 | Val Loss: 0.1501 | Val Macro F1: 0.7696
05:51:00 -   [Epoch 44/50] Train Loss: 0.0413 | Val Loss: 0.1348 | Val Macro F1: 0.8001
05:52:50 -   [Epoch 45/50] Train Loss: 0.0420 | Val Loss: 0.1389 | Val Macro F1: 0.7946
05:53:10 -   [Epoch 46/50] Train Loss: 0.0389 | Val Loss: 0.1415 | Val Macro F1: 0.7797
05:53:42 -   [Epoch 47/50] Train Loss: 0.0390 | Val Loss: 0.1569 | Val Macro F1: 0.7532
05:53:56 -   [Epoch 48/50] Train Loss: 0.0477 | Val Loss: 0.1374 | Val Macro F1: 0.7984
05:54:13 -   [Epoch 49/50] Train Loss: 0.0416 | Val Loss: 0.1262 | Val Macro F1: 0.8066
05:54:30 -   [Epoch 50/50] Train Loss: 0.0415 | Val Loss: 0.1476 | Val Macro F1: 0.7689
05:54:32 - Fold 3 Best Val Loss: 0.1322 @ Epoch 31 | Val Pothole F1: 0.5645 | Val PR-AUC: 0.8112
05:54:32 - === Fold 4 ===
05:54:49 -   [Epoch 01/50] Train Loss: 0.1942 | Val Loss: 0.2055 | Val Macro F1: 0.4630
05:55:07 -   [Epoch 02/50] Train Loss: 0.1371 | Val Loss: 0.1605 | Val Macro F1: 0.4775
05:55:19 -   [Epoch 03/50] Train Loss: 0.1231 | Val Loss: 0.1480 | Val Macro F1: 0.5994
05:55:33 -   [Epoch 04/50] Train Loss: 0.1158 | Val Loss: 0.1381 | Val Macro F1: 0.5101
05:55:46 -   [Epoch 05/50] Train Loss: 0.1084 | Val Loss: 0.1394 | Val Macro F1: 0.5253
05:55:58 -   [Epoch 06/50] Train Loss: 0.1042 | Val Loss: 0.1297 | Val Macro F1: 0.6740
05:56:11 -   [Epoch 07/50] Train Loss: 0.1048 | Val Loss: 0.1325 | Val Macro F1: 0.5400
05:56:23 -   [Epoch 08/50] Train Loss: 0.0935 | Val Loss: 0.1289 | Val Macro F1: 0.6813
05:56:49 -   [Epoch 09/50] Train Loss: 0.0937 | Val Loss: 0.1126 | Val Macro F1: 0.6497
05:57:02 -   [Epoch 10/50] Train Loss: 0.0889 | Val Loss: 0.1216 | Val Macro F1: 0.6475
05:57:14 -   [Epoch 11/50] Train Loss: 0.0835 | Val Loss: 0.1157 | Val Macro F1: 0.6322
05:57:26 -   [Epoch 12/50] Train Loss: 0.0786 | Val Loss: 0.1069 | Val Macro F1: 0.7195
05:57:39 -   [Epoch 13/50] Train Loss: 0.0824 | Val Loss: 0.1331 | Val Macro F1: 0.6032
05:57:52 -   [Epoch 14/50] Train Loss: 0.0732 | Val Loss: 0.1177 | Val Macro F1: 0.6516
05:58:06 -   [Epoch 15/50] Train Loss: 0.0778 | Val Loss: 0.1166 | Val Macro F1: 0.7042
05:58:19 -   [Epoch 16/50] Train Loss: 0.0771 | Val Loss: 0.1069 | Val Macro F1: 0.7135
05:58:31 -   [Epoch 17/50] Train Loss: 0.0662 | Val Loss: 0.2076 | Val Macro F1: 0.5071
05:58:43 -   [Epoch 18/50] Train Loss: 0.0632 | Val Loss: 0.1033 | Val Macro F1: 0.7213
05:58:55 -   [Epoch 19/50] Train Loss: 0.0659 | Val Loss: 0.1168 | Val Macro F1: 0.6814
05:59:07 -   [Epoch 20/50] Train Loss: 0.0632 | Val Loss: 0.1097 | Val Macro F1: 0.7114
05:59:20 -   [Epoch 21/50] Train Loss: 0.0672 | Val Loss: 0.1334 | Val Macro F1: 0.7496
05:59:32 -   [Epoch 22/50] Train Loss: 0.0601 | Val Loss: 0.1147 | Val Macro F1: 0.7362
05:59:44 -   [Epoch 23/50] Train Loss: 0.0608 | Val Loss: 0.1175 | Val Macro F1: 0.7043
05:59:57 -   [Epoch 24/50] Train Loss: 0.0599 | Val Loss: 0.1149 | Val Macro F1: 0.7341
06:00:13 -   [Epoch 25/50] Train Loss: 0.0589 | Val Loss: 0.1060 | Val Macro F1: 0.7232
06:00:24 -   [Epoch 26/50] Train Loss: 0.0579 | Val Loss: 0.1050 | Val Macro F1: 0.7697
06:00:36 -   [Epoch 27/50] Train Loss: 0.0602 | Val Loss: 0.1050 | Val Macro F1: 0.7273
06:00:47 -   [Epoch 28/50] Train Loss: 0.0599 | Val Loss: 0.1069 | Val Macro F1: 0.7600
06:00:59 -   [Epoch 29/50] Train Loss: 0.0499 | Val Loss: 0.1131 | Val Macro F1: 0.7342
06:01:11 -   [Epoch 30/50] Train Loss: 0.0520 | Val Loss: 0.1034 | Val Macro F1: 0.7586
06:01:23 -   [Epoch 31/50] Train Loss: 0.0506 | Val Loss: 0.1230 | Val Macro F1: 0.7593
06:01:34 -   [Epoch 32/50] Train Loss: 0.0531 | Val Loss: 0.1194 | Val Macro F1: 0.7337
06:01:47 -   [Epoch 33/50] Train Loss: 0.0502 | Val Loss: 0.1303 | Val Macro F1: 0.7298
06:01:59 -   [Epoch 34/50] Train Loss: 0.0457 | Val Loss: 0.1050 | Val Macro F1: 0.7706
06:02:12 -   [Epoch 35/50] Train Loss: 0.0391 | Val Loss: 0.1068 | Val Macro F1: 0.7861
06:02:24 -   [Epoch 36/50] Train Loss: 0.0430 | Val Loss: 0.1055 | Val Macro F1: 0.7675
06:02:36 -   [Epoch 37/50] Train Loss: 0.0411 | Val Loss: 0.1061 | Val Macro F1: 0.7721
06:02:49 -   [Epoch 38/50] Train Loss: 0.0459 | Val Loss: 0.1116 | Val Macro F1: 0.7648
06:03:02 -   [Epoch 39/50] Train Loss: 0.0431 | Val Loss: 0.1118 | Val Macro F1: 0.7705
06:03:13 -   [Epoch 40/50] Train Loss: 0.0410 | Val Loss: 0.1139 | Val Macro F1: 0.7654
06:03:25 -   [Epoch 41/50] Train Loss: 0.0442 | Val Loss: 0.1131 | Val Macro F1: 0.7619
06:03:37 -   [Epoch 42/50] Train Loss: 0.0380 | Val Loss: 0.1151 | Val Macro F1: 0.7744
06:03:49 -   [Epoch 43/50] Train Loss: 0.0390 | Val Loss: 0.1142 | Val Macro F1: 0.7660
06:04:05 -   [Epoch 44/50] Train Loss: 0.0389 | Val Loss: 0.1188 | Val Macro F1: 0.7585
06:04:18 -   [Epoch 45/50] Train Loss: 0.0376 | Val Loss: 0.1187 | Val Macro F1: 0.7640
06:04:31 -   [Epoch 46/50] Train Loss: 0.0413 | Val Loss: 0.1170 | Val Macro F1: 0.7609
06:04:43 -   [Epoch 47/50] Train Loss: 0.0365 | Val Loss: 0.1171 | Val Macro F1: 0.7627
06:04:58 -   [Epoch 48/50] Train Loss: 0.0358 | Val Loss: 0.1175 | Val Macro F1: 0.7610
06:05:10 -   [Epoch 49/50] Train Loss: 0.0388 | Val Loss: 0.1151 | Val Macro F1: 0.7639
06:05:22 -   [Epoch 50/50] Train Loss: 0.0422 | Val Loss: 0.1184 | Val Macro F1: 0.7599
06:05:23 - Fold 4 Best Val Loss: 0.1194 @ Epoch 32 | Val Pothole F1: 0.6044 | Val PR-AUC: 0.6418
06:05:23 - Average Pothole F1: 0.6195 | Average PR-AUC: 0.7384
06:05:23 - Best epochs per fold: [19, 30, 31, 32] | Optimal Epoch Average: 28
06:05:24 - Confusion matrix disimpan di D:\VSCode Data\Road Detection - Project Skripsi\ml_pipelines\evaluation\reports\cnn_1d\cnn_1d_confusion_matrix_oof.png
06:05:24 - OOF predictions disimpan untuk analisis ulang.
06:05:24 - Saved final global scaler parameters to D:\VSCode Data\Road Detection - Project Skripsi\ml_pipelines\evaluation\models\cnn_1d\cnn_1d_scaler_params.json
06:05:24 - Melatih final model dengan seluruh dataset sebanyak 28 epoch...
06:13:22 - Model final PyTorch disimpan di D:\VSCode Data\Road Detection - Project Skripsi\ml_pipelines\evaluation\models\cnn_1d\cnn_1d_model.pth
06:13:22 - Mengevaluasi model final pada Holdout Test Set (20%)...
06:13:23 - Holdout Test confusion matrix disimpan di D:\VSCode Data\Road Detection - Project Skripsi\ml_pipelines\evaluation\reports\cnn_1d\cnn_1d_confusion_matrix_holdout.png
06:13:23 - ONNX export is now handled exclusively by export_onnx.py to ensure MobileInferenceWrapper is applied.
06:13:23 - Please run `python src/cnn_model/export_onnx.py` manually after training.
------------------------------------------------------------

============================================================
      OOF REPORT      
============================================================
              precision    recall  f1-score   support

   Non-Event       0.95      0.98      0.96      3254
     Pothole       0.69      0.55      0.61       287
  Speed Bump       0.90      0.69      0.78       201

    accuracy                           0.93      3742
   macro avg       0.85      0.74      0.78      3742
weighted avg       0.92      0.93      0.93      3742

------------------------------------------------------------
        CONFUSION MATRIX (Out-of-Fold)
------------------------------------------------------------
               Non-Event     Pothole  Speed Bump
------------------------------------------------
   Non-Event        3181          62          11
     Pothole         125         158           4
  Speed Bump          53          10         138
============================================================

============================================================
     HOLDOUT TEST     
============================================================
              precision    recall  f1-score   support

   Non-Event       0.97      0.99      0.98       843
     Pothole       0.85      0.71      0.78        56
  Speed Bump       0.85      0.79      0.81        42

    accuracy                           0.96       941
   macro avg       0.89      0.83      0.86       941
weighted avg       0.96      0.96      0.96       941

============================================================

