16:21:06 - Split Summary (Trip-Based):
16:21:06 -   Dev Set (70%): 9 trips, 3110 samples
16:21:06 -   Test Set (30%): 7 trips, 1573 samples
16:21:06 - Using device: cpu
16:21:06 - === Fold 1 ===
16:21:06 - Saved fold scaler parameters to D:\VSCode Data\Road Detection - Project Skripsi\ml_pipelines\evaluation\models\cnn_1d\scaler_params.json
16:21:33 -   [Epoch 01/50] Train Loss: 0.2262 | Val Loss: 0.1663
16:21:55 -   [Epoch 02/50] Train Loss: 0.1756 | Val Loss: 0.1288
16:22:20 -   [Epoch 03/50] Train Loss: 0.1597 | Val Loss: 0.0984
16:22:49 -   [Epoch 04/50] Train Loss: 0.1320 | Val Loss: 0.1002
16:23:13 -   [Epoch 05/50] Train Loss: 0.1198 | Val Loss: 0.1263
16:23:37 -   [Epoch 06/50] Train Loss: 0.1091 | Val Loss: 0.0905
16:24:02 -   [Epoch 07/50] Train Loss: 0.0982 | Val Loss: 0.1041
16:24:25 -   [Epoch 08/50] Train Loss: 0.0975 | Val Loss: 0.0837
16:24:51 -   [Epoch 09/50] Train Loss: 0.1030 | Val Loss: 0.0809
16:25:15 -   [Epoch 10/50] Train Loss: 0.0923 | Val Loss: 0.1013
16:25:37 -   [Epoch 11/50] Train Loss: 0.0926 | Val Loss: 0.1214
16:26:00 -   [Epoch 12/50] Train Loss: 0.0910 | Val Loss: 0.0963
16:26:26 -   [Epoch 13/50] Train Loss: 0.0791 | Val Loss: 0.0933
16:26:50 -   [Epoch 14/50] Train Loss: 0.0819 | Val Loss: 0.0881
16:27:15 -   [Epoch 15/50] Train Loss: 0.0772 | Val Loss: 0.1032
16:27:42 -   [Epoch 16/50] Train Loss: 0.0705 | Val Loss: 0.0930
16:28:14 -   [Epoch 17/50] Train Loss: 0.0670 | Val Loss: 0.0869
16:28:49 -   [Epoch 18/50] Train Loss: 0.0663 | Val Loss: 0.1170
16:29:16 -   [Epoch 19/50] Train Loss: 0.0679 | Val Loss: 0.0874
16:29:43 -   [Epoch 20/50] Train Loss: 0.0647 | Val Loss: 0.0813
16:30:12 -   [Epoch 21/50] Train Loss: 0.0559 | Val Loss: 0.0913
16:30:40 -   [Epoch 22/50] Train Loss: 0.0577 | Val Loss: 0.1429
16:31:10 -   [Epoch 23/50] Train Loss: 0.0551 | Val Loss: 0.0859
16:31:43 -   [Epoch 24/50] Train Loss: 0.0579 | Val Loss: 0.1328
16:32:14 -   [Epoch 25/50] Train Loss: 0.0485 | Val Loss: 0.1061
16:32:41 -   [Epoch 26/50] Train Loss: 0.0521 | Val Loss: 0.1618
16:33:09 -   [Epoch 27/50] Train Loss: 0.0498 | Val Loss: 0.1009
16:33:38 -   [Epoch 28/50] Train Loss: 0.0483 | Val Loss: 0.0849
16:34:10 -   [Epoch 29/50] Train Loss: 0.0473 | Val Loss: 0.0933
16:34:46 -   [Epoch 30/50] Train Loss: 0.0460 | Val Loss: 0.0985
16:35:14 -   [Epoch 31/50] Train Loss: 0.0460 | Val Loss: 0.0902
16:35:41 -   [Epoch 32/50] Train Loss: 0.0410 | Val Loss: 0.1030
16:36:08 -   [Epoch 33/50] Train Loss: 0.0358 | Val Loss: 0.1070
16:36:36 -   [Epoch 34/50] Train Loss: 0.0389 | Val Loss: 0.1040
16:37:07 -   [Epoch 35/50] Train Loss: 0.0372 | Val Loss: 0.0992
16:37:34 -   [Epoch 36/50] Train Loss: 0.0347 | Val Loss: 0.1007
16:38:02 -   [Epoch 37/50] Train Loss: 0.0354 | Val Loss: 0.1166
16:38:30 -   [Epoch 38/50] Train Loss: 0.0382 | Val Loss: 0.1309
16:39:02 -   [Epoch 39/50] Train Loss: 0.0355 | Val Loss: 0.1007
16:39:32 -   [Epoch 40/50] Train Loss: 0.0314 | Val Loss: 0.0938
16:40:01 -   [Epoch 41/50] Train Loss: 0.0329 | Val Loss: 0.0996
16:40:29 -   [Epoch 42/50] Train Loss: 0.0345 | Val Loss: 0.0964
16:40:56 -   [Epoch 43/50] Train Loss: 0.0334 | Val Loss: 0.1036
16:41:28 -   [Epoch 44/50] Train Loss: 0.0314 | Val Loss: 0.0968
16:41:55 -   [Epoch 45/50] Train Loss: 0.0357 | Val Loss: 0.0978
16:42:21 -   [Epoch 46/50] Train Loss: 0.0299 | Val Loss: 0.0985
16:42:49 -   [Epoch 47/50] Train Loss: 0.0333 | Val Loss: 0.1011
16:43:20 -   [Epoch 48/50] Train Loss: 0.0330 | Val Loss: 0.0966
16:43:48 -   [Epoch 49/50] Train Loss: 0.0280 | Val Loss: 0.0997
16:44:17 -   [Epoch 50/50] Train Loss: 0.0319 | Val Loss: 0.1019
16:44:21 - Fold 1 Best Val Loss: 0.1061 @ Epoch 25 | Val Pothole F1: 0.4779 | Val PR-AUC: 0.5952
16:44:21 - === Fold 2 ===
16:44:51 -   [Epoch 01/50] Train Loss: 0.1952 | Val Loss: 0.1462
16:45:16 -   [Epoch 02/50] Train Loss: 0.1377 | Val Loss: 0.1408
16:45:41 -   [Epoch 03/50] Train Loss: 0.1210 | Val Loss: 0.1250
16:46:05 -   [Epoch 04/50] Train Loss: 0.1169 | Val Loss: 0.1327
16:46:37 -   [Epoch 05/50] Train Loss: 0.1017 | Val Loss: 0.0931
16:47:07 -   [Epoch 06/50] Train Loss: 0.0959 | Val Loss: 0.1027
16:47:31 -   [Epoch 07/50] Train Loss: 0.0952 | Val Loss: 0.1380
16:47:55 -   [Epoch 08/50] Train Loss: 0.0938 | Val Loss: 0.1049
16:48:19 -   [Epoch 09/50] Train Loss: 0.0939 | Val Loss: 0.1095
16:48:43 -   [Epoch 10/50] Train Loss: 0.0895 | Val Loss: 0.0854
16:49:08 -   [Epoch 11/50] Train Loss: 0.0851 | Val Loss: 0.1029
16:49:32 -   [Epoch 12/50] Train Loss: 0.0780 | Val Loss: 0.1000
16:49:57 -   [Epoch 13/50] Train Loss: 0.0812 | Val Loss: 0.0881
16:50:24 -   [Epoch 14/50] Train Loss: 0.0752 | Val Loss: 0.1122
16:50:58 -   [Epoch 15/50] Train Loss: 0.0714 | Val Loss: 0.1102
16:51:29 -   [Epoch 16/50] Train Loss: 0.0747 | Val Loss: 0.1068
16:51:57 -   [Epoch 17/50] Train Loss: 0.0694 | Val Loss: 0.1487
16:52:24 -   [Epoch 18/50] Train Loss: 0.0768 | Val Loss: 0.1081
16:52:50 -   [Epoch 19/50] Train Loss: 0.0744 | Val Loss: 0.1110
16:53:17 -   [Epoch 20/50] Train Loss: 0.0623 | Val Loss: 0.1341
16:53:42 -   [Epoch 21/50] Train Loss: 0.0644 | Val Loss: 0.1394
16:54:07 -   [Epoch 22/50] Train Loss: 0.0653 | Val Loss: 0.1146
16:54:34 -   [Epoch 23/50] Train Loss: 0.0589 | Val Loss: 0.1002
16:55:00 -   [Epoch 24/50] Train Loss: 0.0561 | Val Loss: 0.0926
16:55:26 -   [Epoch 25/50] Train Loss: 0.0593 | Val Loss: 0.0794
16:55:49 -   [Epoch 26/50] Train Loss: 0.0520 | Val Loss: 0.1004
16:56:14 -   [Epoch 27/50] Train Loss: 0.0526 | Val Loss: 0.0931
16:56:38 -   [Epoch 28/50] Train Loss: 0.0466 | Val Loss: 0.0963
16:57:05 -   [Epoch 29/50] Train Loss: 0.0481 | Val Loss: 0.0998
16:57:30 -   [Epoch 30/50] Train Loss: 0.0549 | Val Loss: 0.0784
16:57:53 -   [Epoch 31/50] Train Loss: 0.0490 | Val Loss: 0.0850
16:58:18 -   [Epoch 32/50] Train Loss: 0.0469 | Val Loss: 0.1057
16:58:42 -   [Epoch 33/50] Train Loss: 0.0457 | Val Loss: 0.0959
16:59:08 -   [Epoch 34/50] Train Loss: 0.0405 | Val Loss: 0.0981
16:59:36 -   [Epoch 35/50] Train Loss: 0.0399 | Val Loss: 0.1130
17:00:01 -   [Epoch 36/50] Train Loss: 0.0413 | Val Loss: 0.1083
17:00:25 -   [Epoch 37/50] Train Loss: 0.0421 | Val Loss: 0.1015
17:00:48 -   [Epoch 38/50] Train Loss: 0.0423 | Val Loss: 0.0887
17:01:13 -   [Epoch 39/50] Train Loss: 0.0395 | Val Loss: 0.0901
17:01:37 -   [Epoch 40/50] Train Loss: 0.0338 | Val Loss: 0.1139
17:02:03 -   [Epoch 41/50] Train Loss: 0.0363 | Val Loss: 0.1150
17:02:34 -   [Epoch 42/50] Train Loss: 0.0392 | Val Loss: 0.0977
17:03:05 -   [Epoch 43/50] Train Loss: 0.0364 | Val Loss: 0.0998
17:03:36 -   [Epoch 44/50] Train Loss: 0.0332 | Val Loss: 0.0936
17:04:01 -   [Epoch 45/50] Train Loss: 0.0362 | Val Loss: 0.1008
17:04:28 -   [Epoch 46/50] Train Loss: 0.0344 | Val Loss: 0.0966
17:04:55 -   [Epoch 47/50] Train Loss: 0.0322 | Val Loss: 0.1054
17:05:22 -   [Epoch 48/50] Train Loss: 0.0337 | Val Loss: 0.0987
17:05:48 -   [Epoch 49/50] Train Loss: 0.0338 | Val Loss: 0.0995
17:06:15 -   [Epoch 50/50] Train Loss: 0.0368 | Val Loss: 0.1018
17:06:19 - Fold 2 Best Val Loss: 0.0901 @ Epoch 39 | Val Pothole F1: 0.7573 | Val PR-AUC: 0.7620
17:06:19 - === Fold 3 ===
17:06:45 -   [Epoch 01/50] Train Loss: 0.1814 | Val Loss: 0.2193
17:07:11 -   [Epoch 02/50] Train Loss: 0.1517 | Val Loss: 0.1744
17:07:38 -   [Epoch 03/50] Train Loss: 0.1266 | Val Loss: 0.1562
17:08:04 -   [Epoch 04/50] Train Loss: 0.1183 | Val Loss: 0.1760
17:08:31 -   [Epoch 05/50] Train Loss: 0.0982 | Val Loss: 0.1421
17:08:57 -   [Epoch 06/50] Train Loss: 0.0966 | Val Loss: 0.1268
17:09:24 -   [Epoch 07/50] Train Loss: 0.0883 | Val Loss: 0.1723
17:09:49 -   [Epoch 08/50] Train Loss: 0.0854 | Val Loss: 0.1152
17:10:16 -   [Epoch 09/50] Train Loss: 0.0852 | Val Loss: 0.1362
17:10:49 -   [Epoch 10/50] Train Loss: 0.0826 | Val Loss: 0.1854
17:11:11 -   [Epoch 11/50] Train Loss: 0.0747 | Val Loss: 0.1399
17:11:34 -   [Epoch 12/50] Train Loss: 0.0696 | Val Loss: 0.1796
17:11:57 -   [Epoch 13/50] Train Loss: 0.0728 | Val Loss: 0.1581
17:12:21 -   [Epoch 14/50] Train Loss: 0.0699 | Val Loss: 0.1285
17:12:45 -   [Epoch 15/50] Train Loss: 0.0665 | Val Loss: 0.1692
17:13:10 -   [Epoch 16/50] Train Loss: 0.0635 | Val Loss: 0.1499
17:13:36 -   [Epoch 17/50] Train Loss: 0.0617 | Val Loss: 0.2000
17:14:02 -   [Epoch 18/50] Train Loss: 0.0560 | Val Loss: 0.1189
17:14:27 -   [Epoch 19/50] Train Loss: 0.0615 | Val Loss: 0.1408
17:14:53 -   [Epoch 20/50] Train Loss: 0.0527 | Val Loss: 0.1529
17:15:22 -   [Epoch 21/50] Train Loss: 0.0477 | Val Loss: 0.1259
17:15:48 -   [Epoch 22/50] Train Loss: 0.0555 | Val Loss: 0.1308
17:16:13 -   [Epoch 23/50] Train Loss: 0.0449 | Val Loss: 0.1642
17:16:39 -   [Epoch 24/50] Train Loss: 0.0457 | Val Loss: 0.1340
17:17:05 -   [Epoch 25/50] Train Loss: 0.0463 | Val Loss: 0.1257
17:17:33 -   [Epoch 26/50] Train Loss: 0.0388 | Val Loss: 0.1246
17:17:59 -   [Epoch 27/50] Train Loss: 0.0397 | Val Loss: 0.1322
17:18:24 -   [Epoch 28/50] Train Loss: 0.0450 | Val Loss: 0.1196
17:18:50 -   [Epoch 29/50] Train Loss: 0.0384 | Val Loss: 0.1511
17:19:16 -   [Epoch 30/50] Train Loss: 0.0402 | Val Loss: 0.1575
17:19:42 -   [Epoch 31/50] Train Loss: 0.0403 | Val Loss: 0.1581
17:20:07 -   [Epoch 32/50] Train Loss: 0.0343 | Val Loss: 0.1396
17:20:31 -   [Epoch 33/50] Train Loss: 0.0393 | Val Loss: 0.1328
17:20:57 -   [Epoch 34/50] Train Loss: 0.0324 | Val Loss: 0.1446
17:21:24 -   [Epoch 35/50] Train Loss: 0.0312 | Val Loss: 0.1316
17:21:51 -   [Epoch 36/50] Train Loss: 0.0306 | Val Loss: 0.1355
17:22:20 -   [Epoch 37/50] Train Loss: 0.0321 | Val Loss: 0.1384
17:22:47 -   [Epoch 38/50] Train Loss: 0.0321 | Val Loss: 0.1642
17:23:13 -   [Epoch 39/50] Train Loss: 0.0276 | Val Loss: 0.1356
17:23:39 -   [Epoch 40/50] Train Loss: 0.0221 | Val Loss: 0.1324
17:24:11 -   [Epoch 41/50] Train Loss: 0.0303 | Val Loss: 0.1483
17:24:40 -   [Epoch 42/50] Train Loss: 0.0262 | Val Loss: 0.1304
17:25:06 -   [Epoch 43/50] Train Loss: 0.0266 | Val Loss: 0.1358
17:25:42 -   [Epoch 44/50] Train Loss: 0.0252 | Val Loss: 0.1495
17:26:10 -   [Epoch 45/50] Train Loss: 0.0254 | Val Loss: 0.1425
17:26:41 -   [Epoch 46/50] Train Loss: 0.0294 | Val Loss: 0.1387
17:27:09 -   [Epoch 47/50] Train Loss: 0.0278 | Val Loss: 0.1404
17:27:38 -   [Epoch 48/50] Train Loss: 0.0277 | Val Loss: 0.1432
17:28:15 -   [Epoch 49/50] Train Loss: 0.0238 | Val Loss: 0.1408
17:28:42 -   [Epoch 50/50] Train Loss: 0.0283 | Val Loss: 0.1413
17:28:45 - Fold 3 Best Val Loss: 0.1196 @ Epoch 28 | Val Pothole F1: 0.5170 | Val PR-AUC: 0.6343
17:28:45 - Average Pothole F1: 0.5841 | Average PR-AUC: 0.6638
17:28:45 - Best epochs per fold: [25, 39, 28] | Optimal Epoch Average: 31
17:28:46 - Confusion matrix disimpan di D:\VSCode Data\Road Detection - Project Skripsi\ml_pipelines\evaluation\reports\cnn_1d\cnn_1d_confusion_matrix_oof.png
17:28:46 - OOF predictions disimpan untuk analisis ulang.
17:28:46 - Saved final global scaler parameters to D:\VSCode Data\Road Detection - Project Skripsi\ml_pipelines\evaluation\models\cnn_1d\cnn_1d_scaler_params.json
17:28:46 - Melatih final model dengan seluruh dataset sebanyak 31 epoch...
17:49:51 - Model final PyTorch disimpan di D:\VSCode Data\Road Detection - Project Skripsi\ml_pipelines\evaluation\models\cnn_1d\cnn_1d_model.pth
17:49:51 - Mengevaluasi model final pada Holdout Test Set (30%)...
17:50:01 - Holdout Test confusion matrix disimpan di D:\VSCode Data\Road Detection - Project Skripsi\ml_pipelines\evaluation\reports\cnn_1d\cnn_1d_confusion_matrix_holdout.png
17:50:01 - ONNX export is now handled exclusively by export_onnx.py to ensure MobileInferenceWrapper is applied.
17:50:01 - Please run `python src/cnn_model/export_onnx.py` manually after training.
------------------------------------------------------------

============================================================
      OOF REPORT      
============================================================
              precision    recall  f1-score   support

   Non-Event       0.94      0.97      0.96      2674
     Pothole       0.67      0.57      0.61       252
  Speed Bump       0.87      0.64      0.74       184

    accuracy                           0.92      3110
   macro avg       0.83      0.73      0.77      3110
weighted avg       0.92      0.92      0.92      3110

------------------------------------------------------------
        CONFUSION MATRIX (Out-of-Fold)
------------------------------------------------------------
               Non-Event     Pothole  Speed Bump
------------------------------------------------
   Non-Event        2602          58          14
     Pothole         105         143           4
  Speed Bump          53          13         118
============================================================

============================================================
     HOLDOUT TEST     
============================================================
              precision    recall  f1-score   support

   Non-Event       0.97      0.99      0.98      1423
     Pothole       0.71      0.69      0.70        91
  Speed Bump       0.91      0.49      0.64        59

    accuracy                           0.95      1573
   macro avg       0.86      0.72      0.77      1573
weighted avg       0.95      0.95      0.95      1573

============================================================

