00:35:45 - No best_params.json found at D:\VSCode Data\Road Detection - Project Skripsi\ml_pipelines\src\cnn_model\-best_optuna_params.json. Using default parameters.
00:35:45 - Split Summary (Trip-Based):
00:35:45 -   Dev Set (80%): 11 trips, 3742 samples
00:35:45 -   Test Set (20%): 5 trips, 941 samples
00:35:45 - Using device: cpu
00:35:45 - === Fold 1 ===
00:36:08 -   [Epoch 01/50] Train Loss: 0.2489 | Val Loss: 0.1397 | Val Macro F1: 0.3868
00:36:27 -   [Epoch 02/50] Train Loss: 0.1682 | Val Loss: 0.1261 | Val Macro F1: 0.3224
00:36:47 -   [Epoch 03/50] Train Loss: 0.1412 | Val Loss: 0.1207 | Val Macro F1: 0.4165
00:37:04 -   [Epoch 04/50] Train Loss: 0.1212 | Val Loss: 0.0837 | Val Macro F1: 0.6426
00:37:19 -   [Epoch 05/50] Train Loss: 0.1103 | Val Loss: 0.0862 | Val Macro F1: 0.5727
00:37:34 -   [Epoch 06/50] Train Loss: 0.1041 | Val Loss: 0.1170 | Val Macro F1: 0.7177
00:37:48 -   [Epoch 07/50] Train Loss: 0.0934 | Val Loss: 0.0768 | Val Macro F1: 0.7157
00:38:02 -   [Epoch 08/50] Train Loss: 0.0934 | Val Loss: 0.0838 | Val Macro F1: 0.5665
00:38:16 -   [Epoch 09/50] Train Loss: 0.0854 | Val Loss: 0.0757 | Val Macro F1: 0.6996
00:38:31 -   [Epoch 10/50] Train Loss: 0.0829 | Val Loss: 0.0782 | Val Macro F1: 0.6777
00:38:45 -   [Epoch 11/50] Train Loss: 0.0793 | Val Loss: 0.0877 | Val Macro F1: 0.6340
00:38:57 -   [Epoch 12/50] Train Loss: 0.0812 | Val Loss: 0.0726 | Val Macro F1: 0.7033
00:39:10 -   [Epoch 13/50] Train Loss: 0.0750 | Val Loss: 0.0649 | Val Macro F1: 0.7697
00:39:24 -   [Epoch 14/50] Train Loss: 0.0761 | Val Loss: 0.0635 | Val Macro F1: 0.7058
00:39:40 -   [Epoch 15/50] Train Loss: 0.0732 | Val Loss: 0.0632 | Val Macro F1: 0.7467
00:39:54 -   [Epoch 16/50] Train Loss: 0.0685 | Val Loss: 0.0716 | Val Macro F1: 0.7421
00:40:08 -   [Epoch 17/50] Train Loss: 0.0654 | Val Loss: 0.0651 | Val Macro F1: 0.7729
00:40:23 -   [Epoch 18/50] Train Loss: 0.0628 | Val Loss: 0.0662 | Val Macro F1: 0.7786
00:40:35 -   [Epoch 19/50] Train Loss: 0.0638 | Val Loss: 0.0641 | Val Macro F1: 0.7794
00:40:48 -   [Epoch 20/50] Train Loss: 0.0618 | Val Loss: 0.0664 | Val Macro F1: 0.7670
00:41:01 -   [Epoch 21/50] Train Loss: 0.0625 | Val Loss: 0.0742 | Val Macro F1: 0.7398
00:41:13 -   [Epoch 22/50] Train Loss: 0.0651 | Val Loss: 0.0766 | Val Macro F1: 0.7199
00:41:26 -   [Epoch 23/50] Train Loss: 0.0558 | Val Loss: 0.0735 | Val Macro F1: 0.7447
00:41:38 -   [Epoch 24/50] Train Loss: 0.0555 | Val Loss: 0.0687 | Val Macro F1: 0.7812
00:41:51 -   [Epoch 25/50] Train Loss: 0.0563 | Val Loss: 0.0659 | Val Macro F1: 0.7876
00:42:03 -   [Epoch 26/50] Train Loss: 0.0564 | Val Loss: 0.0730 | Val Macro F1: 0.7408
00:42:15 -   [Epoch 27/50] Train Loss: 0.0543 | Val Loss: 0.0634 | Val Macro F1: 0.7910
00:42:28 -   [Epoch 28/50] Train Loss: 0.0545 | Val Loss: 0.0773 | Val Macro F1: 0.7632
00:42:41 -   [Epoch 29/50] Train Loss: 0.0616 | Val Loss: 0.0726 | Val Macro F1: 0.7686
00:42:53 -   [Epoch 30/50] Train Loss: 0.0554 | Val Loss: 0.0700 | Val Macro F1: 0.7824
00:43:05 -   [Epoch 31/50] Train Loss: 0.0539 | Val Loss: 0.0680 | Val Macro F1: 0.7561
00:43:18 -   [Epoch 32/50] Train Loss: 0.0463 | Val Loss: 0.0738 | Val Macro F1: 0.7736
00:43:31 -   [Epoch 33/50] Train Loss: 0.0527 | Val Loss: 0.0737 | Val Macro F1: 0.7718
00:43:43 -   [Epoch 34/50] Train Loss: 0.0490 | Val Loss: 0.0725 | Val Macro F1: 0.7693
00:43:56 -   [Epoch 35/50] Train Loss: 0.0481 | Val Loss: 0.0707 | Val Macro F1: 0.7549
00:44:09 -   [Epoch 36/50] Train Loss: 0.0494 | Val Loss: 0.0681 | Val Macro F1: 0.7727
00:44:21 -   [Epoch 37/50] Train Loss: 0.0436 | Val Loss: 0.0745 | Val Macro F1: 0.7806
00:44:33 -   [Epoch 38/50] Train Loss: 0.0481 | Val Loss: 0.0714 | Val Macro F1: 0.7589
00:44:45 -   [Epoch 39/50] Train Loss: 0.0481 | Val Loss: 0.0689 | Val Macro F1: 0.7756
00:44:58 -   [Epoch 40/50] Train Loss: 0.0469 | Val Loss: 0.0766 | Val Macro F1: 0.7957
00:45:10 -   [Epoch 41/50] Train Loss: 0.0487 | Val Loss: 0.0720 | Val Macro F1: 0.8069
00:45:22 -   [Epoch 42/50] Train Loss: 0.0455 | Val Loss: 0.0710 | Val Macro F1: 0.7781
00:45:35 -   [Epoch 43/50] Train Loss: 0.0414 | Val Loss: 0.0734 | Val Macro F1: 0.7636
00:45:47 -   [Epoch 44/50] Train Loss: 0.0502 | Val Loss: 0.0725 | Val Macro F1: 0.7668
00:45:59 -   [Epoch 45/50] Train Loss: 0.0444 | Val Loss: 0.0715 | Val Macro F1: 0.7800
00:46:11 -   [Epoch 46/50] Train Loss: 0.0446 | Val Loss: 0.0712 | Val Macro F1: 0.7673
00:46:24 -   [Epoch 47/50] Train Loss: 0.0474 | Val Loss: 0.0702 | Val Macro F1: 0.7783
00:46:36 -   [Epoch 48/50] Train Loss: 0.0480 | Val Loss: 0.0712 | Val Macro F1: 0.7719
00:46:49 -   [Epoch 49/50] Train Loss: 0.0465 | Val Loss: 0.0710 | Val Macro F1: 0.7902
00:47:01 -   [Epoch 50/50] Train Loss: 0.0461 | Val Loss: 0.0719 | Val Macro F1: 0.7769
00:47:02 - Fold 1 Best Val Loss: 0.0641 @ Epoch 19 | Val Pothole F1: 0.5299 | Val PR-AUC: 0.6261
00:47:02 - === Fold 2 ===
00:47:16 -   [Epoch 01/50] Train Loss: 0.3080 | Val Loss: 0.1577 | Val Macro F1: 0.3161
00:47:30 -   [Epoch 02/50] Train Loss: 0.1811 | Val Loss: 0.1375 | Val Macro F1: 0.3602
00:47:43 -   [Epoch 03/50] Train Loss: 0.1607 | Val Loss: 0.1137 | Val Macro F1: 0.4497
00:47:56 -   [Epoch 04/50] Train Loss: 0.1394 | Val Loss: 0.0930 | Val Macro F1: 0.5161
00:48:09 -   [Epoch 05/50] Train Loss: 0.1202 | Val Loss: 0.0920 | Val Macro F1: 0.5602
00:48:22 -   [Epoch 06/50] Train Loss: 0.1093 | Val Loss: 0.0716 | Val Macro F1: 0.7180
00:48:35 -   [Epoch 07/50] Train Loss: 0.1047 | Val Loss: 0.0711 | Val Macro F1: 0.6585
00:48:48 -   [Epoch 08/50] Train Loss: 0.0952 | Val Loss: 0.0788 | Val Macro F1: 0.6572
00:49:01 -   [Epoch 09/50] Train Loss: 0.0915 | Val Loss: 0.0631 | Val Macro F1: 0.7558
00:49:13 -   [Epoch 10/50] Train Loss: 0.0923 | Val Loss: 0.0654 | Val Macro F1: 0.7896
00:49:26 -   [Epoch 11/50] Train Loss: 0.0902 | Val Loss: 0.0633 | Val Macro F1: 0.7864
00:49:39 -   [Epoch 12/50] Train Loss: 0.0905 | Val Loss: 0.0611 | Val Macro F1: 0.7832
00:49:52 -   [Epoch 13/50] Train Loss: 0.0825 | Val Loss: 0.0874 | Val Macro F1: 0.6606
00:50:05 -   [Epoch 14/50] Train Loss: 0.0871 | Val Loss: 0.0698 | Val Macro F1: 0.7274
00:50:18 -   [Epoch 15/50] Train Loss: 0.0754 | Val Loss: 0.0588 | Val Macro F1: 0.7855
00:50:31 -   [Epoch 16/50] Train Loss: 0.0745 | Val Loss: 0.0734 | Val Macro F1: 0.7447
00:50:44 -   [Epoch 17/50] Train Loss: 0.0767 | Val Loss: 0.0634 | Val Macro F1: 0.7774
00:50:57 -   [Epoch 18/50] Train Loss: 0.0775 | Val Loss: 0.0510 | Val Macro F1: 0.8379
00:51:10 -   [Epoch 19/50] Train Loss: 0.0774 | Val Loss: 0.0528 | Val Macro F1: 0.8292
00:51:23 -   [Epoch 20/50] Train Loss: 0.0729 | Val Loss: 0.0592 | Val Macro F1: 0.7725
00:51:35 -   [Epoch 21/50] Train Loss: 0.0706 | Val Loss: 0.0504 | Val Macro F1: 0.8401
00:51:48 -   [Epoch 22/50] Train Loss: 0.0725 | Val Loss: 0.0707 | Val Macro F1: 0.7256
00:52:01 -   [Epoch 23/50] Train Loss: 0.0698 | Val Loss: 0.0581 | Val Macro F1: 0.7918
00:52:14 -   [Epoch 24/50] Train Loss: 0.0710 | Val Loss: 0.0500 | Val Macro F1: 0.8293
00:52:27 -   [Epoch 25/50] Train Loss: 0.0660 | Val Loss: 0.0724 | Val Macro F1: 0.7184
00:52:39 -   [Epoch 26/50] Train Loss: 0.0610 | Val Loss: 0.0475 | Val Macro F1: 0.8163
00:52:52 -   [Epoch 27/50] Train Loss: 0.0644 | Val Loss: 0.0489 | Val Macro F1: 0.8326
00:53:05 -   [Epoch 28/50] Train Loss: 0.0587 | Val Loss: 0.0596 | Val Macro F1: 0.8032
00:53:18 -   [Epoch 29/50] Train Loss: 0.0650 | Val Loss: 0.0754 | Val Macro F1: 0.7789
00:53:31 -   [Epoch 30/50] Train Loss: 0.0633 | Val Loss: 0.0559 | Val Macro F1: 0.8070
00:53:44 -   [Epoch 31/50] Train Loss: 0.0619 | Val Loss: 0.0563 | Val Macro F1: 0.8197
00:53:57 -   [Epoch 32/50] Train Loss: 0.0604 | Val Loss: 0.0553 | Val Macro F1: 0.7962
00:54:09 -   [Epoch 33/50] Train Loss: 0.0592 | Val Loss: 0.0628 | Val Macro F1: 0.8041
00:54:22 -   [Epoch 34/50] Train Loss: 0.0559 | Val Loss: 0.0636 | Val Macro F1: 0.7811
00:54:35 -   [Epoch 35/50] Train Loss: 0.0588 | Val Loss: 0.0564 | Val Macro F1: 0.8174
00:54:48 -   [Epoch 36/50] Train Loss: 0.0554 | Val Loss: 0.0542 | Val Macro F1: 0.8088
00:55:01 -   [Epoch 37/50] Train Loss: 0.0575 | Val Loss: 0.0503 | Val Macro F1: 0.8584
00:55:14 -   [Epoch 38/50] Train Loss: 0.0588 | Val Loss: 0.0523 | Val Macro F1: 0.8389
00:55:27 -   [Epoch 39/50] Train Loss: 0.0562 | Val Loss: 0.0562 | Val Macro F1: 0.8013
00:55:40 -   [Epoch 40/50] Train Loss: 0.0578 | Val Loss: 0.0546 | Val Macro F1: 0.8416
00:55:53 -   [Epoch 41/50] Train Loss: 0.0533 | Val Loss: 0.0565 | Val Macro F1: 0.8094
00:56:05 -   [Epoch 42/50] Train Loss: 0.0554 | Val Loss: 0.0521 | Val Macro F1: 0.8356
00:56:18 -   [Epoch 43/50] Train Loss: 0.0545 | Val Loss: 0.0537 | Val Macro F1: 0.8176
00:56:31 -   [Epoch 44/50] Train Loss: 0.0559 | Val Loss: 0.0575 | Val Macro F1: 0.8176
00:56:44 -   [Epoch 45/50] Train Loss: 0.0539 | Val Loss: 0.0567 | Val Macro F1: 0.8043
00:57:01 -   [Epoch 46/50] Train Loss: 0.0530 | Val Loss: 0.0565 | Val Macro F1: 0.8100
00:57:18 -   [Epoch 47/50] Train Loss: 0.0528 | Val Loss: 0.0581 | Val Macro F1: 0.8056
00:57:33 -   [Epoch 48/50] Train Loss: 0.0538 | Val Loss: 0.0571 | Val Macro F1: 0.8069
00:57:48 -   [Epoch 49/50] Train Loss: 0.0529 | Val Loss: 0.0539 | Val Macro F1: 0.8297
00:58:03 -   [Epoch 50/50] Train Loss: 0.0589 | Val Loss: 0.0555 | Val Macro F1: 0.8174
00:58:04 - Fold 2 Best Val Loss: 0.0489 @ Epoch 27 | Val Pothole F1: 0.7416 | Val PR-AUC: 0.8630
00:58:04 - === Fold 3 ===
00:58:18 -   [Epoch 01/50] Train Loss: 0.2351 | Val Loss: 0.1789 | Val Macro F1: 0.3482
00:58:32 -   [Epoch 02/50] Train Loss: 0.1517 | Val Loss: 0.1893 | Val Macro F1: 0.3210
00:58:45 -   [Epoch 03/50] Train Loss: 0.1338 | Val Loss: 0.1768 | Val Macro F1: 0.3050
00:58:59 -   [Epoch 04/50] Train Loss: 0.1114 | Val Loss: 0.1202 | Val Macro F1: 0.6360
00:59:14 -   [Epoch 05/50] Train Loss: 0.1031 | Val Loss: 0.1428 | Val Macro F1: 0.5982
00:59:29 -   [Epoch 06/50] Train Loss: 0.0991 | Val Loss: 0.1203 | Val Macro F1: 0.6596
00:59:44 -   [Epoch 07/50] Train Loss: 0.0920 | Val Loss: 0.1135 | Val Macro F1: 0.6982
01:00:02 -   [Epoch 08/50] Train Loss: 0.0890 | Val Loss: 0.1141 | Val Macro F1: 0.7014
01:00:16 -   [Epoch 09/50] Train Loss: 0.0915 | Val Loss: 0.1133 | Val Macro F1: 0.6566
01:00:30 -   [Epoch 10/50] Train Loss: 0.0847 | Val Loss: 0.1114 | Val Macro F1: 0.6907
01:00:43 -   [Epoch 11/50] Train Loss: 0.0830 | Val Loss: 0.1386 | Val Macro F1: 0.6344
01:00:57 -   [Epoch 12/50] Train Loss: 0.0834 | Val Loss: 0.1068 | Val Macro F1: 0.7018
01:01:10 -   [Epoch 13/50] Train Loss: 0.0779 | Val Loss: 0.1137 | Val Macro F1: 0.7033
01:01:24 -   [Epoch 14/50] Train Loss: 0.0751 | Val Loss: 0.1384 | Val Macro F1: 0.6132
01:01:38 -   [Epoch 15/50] Train Loss: 0.0766 | Val Loss: 0.1227 | Val Macro F1: 0.6230
01:01:51 -   [Epoch 16/50] Train Loss: 0.0752 | Val Loss: 0.1091 | Val Macro F1: 0.6855
01:02:05 -   [Epoch 17/50] Train Loss: 0.0701 | Val Loss: 0.0890 | Val Macro F1: 0.7399
01:02:19 -   [Epoch 18/50] Train Loss: 0.0702 | Val Loss: 0.1003 | Val Macro F1: 0.7451
01:02:33 -   [Epoch 19/50] Train Loss: 0.0661 | Val Loss: 0.1174 | Val Macro F1: 0.7073
01:02:47 -   [Epoch 20/50] Train Loss: 0.0685 | Val Loss: 0.0982 | Val Macro F1: 0.6708
01:03:01 -   [Epoch 21/50] Train Loss: 0.0684 | Val Loss: 0.0938 | Val Macro F1: 0.7207
01:03:15 -   [Epoch 22/50] Train Loss: 0.0673 | Val Loss: 0.1149 | Val Macro F1: 0.7274
01:03:29 -   [Epoch 23/50] Train Loss: 0.0622 | Val Loss: 0.1137 | Val Macro F1: 0.6784
01:03:43 -   [Epoch 24/50] Train Loss: 0.0615 | Val Loss: 0.1162 | Val Macro F1: 0.7252
01:03:56 -   [Epoch 25/50] Train Loss: 0.0563 | Val Loss: 0.1142 | Val Macro F1: 0.6977
01:04:10 -   [Epoch 26/50] Train Loss: 0.0589 | Val Loss: 0.1344 | Val Macro F1: 0.7041
01:04:24 -   [Epoch 27/50] Train Loss: 0.0584 | Val Loss: 0.1386 | Val Macro F1: 0.7005
01:04:38 -   [Epoch 28/50] Train Loss: 0.0526 | Val Loss: 0.1072 | Val Macro F1: 0.7339
01:04:51 -   [Epoch 29/50] Train Loss: 0.0545 | Val Loss: 0.1082 | Val Macro F1: 0.7274
01:05:06 -   [Epoch 30/50] Train Loss: 0.0561 | Val Loss: 0.1153 | Val Macro F1: 0.7150
01:05:19 -   [Epoch 31/50] Train Loss: 0.0481 | Val Loss: 0.1085 | Val Macro F1: 0.7609
01:05:33 -   [Epoch 32/50] Train Loss: 0.0516 | Val Loss: 0.1079 | Val Macro F1: 0.7872
01:05:47 -   [Epoch 33/50] Train Loss: 0.0498 | Val Loss: 0.1112 | Val Macro F1: 0.7769
01:06:00 -   [Epoch 34/50] Train Loss: 0.0573 | Val Loss: 0.1086 | Val Macro F1: 0.7653
01:06:14 -   [Epoch 35/50] Train Loss: 0.0551 | Val Loss: 0.1029 | Val Macro F1: 0.7745
01:06:28 -   [Epoch 36/50] Train Loss: 0.0490 | Val Loss: 0.1041 | Val Macro F1: 0.7762
01:06:42 -   [Epoch 37/50] Train Loss: 0.0497 | Val Loss: 0.1008 | Val Macro F1: 0.7623
01:06:55 -   [Epoch 38/50] Train Loss: 0.0498 | Val Loss: 0.1013 | Val Macro F1: 0.7846
01:07:09 -   [Epoch 39/50] Train Loss: 0.0514 | Val Loss: 0.1144 | Val Macro F1: 0.7504
01:07:23 -   [Epoch 40/50] Train Loss: 0.0473 | Val Loss: 0.1188 | Val Macro F1: 0.7553
01:07:37 -   [Epoch 41/50] Train Loss: 0.0500 | Val Loss: 0.0997 | Val Macro F1: 0.7903
01:07:51 -   [Epoch 42/50] Train Loss: 0.0475 | Val Loss: 0.1020 | Val Macro F1: 0.7874
01:08:05 -   [Epoch 43/50] Train Loss: 0.0466 | Val Loss: 0.1012 | Val Macro F1: 0.7847
01:08:19 -   [Epoch 44/50] Train Loss: 0.0479 | Val Loss: 0.1046 | Val Macro F1: 0.7836
01:08:33 -   [Epoch 45/50] Train Loss: 0.0450 | Val Loss: 0.1035 | Val Macro F1: 0.7786
01:08:47 -   [Epoch 46/50] Train Loss: 0.0486 | Val Loss: 0.1022 | Val Macro F1: 0.7834
01:09:01 -   [Epoch 47/50] Train Loss: 0.0489 | Val Loss: 0.1039 | Val Macro F1: 0.7724
01:09:15 -   [Epoch 48/50] Train Loss: 0.0467 | Val Loss: 0.0981 | Val Macro F1: 0.8003
01:09:29 -   [Epoch 49/50] Train Loss: 0.0457 | Val Loss: 0.1035 | Val Macro F1: 0.7854
01:09:43 -   [Epoch 50/50] Train Loss: 0.0480 | Val Loss: 0.1070 | Val Macro F1: 0.7737
01:09:45 - Fold 3 Best Val Loss: 0.0997 @ Epoch 41 | Val Pothole F1: 0.6240 | Val PR-AUC: 0.8050
01:09:45 - === Fold 4 ===
01:10:00 -   [Epoch 01/50] Train Loss: 0.1987 | Val Loss: 0.1975 | Val Macro F1: 0.3867
01:10:15 -   [Epoch 02/50] Train Loss: 0.1588 | Val Loss: 0.1647 | Val Macro F1: 0.3780
01:10:29 -   [Epoch 03/50] Train Loss: 0.1433 | Val Loss: 0.1500 | Val Macro F1: 0.3222
01:10:43 -   [Epoch 04/50] Train Loss: 0.1261 | Val Loss: 0.1574 | Val Macro F1: 0.5327
01:10:58 -   [Epoch 05/50] Train Loss: 0.1121 | Val Loss: 0.1359 | Val Macro F1: 0.6112
01:11:12 -   [Epoch 06/50] Train Loss: 0.1041 | Val Loss: 0.1280 | Val Macro F1: 0.6108
01:11:27 -   [Epoch 07/50] Train Loss: 0.0960 | Val Loss: 0.1315 | Val Macro F1: 0.6234
01:11:41 -   [Epoch 08/50] Train Loss: 0.0934 | Val Loss: 0.1247 | Val Macro F1: 0.5139
01:11:55 -   [Epoch 09/50] Train Loss: 0.0896 | Val Loss: 0.1019 | Val Macro F1: 0.6233
01:12:09 -   [Epoch 10/50] Train Loss: 0.0839 | Val Loss: 0.1086 | Val Macro F1: 0.5603
01:12:24 -   [Epoch 11/50] Train Loss: 0.0833 | Val Loss: 0.1044 | Val Macro F1: 0.6621
01:12:38 -   [Epoch 12/50] Train Loss: 0.0767 | Val Loss: 0.1016 | Val Macro F1: 0.6352
01:12:53 -   [Epoch 13/50] Train Loss: 0.0783 | Val Loss: 0.0919 | Val Macro F1: 0.7047
01:13:06 -   [Epoch 14/50] Train Loss: 0.0735 | Val Loss: 0.1056 | Val Macro F1: 0.5906
01:13:21 -   [Epoch 15/50] Train Loss: 0.0733 | Val Loss: 0.1143 | Val Macro F1: 0.6540
01:13:35 -   [Epoch 16/50] Train Loss: 0.0694 | Val Loss: 0.0945 | Val Macro F1: 0.6741
01:13:50 -   [Epoch 17/50] Train Loss: 0.0707 | Val Loss: 0.0925 | Val Macro F1: 0.6790
01:14:04 -   [Epoch 18/50] Train Loss: 0.0702 | Val Loss: 0.0897 | Val Macro F1: 0.7252
01:14:18 -   [Epoch 19/50] Train Loss: 0.0648 | Val Loss: 0.0975 | Val Macro F1: 0.6596
01:14:32 -   [Epoch 20/50] Train Loss: 0.0661 | Val Loss: 0.0965 | Val Macro F1: 0.6684
01:14:47 -   [Epoch 21/50] Train Loss: 0.0640 | Val Loss: 0.0836 | Val Macro F1: 0.7493
01:15:02 -   [Epoch 22/50] Train Loss: 0.0645 | Val Loss: 0.1092 | Val Macro F1: 0.7609
01:15:17 -   [Epoch 23/50] Train Loss: 0.0582 | Val Loss: 0.1023 | Val Macro F1: 0.7322
01:15:30 -   [Epoch 24/50] Train Loss: 0.0544 | Val Loss: 0.0901 | Val Macro F1: 0.7577
01:15:45 -   [Epoch 25/50] Train Loss: 0.0602 | Val Loss: 0.0945 | Val Macro F1: 0.7517
01:15:59 -   [Epoch 26/50] Train Loss: 0.0550 | Val Loss: 0.0944 | Val Macro F1: 0.7346
01:16:14 -   [Epoch 27/50] Train Loss: 0.0590 | Val Loss: 0.0875 | Val Macro F1: 0.7345
01:16:28 -   [Epoch 28/50] Train Loss: 0.0591 | Val Loss: 0.0837 | Val Macro F1: 0.7624
01:16:42 -   [Epoch 29/50] Train Loss: 0.0527 | Val Loss: 0.0903 | Val Macro F1: 0.7273
01:16:56 -   [Epoch 30/50] Train Loss: 0.0536 | Val Loss: 0.0877 | Val Macro F1: 0.7890
01:17:11 -   [Epoch 31/50] Train Loss: 0.0508 | Val Loss: 0.0899 | Val Macro F1: 0.7421
01:17:25 -   [Epoch 32/50] Train Loss: 0.0536 | Val Loss: 0.0934 | Val Macro F1: 0.7143
01:17:40 -   [Epoch 33/50] Train Loss: 0.0501 | Val Loss: 0.0865 | Val Macro F1: 0.7426
01:17:54 -   [Epoch 34/50] Train Loss: 0.0535 | Val Loss: 0.0869 | Val Macro F1: 0.7301
01:18:09 -   [Epoch 35/50] Train Loss: 0.0481 | Val Loss: 0.0831 | Val Macro F1: 0.7707
01:18:24 -   [Epoch 36/50] Train Loss: 0.0488 | Val Loss: 0.0930 | Val Macro F1: 0.7236
01:18:39 -   [Epoch 37/50] Train Loss: 0.0475 | Val Loss: 0.0948 | Val Macro F1: 0.7588
01:18:53 -   [Epoch 38/50] Train Loss: 0.0498 | Val Loss: 0.0893 | Val Macro F1: 0.7556
01:19:07 -   [Epoch 39/50] Train Loss: 0.0444 | Val Loss: 0.0917 | Val Macro F1: 0.7287
01:19:22 -   [Epoch 40/50] Train Loss: 0.0454 | Val Loss: 0.0877 | Val Macro F1: 0.7557
01:19:36 -   [Epoch 41/50] Train Loss: 0.0461 | Val Loss: 0.0892 | Val Macro F1: 0.7474
01:19:51 -   [Epoch 42/50] Train Loss: 0.0473 | Val Loss: 0.0884 | Val Macro F1: 0.7511
01:20:05 -   [Epoch 43/50] Train Loss: 0.0440 | Val Loss: 0.0879 | Val Macro F1: 0.7426
01:20:19 -   [Epoch 44/50] Train Loss: 0.0437 | Val Loss: 0.0886 | Val Macro F1: 0.7517
01:20:34 -   [Epoch 45/50] Train Loss: 0.0452 | Val Loss: 0.0888 | Val Macro F1: 0.7566
01:20:48 -   [Epoch 46/50] Train Loss: 0.0447 | Val Loss: 0.0887 | Val Macro F1: 0.7525
01:21:03 -   [Epoch 47/50] Train Loss: 0.0471 | Val Loss: 0.0881 | Val Macro F1: 0.7525
01:21:17 -   [Epoch 48/50] Train Loss: 0.0417 | Val Loss: 0.0885 | Val Macro F1: 0.7563
01:21:32 -   [Epoch 49/50] Train Loss: 0.0421 | Val Loss: 0.0888 | Val Macro F1: 0.7568
01:21:46 -   [Epoch 50/50] Train Loss: 0.0421 | Val Loss: 0.0893 | Val Macro F1: 0.7515
01:21:47 - Fold 4 Best Val Loss: 0.0831 @ Epoch 35 | Val Pothole F1: 0.6188 | Val PR-AUC: 0.6382
01:21:47 - Average Pothole F1: 0.6286 | Average PR-AUC: 0.7331
01:21:47 - Best epochs per fold: [19, 27, 41, 35] | Optimal Epoch Average: 30
01:21:48 - Confusion matrix disimpan di D:\VSCode Data\Road Detection - Project Skripsi\ml_pipelines\evaluation\reports\cnn_1d\cnn_1d_confusion_matrix_oof.png
01:21:48 - OOF predictions disimpan untuk analisis ulang.
01:21:48 - Saved final global scaler parameters to D:\VSCode Data\Road Detection - Project Skripsi\ml_pipelines\evaluation\models\cnn_1d\cnn_1d_scaler_params.json
01:21:48 - Melatih final model dengan seluruh dataset sebanyak 30 epoch...
01:34:04 - Model final PyTorch disimpan di D:\VSCode Data\Road Detection - Project Skripsi\ml_pipelines\evaluation\models\cnn_1d\cnn_1d_model.pth
01:34:04 - Mengevaluasi model final pada Holdout Test Set (20%)...
01:34:06 - Holdout Test confusion matrix disimpan di D:\VSCode Data\Road Detection - Project Skripsi\ml_pipelines\evaluation\reports\cnn_1d\cnn_1d_confusion_matrix_holdout.png
01:34:06 - ONNX export is now handled exclusively by export_onnx.py to ensure MobileInferenceWrapper is applied.
01:34:06 - Please run `python src/cnn_model/export_onnx.py` manually after training.
------------------------------------------------------------

============================================================
      OOF REPORT      
============================================================
              precision    recall  f1-score   support

   Non-Event       0.94      0.98      0.96      3254
     Pothole       0.71      0.55      0.62       287
  Speed Bump       0.90      0.64      0.75       201

    accuracy                           0.93      3742
   macro avg       0.85      0.73      0.78      3742
weighted avg       0.92      0.93      0.92      3742

------------------------------------------------------------
        CONFUSION MATRIX (Out-of-Fold)
------------------------------------------------------------
               Non-Event     Pothole  Speed Bump
------------------------------------------------
   Non-Event        3188          54          12
     Pothole         126         159           2
  Speed Bump          60          12         129
============================================================

============================================================
     HOLDOUT TEST     
============================================================
              precision    recall  f1-score   support

   Non-Event       0.96      0.99      0.97       843
     Pothole       0.88      0.54      0.67        56
  Speed Bump       0.82      0.67      0.74        42

    accuracy                           0.95       941
   macro avg       0.89      0.73      0.79       941
weighted avg       0.95      0.95      0.94       941

============================================================

