------------------------------------------------------------

Out-of-Fold Classification Report (Default Argmax):
              precision    recall  f1-score   support

   Non-Event       0.96      0.92      0.94      2605
     Pothole       0.47      0.74      0.58       251
  Speed Bump       0.53      0.45      0.48       157

    accuracy                           0.88      3013
   macro avg       0.65      0.70      0.67      3013
weighted avg       0.90      0.88      0.89      3013


============================================================
     HOLDOUT TEST — DEFAULT ARGMAX (Primary Metric)     
============================================================
              precision    recall  f1-score   support

   Non-Event       0.97      0.98      0.97      1337
     Pothole       0.76      0.52      0.61        91
  Speed Bump       0.61      0.67      0.64        70

    accuracy                           0.94      1498
   macro avg       0.78      0.72      0.74      1498
weighted avg       0.94      0.94      0.94      1498

============================================================

